ARM Linker, RVCT4.0 [Build 728] [Standard]

==============================================================================

Section Cross References

    main.o(i.Delay) refers to main.o(.data) for LocalTime
    main.o(i.InitTIM) refers to stm32f10x_rcc.o(i.RCC_APB1PeriphClockCmd) for RCC_APB1PeriphClockCmd
    main.o(i.InitTIM) refers to stm32f10x_tim.o(i.TIM_ARRPreloadConfig) for TIM_ARRPreloadConfig
    main.o(i.InitTIM) refers to misc.o(i.NVIC_PriorityGroupConfig) for NVIC_PriorityGroupConfig
    main.o(i.InitTIM) refers to misc.o(i.NVIC_Init) for NVIC_Init
    main.o(i.InitTIM) refers to stm32f10x_tim.o(i.TIM_ClearITPendingBit) for TIM_ClearITPendingBit
    main.o(i.InitTIM) refers to stm32f10x_tim.o(i.TIM_ITConfig) for TIM_ITConfig
    main.o(i.InitTIM) refers to stm32f10x_tim.o(i.TIM_Cmd) for TIM_Cmd
    main.o(i.InitTIM) refers to stm32f10x_tim.o(i.TIM_TimeBaseInit) for TIM_TimeBaseInit
    main.o(i.InitTIM) refers to stm32f10x_tim.o(i.TIM_SetCounter) for TIM_SetCounter
    main.o(i.TIM2_IRQHandler) refers to stm32f10x_tim.o(i.TIM_GetITStatus) for TIM_GetITStatus
    main.o(i.TIM2_IRQHandler) refers to stm32f10x_tim.o(i.TIM_ClearFlag) for TIM_ClearFlag
    main.o(i.TIM2_IRQHandler) refers to stm32f10x_tim.o(i.TIM_ClearITPendingBit) for TIM_ClearITPendingBit
    main.o(i.TIM2_IRQHandler) refers to main.o(.data) for LocalTime
    main.o(i.main) refers to stm32f107.o(i.System_Setup) for System_Setup
    main.o(i.main) refers to main.o(i.InitTIM) for InitTIM
    main.o(i.main) refers to filesystem.o(i.FileSystemInit) for FileSystemInit
    main.o(i.main) refers to filesystem.o(i.FileSystemThread) for FileSystemThread
    main.o(i.main) refers to netconf.o(i.LwIP_Init) for LwIP_Init
    main.o(i.main) refers to netbios.o(i.netbios_init) for netbios_init
    main.o(i.main) refers to tftpserver.o(i.tftpd_init) for tftpd_init
    main.o(i.main) refers to client_tcpudp.o(i.tcp_sever_test) for tcp_sever_test
    main.o(i.main) refers to httpd.o(i.httpd_init) for httpd_init
    main.o(i.main) refers to snmp_app.o(i.my_smtp_test) for my_smtp_test
    main.o(i.main) refers to ds18b20srom.o(i.TemperatureThread) for TemperatureThread
    main.o(i.main) refers to client_tcpudp.o(i.TcpTestThread) for TcpTestThread
    main.o(i.main) refers to client_tcpudp.o(i.SendDataToSever) for SendDataToSever
    main.o(i.main) refers to client_tcpudp.o(i.UDPSendData) for UDPSendData
    main.o(i.main) refers to netconf.o(i.LwIP_Periodic_Handle) for LwIP_Periodic_Handle
    main.o(i.main) refers to main.o(.data) for LocalTime
    netconf.o(i.LwIP_Init) refers to mem.o(i.mem_init) for mem_init
    netconf.o(i.LwIP_Init) refers to memp.o(i.memp_init) for memp_init
    netconf.o(i.LwIP_Init) refers to ethernetif.o(i.Set_MAC_Address) for Set_MAC_Address
    netconf.o(i.LwIP_Init) refers to netif.o(i.netif_add) for netif_add
    netconf.o(i.LwIP_Init) refers to netif.o(i.netif_set_default) for netif_set_default
    netconf.o(i.LwIP_Init) refers to netif.o(i.netif_set_up) for netif_set_up
    netconf.o(i.LwIP_Init) refers to netconf.o(.data) for macaddress
    netconf.o(i.LwIP_Init) refers to etharp.o(i.ethernet_input) for ethernet_input
    netconf.o(i.LwIP_Init) refers to ethernetif.o(i.ethernetif_init) for ethernetif_init
    netconf.o(i.LwIP_Init) refers to netconf.o(.bss) for netif
    netconf.o(i.LwIP_Periodic_Handle) refers to ethernetif.o(i.ETH_Recive_Poll) for ETH_Recive_Poll
    netconf.o(i.LwIP_Periodic_Handle) refers to tcp.o(i.tcp_tmr) for tcp_tmr
    netconf.o(i.LwIP_Periodic_Handle) refers to tftpserver.o(i.TftpTrm250ms) for TftpTrm250ms
    netconf.o(i.LwIP_Periodic_Handle) refers to etharp.o(i.etharp_tmr) for etharp_tmr
    netconf.o(i.LwIP_Periodic_Handle) refers to netconf.o(.data) for TCPTimer
    netconf.o(i.LwIP_Pkt_Handle) refers to ethernetif.o(i.ethernetif_input) for ethernetif_input
    netconf.o(i.LwIP_Pkt_Handle) refers to netconf.o(.bss) for netif
    stm32f10x_it.o(i.ETH_IRQHandler) refers to ethernetif.o(i.Read_Eth_Packet) for Read_Eth_Packet
    stm32f10x_it.o(i.ETH_IRQHandler) refers to stm32_eth.o(i.ETH_GetRxPktSize) for ETH_GetRxPktSize
    stm32f10x_it.o(i.ETH_IRQHandler) refers to stm32_eth.o(i.ETH_DMAClearITPendingBit) for ETH_DMAClearITPendingBit
    stm32f10x_it.o(i.HardFault_Handler) refers to stm32f10x_it.o(.emb_text) for wait
    stm32f10x_it.o(i.SysTick_Handler) refers to main.o(i.Time_Update) for Time_Update
    stm32f107.o(i.ADC_Configuration) refers to stm32f10x_adc.o(i.ADC_Init) for ADC_Init
    stm32f107.o(i.ADC_Configuration) refers to stm32f10x_adc.o(i.ADC_RegularChannelConfig) for ADC_RegularChannelConfig
    stm32f107.o(i.ADC_Configuration) refers to stm32f10x_adc.o(i.ADC_Cmd) for ADC_Cmd
    stm32f107.o(i.ADC_Configuration) refers to stm32f10x_adc.o(i.ADC_SoftwareStartConvCmd) for ADC_SoftwareStartConvCmd
    stm32f107.o(i.Ethernet_Configuration) refers to stm32f10x_gpio.o(i.GPIO_ETH_MediaInterfaceConfig) for GPIO_ETH_MediaInterfaceConfig
[...]
    file_fwrite                              0x08004a19   Thumb Code   352  file.o(i.file_fwrite)
    file_getAttr                             0x08004b79   Thumb Code    14  file.o(i.file_getAttr)
    file_initFile                            0x08004b87   Thumb Code    50  file.o(i.file_initFile)
    file_normalToFatName                     0x08004bb9   Thumb Code   150  file.o(i.file_normalToFatName)
    file_read                                0x08004c4f   Thumb Code    36  file.o(i.file_read)
    file_requiredCluster                     0x08004c73   Thumb Code   110  file.o(i.file_requiredCluster)
    file_setAttr                             0x08004ce1   Thumb Code    36  file.o(i.file_setAttr)
    file_setpos                              0x08004d05   Thumb Code    20  file.o(i.file_setpos)
    file_validateChar                        0x08004d19   Thumb Code    68  file.o(i.file_validateChar)
    file_write                               0x08004d5d   Thumb Code    36  file.o(i.file_write)
    fs_bytes_left                            0x08004d81   Thumb Code    10  fs_lwip.o(i.fs_bytes_left)
    fs_clearCluster                          0x08004d8b   Thumb Code    70  fs.o(i.fs_clearCluster)
    fs_close                                 0x08004dd1   Thumb Code     2  fs_lwip.o(i.fs_close)
    fs_clusterToSector                       0x08004dd3   Thumb Code    56  fs.o(i.fs_clusterToSector)
    fs_countDataSectors                      0x08004e0b   Thumb Code    88  fs.o(i.fs_countDataSectors)
    fs_determineFatType                      0x08004e63   Thumb Code    52  fs.o(i.fs_determineFatType)
    fs_findFile                              0x08004e97   Thumb Code   208  fs.o(i.fs_findFile)
    fs_findFirstSectorRootDir                0x08004f67   Thumb Code    46  fs.o(i.fs_findFirstSectorRootDir)
    fs_findFreeFile                          0x08004f95   Thumb Code   112  fs.o(i.fs_findFreeFile)
    fs_flushFs                               0x08005005   Thumb Code    16  fs.o(i.fs_flushFs)
    fs_getFirstClusterRootDir                0x08005015   Thumb Code    18  fs.o(i.fs_getFirstClusterRootDir)
    fs_getLastCluster                        0x08005027   Thumb Code    60  fs.o(i.fs_getLastCluster)
    fs_getNextFreeCluster                    0x08005063   Thumb Code    38  fs.o(i.fs_getNextFreeCluster)
    fs_giveFreeClusterHint                   0x08005089   Thumb Code     6  fs.o(i.fs_giveFreeClusterHint)
    fs_hasTimeSupport                        0x0800508f   Thumb Code     4  time.o(i.fs_hasTimeSupport)
    fs_initClusterChain                      0x08005093   Thumb Code    16  fs.o(i.fs_initClusterChain)
    fs_initCurrentDir                        0x080050a3   Thumb Code    14  fs.o(i.fs_initCurrentDir)
    fs_initFs                                0x080050b1   Thumb Code    72  fs.o(i.fs_initFs)
    fs_isValidFat                            0x080050f9   Thumb Code    50  fs.o(i.fs_isValidFat)
    fs_loadVolumeId                          0x0800512b   Thumb Code   116  fs.o(i.fs_loadVolumeId)
    fs_open                                  0x080051a1   Thumb Code    64  fs_lwip.o(i.fs_open)
    fs_setFirstClusterInDirEntry             0x080051e5   Thumb Code     8  fs.o(i.fs_setFirstClusterInDirEntry)
    fs_umount                                0x080051ed   Thumb Code    12  fs.o(i.fs_umount)
    fs_verifySanity                          0x080051f9   Thumb Code   178  fs.o(i.fs_verifySanity)
    get_spi_BaudRatePrescaler                0x080052ab   Thumb Code     6  sd.o(i.get_spi_BaudRatePrescaler)
    httpd_init                               0x08005a91   Thumb Code    10  httpd.o(i.httpd_init)
    icmp_dest_unreach                        0x08005b01   Thumb Code    18  icmp.o(i.icmp_dest_unreach)
    icmp_input                               0x08005b15   Thumb Code   552  icmp.o(i.icmp_input)
    icmp_time_exceeded                       0x08005de1   Thumb Code    18  icmp.o(i.icmp_time_exceeded)
    if_initInterface                         0x08005df3   Thumb Code    76  sd_stm32.o(i.if_initInterface)
    if_readBuf                               0x08005e3f   Thumb Code    24  sd_stm32.o(i.if_readBuf)
    if_spiInit                               0x08005e59   Thumb Code    38  sd_stm32.o(i.if_spiInit)
    if_spiSend                               0x08005e85   Thumb Code    70  sd_stm32.o(i.if_spiSend)
    if_writeBuf                              0x08005ed5   Thumb Code    20  sd_stm32.o(i.if_writeBuf)
    inet_chksum                              0x08005ee9   Thumb Code    20  inet_chksum.o(i.inet_chksum)
    inet_chksum_pbuf                         0x08005efd   Thumb Code    86  inet_chksum.o(i.inet_chksum_pbuf)
    inet_chksum_pseudo                       0x08005f53   Thumb Code   190  inet_chksum.o(i.inet_chksum_pseudo)
    ioman_decUseCnt                          0x08006011   Thumb Code    40  ioman.o(i.ioman_decUseCnt)
    ioman_directSectorRead                   0x08006039   Thumb Code   134  ioman.o(i.ioman_directSectorRead)
    ioman_directSectorWrite                  0x080060bf   Thumb Code   168  ioman.o(i.ioman_directSectorWrite)
    ioman_findFreeSpot                       0x08006167   Thumb Code    40  ioman.o(i.ioman_findFreeSpot)
    ioman_findOverallocableSpot              0x0800618f   Thumb Code   116  ioman.o(i.ioman_findOverallocableSpot)
    ioman_findSectorInCache                  0x08006203   Thumb Code    54  ioman.o(i.ioman_findSectorInCache)
    ioman_findUnusedSpot                     0x08006239   Thumb Code   146  ioman.o(i.ioman_findUnusedSpot)
    ioman_flushRange                         0x080062cb   Thumb Code   110  ioman.o(i.ioman_flushRange)
    ioman_flushSector                        0x08006339   Thumb Code    96  ioman.o(i.ioman_flushSector)
    ioman_getAttr                            0x08006399   Thumb Code    32  ioman.o(i.ioman_getAttr)
    ioman_getBp                              0x080063b9   Thumb Code    46  ioman.o(i.ioman_getBp)
    ioman_getBuffer                          0x080063e7   Thumb Code     8  ioman.o(i.ioman_getBuffer)
    ioman_getPtr                             0x080063ef   Thumb Code    24  ioman.o(i.ioman_getPtr)
    ioman_getRefCnt                          0x08006407   Thumb Code    24  ioman.o(i.ioman_getRefCnt)
    ioman_getSector                          0x0800641f   Thumb Code   324  ioman.o(i.ioman_getSector)
    ioman_getUseCnt                          0x08006563   Thumb Code    24  ioman.o(i.ioman_getUseCnt)
    ioman_incRefCnt                          0x0800657b   Thumb Code    42  ioman.o(i.ioman_incRefCnt)
    ioman_incUseCnt                          0x080065a5   Thumb Code    42  ioman.o(i.ioman_incUseCnt)
    ioman_init                               0x080065cf   Thumb Code    36  ioman.o(i.ioman_init)
    ioman_pop                                0x080065f3   Thumb Code   128  ioman.o(i.ioman_pop)
    ioman_push                               0x08006673   Thumb Code   120  ioman.o(i.ioman_push)
    ioman_putSectorInCache                   0x080066eb   Thumb Code    76  ioman.o(i.ioman_putSectorInCache)
    ioman_readSector                         0x08006737   Thumb Code    46  ioman.o(i.ioman_readSector)
    ioman_releaseSector                      0x08006765   Thumb Code    90  ioman.o(i.ioman_releaseSector)
    ioman_reset                              0x080067bf   Thumb Code   122  ioman.o(i.ioman_reset)
    ioman_resetCacheItem                     0x08006839   Thumb Code    36  ioman.o(i.ioman_resetCacheItem)
    ioman_setAttr                            0x0800685d   Thumb Code    56  ioman.o(i.ioman_setAttr)
    ioman_writeSector                        0x08006895   Thumb Code    48  ioman.o(i.ioman_writeSector)
    ip4_addr_isbroadcast                     0x080068c5   Thumb Code    78  ip_addr.o(i.ip4_addr_isbroadcast)
    ip_frag                                  0x08006915   Thumb Code   438  ip_frag.o(i.ip_frag)
    ip_input                                 0x08006af9   Thumb Code   544  ip.o(i.ip_input)
    ip_output                                0x08006d31   Thumb Code    88  ip.o(i.ip_output)
    ip_output_if                             0x08006d8d   Thumb Code   352  ip.o(i.ip_output_if)
    ip_reass                                 0x08006ef5   Thumb Code   448  ip_frag.o(i.ip_reass)
    ip_route                                 0x08007455   Thumb Code    92  ip.o(i.ip_route)
    ipaddr_aton                              0x080074bd   Thumb Code   402  ip_addr.o(i.ipaddr_aton)
    ls_openDir                               0x08007789   Thumb Code    68  ls.o(i.ls_openDir)
    lwip_htonl                               0x080077cd   Thumb Code    26  def.o(i.lwip_htonl)
    lwip_htons                               0x080077e7   Thumb Code    12  def.o(i.lwip_htons)
    lwip_ntohl                               0x080077f3   Thumb Code    12  def.o(i.lwip_ntohl)
    lwip_ntohs                               0x080077ff   Thumb Code    12  def.o(i.lwip_ntohs)
    main                                     0x08007869   Thumb Code    88  main.o(i.main)
    memClr                                   0x080078e1   Thumb Code    18  plibc.o(i.memClr)
    memCpy                                   0x080078f3   Thumb Code    24  plibc.o(i.memCpy)
    mem_free                                 0x0800790d   Thumb Code   154  mem.o(i.mem_free)
    mem_init                                 0x080079b1   Thumb Code    90  mem.o(i.mem_init)
    mem_malloc                               0x08007a19   Thumb Code   420  mem.o(i.mem_malloc)
    mem_trim                                 0x08007bc5   Thumb Code   402  mem.o(i.mem_trim)
    memp_free                                0x08007d61   Thumb Code    80  memp.o(i.memp_free)
    memp_init                                0x08007dbd   Thumb Code   144  memp.o(i.memp_init)
    memp_malloc                              0x08007e59   Thumb Code   184  memp.o(i.memp_malloc)
    my_smtp_result_fn                        0x08007f49   Thumb Code    64  snmp_app.o(i.my_smtp_result_fn)
    my_smtp_test                             0x08007f8d   Thumb Code    60  snmp_app.o(i.my_smtp_test)
    netbios_init                             0x08008021   Thumb Code    46  netbios.o(i.netbios_init)
    netif_add                                0x080081e9   Thumb Code   110  netif.o(i.netif_add)
    netif_set_addr                           0x08008261   Thumb Code    40  netif.o(i.netif_set_addr)
    netif_set_default                        0x08008289   Thumb Code     6  netif.o(i.netif_set_default)
    netif_set_gw                             0x08008295   Thumb Code    12  netif.o(i.netif_set_gw)
    netif_set_ipaddr                         0x080082a1   Thumb Code   128  netif.o(i.netif_set_ipaddr)
    netif_set_netmask                        0x08008329   Thumb Code    12  netif.o(i.netif_set_netmask)
    netif_set_up                             0x08008335   Thumb Code    54  netif.o(i.netif_set_up)
    part_directSectorRead                    0x0800836b   Thumb Code    36  partition.o(i.part_directSectorRead)
    part_directSectorWrite                   0x0800838f   Thumb Code    36  partition.o(i.part_directSectorWrite)
    part_flushPart                           0x080083b3   Thumb Code    46  partition.o(i.part_flushPart)
    part_getRealLBA                          0x080083e1   Thumb Code    20  partition.o(i.part_getRealLBA)
    part_getSect                             0x080083f5   Thumb Code    36  partition.o(i.part_getSect)
    part_initPartition                       0x08008419   Thumb Code    46  partition.o(i.part_initPartition)
    part_isFatPart                           0x08008447   Thumb Code    38  partition.o(i.part_isFatPart)
    part_relSect                             0x0800846d   Thumb Code    18  partition.o(i.part_relSect)
    pbuf_alloc                               0x0800847f   Thumb Code   530  pbuf.o(i.pbuf_alloc)
    pbuf_alloced_custom                      0x08008691   Thumb Code   110  pbuf.o(i.pbuf_alloced_custom)
    pbuf_cat                                 0x080086ff   Thumb Code    76  pbuf.o(i.pbuf_cat)
    pbuf_chain                               0x0800874b   Thumb Code    22  pbuf.o(i.pbuf_chain)
    pbuf_clen                                0x08008761   Thumb Code    18  pbuf.o(i.pbuf_clen)
    pbuf_copy                                0x08008773   Thumb Code   228  pbuf.o(i.pbuf_copy)
    pbuf_copy_partial                        0x08008857   Thumb Code   154  pbuf.o(i.pbuf_copy_partial)
    pbuf_free                                0x080088f1   Thumb Code   186  pbuf.o(i.pbuf_free)
    pbuf_get_at                              0x080089ab   Thumb Code    44  pbuf.o(i.pbuf_get_at)
    pbuf_header                              0x080089d7   Thumb Code   140  pbuf.o(i.pbuf_header)
    pbuf_memcmp                              0x08008a63   Thumb Code   120  pbuf.o(i.pbuf_memcmp)
    pbuf_memfind                             0x08008adb   Thumb Code    78  pbuf.o(i.pbuf_memfind)
    pbuf_realloc                             0x08008b29   Thumb Code   178  pbuf.o(i.pbuf_realloc)
    pbuf_ref                                 0x08008bdb   Thumb Code    10  pbuf.o(i.pbuf_ref)
    pbuf_strstr                              0x08008be5   Thumb Code    62  pbuf.o(i.pbuf_strstr)
    process_tftp_request                     0x08008cdd   Thumb Code   376  tftpserver.o(i.process_tftp_request)
    raw_input                                0x08008e85   Thumb Code   108  raw.o(i.raw_input)
    recv_callback_tftp                       0x08008efd   Thumb Code    34  tftpserver.o(i.recv_callback_tftp)
    rrq_recv_callback                        0x08008f21   Thumb Code   102  tftpserver.o(i.rrq_recv_callback)
    sd_Command                               0x08008f91   Thumb Code    82  sd.o(i.sd_Command)
    sd_Command_crc                           0x08008fe3   Thumb Code   140  sd.o(i.sd_Command_crc)
    sd_Init                                  0x08009071   Thumb Code   626  sd.o(i.sd_Init)
    sd_Resp16b                               0x080092e9   Thumb Code    32  sd.o(i.sd_Resp16b)
    sd_Resp8b                                0x08009309   Thumb Code    38  sd.o(i.sd_Resp8b)
    sd_Resp8bError                           0x0800932f   Thumb Code    52  sd.o(i.sd_Resp8bError)
    sd_State                                 0x08009363   Thumb Code   112  sd.o(i.sd_State)
    sd_getDriveSize                          0x080093d5   Thumb Code   340  sd.o(i.sd_getDriveSize)
    sd_readSector                            0x08009545   Thumb Code   174  sd.o(i.sd_readSector)
    sd_writeSector                           0x080095f9   Thumb Code   136  sd.o(i.sd_writeSector)
    smtp_send_mail                           0x08009f05   Thumb Code   280  smtp.o(i.smtp_send_mail)
    smtp_set_auth                            0x0800a1fd   Thumb Code   148  smtp.o(i.smtp_set_auth)
    smtp_set_server_addr                     0x0800a29d   Thumb Code    38  smtp.o(i.smtp_set_server_addr)
    strMatch                                 0x0800a3d5   Thumb Code    30  plibc.o(i.strMatch)
    tcp_abandon                              0x0800a441   Thumb Code   148  tcp.o(i.tcp_abandon)
    tcp_abort                                0x0800a4e1   Thumb Code    14  tcp.o(i.tcp_abort)
    tcp_accept                               0x0800a4ef   Thumb Code     4  tcp.o(i.tcp_accept)
    tcp_alloc                                0x0800a4fd   Thumb Code   258  tcp.o(i.tcp_alloc)
    tcp_arg                                  0x0800a615   Thumb Code     4  tcp.o(i.tcp_arg)
    tcp_bind                                 0x0800a619   Thumb Code   162  tcp.o(i.tcp_bind)
    tcp_client_callback                      0x0800a6c9   Thumb Code    76  client_tcpudp.o(i.tcp_client_callback)
    tcp_client_connected                     0x0800a72d   Thumb Code    72  client_tcpudp.o(i.tcp_client_connected)
    tcp_client_err                           0x0800a78d   Thumb Code    36  client_tcpudp.o(i.tcp_client_err)
    tcp_client_reciver                       0x0800a7b5   Thumb Code   622  client_tcpudp.o(i.tcp_client_reciver)
    tcp_close                                0x0800aa8d   Thumb Code    28  tcp.o(i.tcp_close)
    tcp_connect                              0x0800ac7d   Thumb Code   330  tcp.o(i.tcp_connect)
    tcp_eff_send_mss                         0x0800aeb9   Thumb Code    46  tcp.o(i.tcp_eff_send_mss)
    tcp_enqueue_flags                        0x0800aee9   Thumb Code   392  tcp_out.o(i.tcp_enqueue_flags)
    tcp_err                                  0x0800b075   Thumb Code    20  tcp.o(i.tcp_err)
    tcp_fasttmr                              0x0800b089   Thumb Code   118  tcp.o(i.tcp_fasttmr)
    tcp_input                                0x0800b10d   Thumb Code  1418  tcp_in.o(i.tcp_input)
    tcp_keepalive                            0x0800b6b1   Thumb Code    98  tcp_out.o(i.tcp_keepalive)
    tcp_listen_with_backlog                  0x0800b8f1   Thumb Code   202  tcp.o(i.tcp_listen_with_backlog)
    tcp_new                                  0x0800b9cd   Thumb Code    10  tcp.o(i.tcp_new)
    tcp_next_iss                             0x0800ba41   Thumb Code    20  tcp.o(i.tcp_next_iss)
    tcp_output                               0x0800ba5d   Thumb Code   476  tcp_out.o(i.tcp_output)
    tcp_pcb_purge                            0x0800bf0f   Thumb Code    64  tcp.o(i.tcp_pcb_purge)
    tcp_pcb_remove                           0x0800bf51   Thumb Code   156  tcp.o(i.tcp_pcb_remove)
    tcp_poll                                 0x0800bff1   Thumb Code    24  tcp.o(i.tcp_poll)
    tcp_process_refused_data                 0x0800c5dd   Thumb Code   140  tcp.o(i.tcp_process_refused_data)
    tcp_recv                                 0x0800cd71   Thumb Code    18  tcp.o(i.tcp_recv)
    tcp_recv_null                            0x0800cd83   Thumb Code    46  tcp.o(i.tcp_recv_null)
    tcp_recved                               0x0800cdb1   Thumb Code    96  tcp.o(i.tcp_recved)
    tcp_rexmit                               0x0800ce11   Thumb Code    88  tcp_out.o(i.tcp_rexmit)
    tcp_rexmit_fast                          0x0800ce69   Thumb Code   112  tcp_out.o(i.tcp_rexmit_fast)
    tcp_rexmit_rto                           0x0800ced9   Thumb Code    56  tcp_out.o(i.tcp_rexmit_rto)
    tcp_rst                                  0x0800cf11   Thumb Code   192  tcp_out.o(i.tcp_rst)
    tcp_seg_free                             0x0800cfd5   Thumb Code    26  tcp.o(i.tcp_seg_free)
    tcp_segs_free                            0x0800cfef   Thumb Code    24  tcp.o(i.tcp_segs_free)
    tcp_send_empty_ack                       0x0800d007   Thumb Code    96  tcp_out.o(i.tcp_send_empty_ack)
    tcp_send_fin                             0x0800d067   Thumb Code    74  tcp_out.o(i.tcp_send_fin)
    tcp_sent                                 0x0800d0b1   Thumb Code    18  tcp.o(i.tcp_sent)
    tcp_setprio                              0x0800d0c3   Thumb Code     4  tcp.o(i.tcp_setprio)
    tcp_sever_test                           0x0800d0c9   Thumb Code    44  client_tcpudp.o(i.tcp_sever_test)
    tcp_slowtmr                              0x0800d0fd   Thumb Code   874  tcp.o(i.tcp_slowtmr)
    tcp_timer_needed                         0x0800d485   Thumb Code     2  timers.o(i.tcp_timer_needed)
    tcp_tmr                                  0x0800d535   Thumb Code    30  tcp.o(i.tcp_tmr)
    tcp_update_rcv_ann_wnd                   0x0800d559   Thumb Code    88  tcp.o(i.tcp_update_rcv_ann_wnd)
    tcp_write                                0x0800d5b1   Thumb Code  1094  tcp_out.o(i.tcp_write)
    tcp_zero_window_probe                    0x0800da99   Thumb Code   198  tcp_out.o(i.tcp_zero_window_probe)
    tftp_cleanup_rd                          0x0800db65   Thumb Code    50  tftpserver.o(i.tftp_cleanup_rd)
    tftp_cleanup_wr                          0x0800dba9   Thumb Code    50  tftpserver.o(i.tftp_cleanup_wr)
    tftp_construct_error_message             0x0800dbed   Thumb Code    50  tftpserver.o(i.tftp_construct_error_message)
    tftp_decode_op                           0x0800dc25   Thumb Code     6  tftputils.o(i.tftp_decode_op)
    tftp_extract_block                       0x0800dc2b   Thumb Code    16  tftputils.o(i.tftp_extract_block)
    tftp_extract_filename                    0x0800dc3b   Thumb Code    16  tftputils.o(i.tftp_extract_filename)
    tftp_is_correct_ack                      0x0800dc4b   Thumb Code    38  tftputils.o(i.tftp_is_correct_ack)
    tftp_process_read                        0x0800dc71   Thumb Code   166  tftpserver.o(i.tftp_process_read)
    tftp_process_write                       0x0800dd31   Thumb Code   150  tftpserver.o(i.tftp_process_write)
    tftp_send_ack_packet                     0x0800ddd5   Thumb Code    48  tftpserver.o(i.tftp_send_ack_packet)
    tftp_send_data_packet                    0x0800de05   Thumb Code    76  tftpserver.o(i.tftp_send_data_packet)
    tftp_send_error_message                  0x0800de51   Thumb Code    50  tftpserver.o(i.tftp_send_error_message)
    tftp_send_message                        0x0800de83   Thumb Code    80  tftpserver.o(i.tftp_send_message)
    tftp_send_next_block                     0x0800ded5   Thumb Code    56  tftpserver.o(i.tftp_send_next_block)
    tftp_set_block                           0x0800df11   Thumb Code    20  tftputils.o(i.tftp_set_block)
    tftp_set_data_message                    0x0800df25   Thumb Code    20  tftputils.o(i.tftp_set_data_message)
    tftp_set_errorcode                       0x0800df39   Thumb Code     8  tftputils.o(i.tftp_set_errorcode)
    tftp_set_errormsg                        0x0800df41   Thumb Code    16  tftputils.o(i.tftp_set_errormsg)
    tftp_set_opcode                          0x0800df51   Thumb Code     8  tftputils.o(i.tftp_set_opcode)
    tftpd_init                               0x0800df59   Thumb Code    52  tftpserver.o(i.tftpd_init)
    udp_bind                                 0x0800df99   Thumb Code   132  udp.o(i.udp_bind)
    udp_client_callback                      0x0800e021   Thumb Code    82  client_tcpudp.o(i.udp_client_callback)
    udp_client_callback_app                  0x0800e07d   Thumb Code    50  client_tcpudp.o(i.udp_client_callback_app)
    udp_disconnect                           0x0800e0bd   Thumb Code    16  udp.o(i.udp_disconnect)
    udp_input                                0x0800e0cd   Thumb Code   582  udp.o(i.udp_input)
    udp_new                                  0x0800e325   Thumb Code    28  udp.o(i.udp_new)
    udp_recv                                 0x0800e399   Thumb Code     6  udp.o(i.udp_recv)
    udp_remove                               0x0800e3a1   Thumb Code    60  udp.o(i.udp_remove)
    udp_sendto                               0x0800e3e1   Thumb Code    68  udp.o(i.udp_sendto)
    udp_sendto_if                            0x0800e429   Thumb Code   294  udp.o(i.udp_sendto_if)
    wrq_recv_callback                        0x0800e555   Thumb Code   198  tftpserver.o(i.wrq_recv_callback)
    tcp_state_str                            0x0800e644   Data          44  tcp.o(.constdata)
    tcp_backoff                              0x0800e670   Data          13  tcp.o(.constdata)
    tcp_persist_backoff                      0x0800e67d   Data           7  tcp.o(.constdata)
    tcp_pcb_lists                            0x0800e684   Data          16  tcp.o(.constdata)
    ip_addr_any                              0x0800e694   Data           4  ip_addr.o(.constdata)
    ip_addr_broadcast                        0x0800e698   Data           4  ip_addr.o(.constdata)
    ethbroadcast                             0x0800e69c   Data           6  etharp.o(.constdata)
    ethzero                                  0x0800e6a2   Data           6  etharp.o(.constdata)
    file__img_sics_gif                       0x08015110   Data          20  fs_lwip.o(.constdata)
    file__404_html                           0x08015124   Data          20  fs_lwip.o(.constdata)
    file__index_html                         0x08015138   Data          20  fs_lwip.o(.constdata)
    base64_table                             0x0801514c   Data          64  smtp.o(.constdata)
    __ctype_table                            0x0801518c   Data         129  ctype_o.o(.constdata)
    Region$$Table$$Base                      0x08015310   Number         0  anon$$obj.o(Region$$Table)
    Region$$Table$$Limit                     0x08015330   Number         0  anon$$obj.o(Region$$Table)
    LocalTime                                0x20000000   Data           4  main.o(.data)
    poll_net_data_lock                       0x20000004   Data           1  main.o(.data)
    timingdelay                              0x20000008   Data           4  main.o(.data)
    TCPTimer                                 0x2000000c   Data           4  netconf.o(.data)
    ARPTimer                                 0x20000010   Data           4  netconf.o(.data)
    DHCPfineTimer                            0x20000014   Data           4  netconf.o(.data)
    DHCPcoarseTimer                          0x20000018   Data           4  netconf.o(.data)
    DisplayTimer                             0x20000020   Data           4  netconf.o(.data)
    LedToggle                                0x20000024   Data           1  netconf.o(.data)
    Server                                   0x20000025   Data           1  netconf.o(.data)
    macaddress                               0x20000026   Data           6  netconf.o(.data)
    Tcplink                                  0x2000002c   Data           1  client_tcpudp.o(.data)
    Udplink                                  0x2000002d   Data           1  client_tcpudp.o(.data)
    retry_TCP_connect                        0x20000030   Data           4  client_tcpudp.o(.data)
    SystemRunTime                            0x20000034   Data           4  client_tcpudp.o(.data)
    TCPCreatTrm                              0x20000038   Data           4  client_tcpudp.o(.data)
    cansent                                  0x2000003c   Data           1  client_tcpudp.o(.data)
    Tcpbf                                    0x2000003d   Data        2048  client_tcpudp.o(.data)
    num                                      0x2000083d   Data           1  client_tcpudp.o(.data)
    num1                                     0x2000083e   Data           1  client_tcpudp.o(.data)
    TCPSentCreatTrm                          0x20000840   Data           4  client_tcpudp.o(.data)
    Udpbf                                    0x20000844   Data        1024  client_tcpudp.o(.data)
    UDPSentCreatTrm                          0x20000c44   Data           4  client_tcpudp.o(.data)
    wpcb                                     0x20000c48   Data           4  client_tcpudp.o(.data)
    upcb                                     0x20000c4c   Data           4  client_tcpudp.o(.data)
    strA                                     0x20000c58   Data          15  filesystem.o(.data)
    strB                                     0x20000c67   Data          15  filesystem.o(.data)
    tftp_errorcode_string                    0x20000c80   Data          32  tftpserver.o(.data)
    tftptimeoutTimer                         0x20000ca0   Data           1  tftpserver.o(.data)
    tftptimeout                              0x20000ca1   Data           1  tftpserver.o(.data)
    Timeoutargs                              0x20000ca4   Data           4  tftpserver.o(.data)
    Timeoutupcb                              0x20000ca8   Data           4  tftpserver.o(.data)
    Timeoutaddr                              0x20000cac   Data           4  tftpserver.o(.data)
    Timeoutport                              0x20000cb0   Data           2  tftpserver.o(.data)
    Timeoutportpkt_buf                       0x20000cb4   Data           4  tftpserver.o(.data)
    UDPpcb                                   0x20000cb8   Data           4  tftpserver.o(.data)
    time_run                                 0x20000cc0   Data           4  ds18b20srom.o(.data)
    TempCreatTrm                             0x20000cc4   Data           4  ds18b20srom.o(.data)
    Day                                      0x20000cc8   Data           2  ds18b20srom.o(.data)
    Count_mail                               0x20000cca   Data           2  ds18b20srom.o(.data)
    Assic                                    0x20000ccc   Data           6  ds18b20srom.o(.data)
    ROM_NO                                   0x20000dd4   Data           8  ds18b20sech.o(.data)
    LastDiscrepancy                          0x20000ddc   Data           4  ds18b20sech.o(.data)
    LastFamilyDiscrepancy                    0x20000de0   Data           4  ds18b20sech.o(.data)
    LastDeviceFlag                           0x20000de4   Data           4  ds18b20sech.o(.data)
    crc8                                     0x20000de8   Data           1  ds18b20sech.o(.data)
    DMATxDescToSet                           0x20000e00   Data           4  stm32_eth.o(.data)
    DMARxDescToGet                           0x20000e04   Data           4  stm32_eth.o(.data)
    DMAPTPTxDescToSet                        0x20000e08   Data           4  stm32_eth.o(.data)
    DMAPTPRxDescToGet                        0x20000e0c   Data           4  stm32_eth.o(.data)
    mf                                       0x20000e1c   Data           4  memp.o(.data)
    netif_list                               0x20000e20   Data           4  netif.o(.data)
    netif_default                            0x20000e24   Data           4  netif.o(.data)
    tcp_ticks                                0x20000e38   Data           4  tcp.o(.data)
    tcp_bound_pcbs                           0x20000e3c   Data           4  tcp.o(.data)
    tcp_listen_pcbs                          0x20000e40   Data           4  tcp.o(.data)
    tcp_active_pcbs                          0x20000e44   Data           4  tcp.o(.data)
    tcp_tw_pcbs                              0x20000e48   Data           4  tcp.o(.data)
    tcp_tmp_pcb                              0x20000e4c   Data           4  tcp.o(.data)
    tcp_active_pcbs_changed                  0x20000e50   Data           1  tcp.o(.data)
    tcp_input_pcb                            0x20000e70   Data           4  tcp_in.o(.data)
    udp_pcbs                                 0x20000e78   Data           4  udp.o(.data)
    current_netif                            0x20000e7c   Data           4  ip.o(.data)
    current_header                           0x20000e80   Data           4  ip.o(.data)
    current_iphdr_src                        0x20000e84   Data           4  ip.o(.data)
    current_iphdr_dest                       0x20000e88   Data           4  ip.o(.data)
    DMATxDesc                                0x20000e98   Data           4  ethernetif.o(.data)
    tcp_end_time                             0x20000e9c   Data           4  ethernetif.o(.data)
    arp_end_time                             0x20000ea0   Data           4  ethernetif.o(.data)
    MACaddr                                  0x20000ea4   Data           6  ethernetif.o(.data)
    SDcard                                   0x20000eac   Data           1  sd.o(.data)
    max_clock                                0x20000eb0   Data           4  sd.o(.data)
    netif                                    0x20000ec8   Data          52  netconf.o(.bss)
    Udpbuf                                   0x20000efc   Data          10  client_tcpudp.o(.bss)
    myefs1                                   0x20000f18   Data         692  filesystem.o(.bss)
    myefs2                                   0x200011cc   Data         692  filesystem.o(.bss)
    mylist1                                  0x20001480   Data          52  filesystem.o(.bss)
    mylist2                                  0x200014b4   Data          52  filesystem.o(.bss)
    myfile_SD                                0x200014e8   Data          80  filesystem.o(.bss)
    myfile_CR                                0x20001538   Data          80  filesystem.o(.bss)
    fsbufer                                  0x20001588   Data        1024  filesystem.o(.bss)
    filebuf                                  0x20001988   Data         512  filesystem.o(.bss)
    efs1                                     0x20001b88   Data         692  tftpserver.o(.bss)
    efs2                                     0x20001e3c   Data         692  tftpserver.o(.bss)
    list1                                    0x200020f0   Data          52  tftpserver.o(.bss)
    list2                                    0x20002124   Data          52  tftpserver.o(.bss)
    file_SD                                  0x20002158   Data          80  tftpserver.o(.bss)
    file_CR                                  0x200021a8   Data          80  tftpserver.o(.bss)
    temp                                     0x200021f8   Data          33  ds18b20srom.o(.bss)
    ID_Buff                                  0x20002219   Data          16  ds18b20srom.o(.bss)
    mailsentbox                              0x20002229   Data          18  ds18b20srom.o(.bss)
    ram_heap                                 0x2000223b   Data        6164  mem.o(.bss)
    inf                                      0x20003a4f   Data         100  mem.o(.bss)
    lwip_stats                               0x2000a378   Data         268  stats.o(.bss)
    DMARxDscrTab                             0x2000a55c   Data          64  ethernetif.o(.bss)
    DMATxDscrTab                             0x2000a59c   Data          32  ethernetif.o(.bss)
    Rx_Buff                                  0x2000a5bc   Data        6080  ethernetif.o(.bss)
    Tx_Buff                                  0x2000bd7c   Data        3040  ethernetif.o(.bss)
    Eth_Buff                                 0x2000c95c   Data        1500  ethernetif.o(.bss)
    frameds                                  0x2000cf38   Data          12  ethernetif.o(.bss)
    myefs3                                   0x2000d344   Data         692  httpd.o(.bss)
    mylist3                                  0x2000d5f8   Data          52  httpd.o(.bss)
    Httpfile_CR                              0x2000d62c   Data          80  httpd.o(.bss)
    smtp_Tcp_count                           0x2000d67c   Data          80  smtp.o(.bss)
    __initial_sp                             0x2000e810   Data           0  startup_stm32f10x_cl.o(STACK)



==============================================================================

Memory Map of the image

  Image Entry point : 0x08000151

  Load Region LR_IROM1 (Base: 0x08000000, Size: 0x000161f8, Max: 0x00040000, ABSOLUTE, COMPRESSED[0x000154b4])

    Execution Region ER_IROM1 (Base: 0x08000000, Size: 0x00015330, Max: 0x00040000, ABSOLUTE)

    Base Addr    Size         Type   Attr      Idx    E Section Name        Object

    0x08000000   0x00000150   Data   RO         5961    RESET               startup_stm32f10x_cl.o
    0x08000150   0x00000000   Code   RO         7396  * .ARM.Collect$$$$00000000  entry.o(mc_w.l)
    0x08000150   0x00000004   Code   RO         7688    .ARM.Collect$$$$00000001  entry2.o(mc_w.l)
    0x08000154   0x00000004   Code   RO         7691    .ARM.Collect$$$$00000004  entry5.o(mc_w.l)
    0x08000158   0x00000008   Code   RO         7692    .ARM.Collect$$$$00000007  entry7.o(mc_w.l)
    0x08000160   0x00000004   Code   RO         7689    .ARM.Collect$$$$00002712  entry2.o(mc_w.l)
    0x08000164   0x00000002   Code   RO          263    .emb_text           stm32f10x_it.o
    0x08000166   0x00000002   PAD
    0x08000168   0x0000001c   Code   RO         5962    .text               startup_stm32f10x_cl.o
    0x08000184   0x00000024   Code   RO         7399    .text               memcpya.o(mc_w.l)
    0x080001a8   0x00000026   Code   RO         7401    .text               memseta.o(mc_w.l)
    0x080001ce   0x0000002c   Code   RO         7403    .text               strstr.o(mc_w.l)
    0x080001fa   0x00000012   Code   RO         7405    .text               strchr.o(mc_w.l)
    0x0800020c   0x00000010   Code   RO         7407    .text               strlen.o(mc_w.l)
    0x0800021c   0x0000001c   Code   RO         7409    .text               strcmp.o(mc_w.l)
    0x08000238   0x0000001a   Code   RO         7411    .text               memcmp.o(mc_w.l)
    0x08000252   0x00000012   Code   RO         7413    .text               strcpy.o(mc_w.l)
    0x08000264   0x0000001e   Code   RO         7415    .text               strncmp.o(mc_w.l)
    0x08000282   0x00000070   Code   RO         7680    .text               strtol.o(mc_w.l)
    0x080002f2   0x000000f0   Code   RO         7682    .text               dmul.o(mf_w.l)
    0x080003e2   0x00000022   Code   RO         7684    .text               dflti.o(mf_w.l)
    0x08000404   0x00000052   Code   RO         7686    .text               dfixi.o(mf_w.l)
    0x08000456   0x0000002c   Code   RO         7696    .text               uidiv.o(mc_w.l)
    0x08000482   0x0000001e   Code   RO         7700    .text               llushr.o(mc_w.l)
    0x080004a0   0x00000008   Code   RO         7702    .text               ctype_o.o(mc_w.l)
    0x080004a8   0x00000098   Code   RO         7737    .text               _strtoul.o(mc_w.l)
    0x08000540   0x00000000   Code   RO         7739    .text               iusefp.o(mc_w.l)
    0x08000540   0x000000ea   Code   RO         7740    .text               depilogue.o(mf_w.l)
    0x0800062a   0x00000002   PAD
    0x0800062c   0x00000024   Code   RO         7750    .text               init.o(mc_w.l)
    0x08000650   0x00000020   Code   RO         7752    .text               llshl.o(mc_w.l)
    0x08000670   0x00000020   Code   RO         7756    .text               _chval.o(mc_w.l)
    0x08000690   0x0000005e   Code   RO         7767    .text               __dczerorl2.o(mc_w.l)
    0x080006ee   0x00000004   Code   RO          264    i.BusFault_Handler  stm32f10x_it.o
    0x080006f2   0x00000002   PAD
    0x080006f4   0x000002e8   Code   RO          803    i.DS1820main        ds18b20srom.o
    0x080009dc   0x00000040   Code   RO          912    i.DS18B20_ReadBit   ds18b20srom.o
    0x08000a1c   0x00000024   Code   RO          805    i.DS18B20_ReadData  ds18b20srom.o
    0x08000a40   0x00000088   Code   RO          806    i.DS18B20_ReadDesignateTemper  ds18b20srom.o
    0x08000ac8   0x00000064   Code   RO          808    i.DS18B20_Reset     ds18b20srom.o
    0x08000b2c   0x00000030   Code   RO          810    i.DS18B20_WriteBit  ds18b20srom.o
    0x08000b5c   0x0000001e   Code   RO          811    i.DS18B20_WriteData  ds18b20srom.o
    0x08000b7a   0x00000002   Code   RO          265    i.DebugMon_Handler  stm32f10x_it.o
    0x08000b7c   0x00000034   Code   RO          812    i.Delay_init        ds18b20srom.o
    0x08000bb0   0x00000034   Code   RO          814    i.Delay_us          ds18b20srom.o
    0x08000be4   0x0000000c   Code   RO         3896    i.ETH_DMAClearITPendingBit  stm32_eth.o
    0x08000bf0   0x00000020   Code   RO         3897    i.ETH_DMAITConfig   stm32_eth.o
    0x08000c10   0x00000024   Code   RO         3900    i.ETH_DMAReceptionCmd  stm32_eth.o
    0x08000c34   0x00000050   Code   RO         3901    i.ETH_DMARxDescChainInit  stm32_eth.o
    0x08000c84   0x00000016   Code   RO         3903    i.ETH_DMARxDescReceiveITConfig  stm32_eth.o
    0x08000c9a   0x00000002   PAD
    0x08000c9c   0x00000024   Code   RO         3906    i.ETH_DMATransmissionCmd  stm32_eth.o
    0x08000cc0   0x0000004c   Code   RO         3909    i.ETH_DMATxDescChainInit  stm32_eth.o
    0x08000d0c   0x00000016   Code   RO         3918    i.ETH_DeInit        stm32_eth.o
    0x08000d22   0x0000000e   Code   RO         3919    i.ETH_Delay         stm32_eth.o
    0x08000d30   0x00000014   Code   RO         3924    i.ETH_FlushTransmitFIFO  stm32_eth.o
    0x08000d44   0x0000000c   Code   RO         5847    i.ETH_GetCurrentTxBuffer  ethernetif.o
    0x08000d50   0x0000000a   Code   RO         3935    i.ETH_GetDMARxDescFrameLength  stm32_eth.o
    0x08000d5a   0x00000002   PAD
    0x08000d5c   0x00000048   Code   RO         3950    i.ETH_GetRxPktSize  stm32_eth.o
    0x08000da4   0x00000018   Code   RO         3951    i.ETH_GetSoftwareResetStatus  stm32_eth.o
    0x08000dbc   0x00000020   Code   RO          266    i.ETH_IRQHandler    stm32f10x_it.o
    0x08000ddc   0x00000258   Code   RO         3958    i.ETH_Init          stm32_eth.o
    0x08001034   0x00000034   Code   RO         3961    i.ETH_MACAddressConfig  stm32_eth.o
    0x08001068   0x00000024   Code   RO         3966    i.ETH_MACReceptionCmd  stm32_eth.o
    0x0800108c   0x00000024   Code   RO         3967    i.ETH_MACTransmissionCmd  stm32_eth.o
    0x080010b0   0x00000060   Code   RO         3978    i.ETH_ReadPHYRegister  stm32_eth.o
    0x08001110   0x0000001c   Code   RO         5848    i.ETH_Recive_Poll   ethernetif.o
    0x0800112c   0x000000a0   Code   RO         5849    i.ETH_RxPkt_ChainMode  ethernetif.o
    0x080011cc   0x00000014   Code   RO         3989    i.ETH_SoftwareReset  stm32_eth.o
    0x080011e0   0x00000020   Code   RO         3990    i.ETH_Start         stm32_eth.o
    0x08001200   0x000000a4   Code   RO         3991    i.ETH_StructInit    stm32_eth.o
    0x080012a4   0x000000b4   Code   RO         5850    i.ETH_TxPkt_ChainMode  ethernetif.o
    0x08001358   0x0000005c   Code   RO         3993    i.ETH_WritePHYRegister  stm32_eth.o
    0x080013b4   0x00000088   Code   RO          338    i.Ethernet_Configuration  stm32f107.o
    0x0800143c   0x00000078   Code   RO          495    i.FS_Write          filesystem.o
    0x080014b4   0x0000012c   Code   RO          496    i.FS_Writehtml      filesystem.o
    0x080015e0   0x0000005c   Code   RO          498    i.FileSysteWrite    filesystem.o
    0x0800163c   0x00000014   Code   RO          499    i.FileSystemClose   filesystem.o
    0x08001650   0x00000058   Code   RO          501    i.FileSystemInit    filesystem.o
    0x080016a8   0x00000008   Code   RO          502    i.FileSystemThread  filesystem.o
    0x080016b0   0x00000050   Code   RO          503    i.FindFileString    filesystem.o
    0x08001700   0x0000010c   Code   RO          339    i.GPIO_Configuration  stm32f107.o
    0x0800180c   0x0000000c   Code   RO         2023    i.GPIO_ETH_MediaInterfaceConfig  stm32f10x_gpio.o
    0x08001818   0x00000110   Code   RO         2027    i.GPIO_Init         stm32f10x_gpio.o
    0x08001928   0x0000006c   Code   RO         2029    i.GPIO_PinRemapConfig  stm32f10x_gpio.o
    0x08001994   0x00000012   Code   RO         2031    i.GPIO_ReadInputDataBit  stm32f10x_gpio.o
    0x080019a6   0x00000004   Code   RO         2034    i.GPIO_ResetBits    stm32f10x_gpio.o
    0x080019aa   0x00000004   Code   RO         2035    i.GPIO_SetBits      stm32f10x_gpio.o
    0x080019ae   0x00000002   PAD
    0x080019b0   0x00000008   Code   RO          922    i.GetRomAddr        ds18b20sech.o
    0x080019b8   0x0000016c   Code   RO         4596    i.Getmeminf         mem.o
    0x08001b24   0x0000000a   Code   RO          267    i.HardFault_Handler  stm32f10x_it.o
    0x08001b2e   0x00000002   PAD
    0x08001b30   0x00000030   Code   RO         7045    i.Http_File_System_Init  httpd.o
    0x08001b60   0x0000009a   Code   RO            2    i.InitTIM           main.o
    0x08001bfa   0x00000002   PAD
    0x08001bfc   0x00000028   Code   RO          815    i.Init_DS18B20_IO   ds18b20srom.o
    0x08001c24   0x00000060   Code   RO          163    i.LwIP_Init         netconf.o
    0x08001c84   0x00000040   Code   RO          164    i.LwIP_Periodic_Handle  netconf.o
    0x08001cc4   0x00000010   Code   RO          165    i.LwIP_Pkt_Handle   netconf.o
    0x08001cd4   0x00000004   Code   RO          268    i.MemManage_Handler  stm32f10x_it.o
    0x08001cd8   0x00000002   Code   RO          269    i.NMI_Handler       stm32f10x_it.o
    0x08001cda   0x00000034   Code   RO          340    i.NVIC_Configuration  stm32f107.o
    0x08001d0e   0x00000002   PAD
    0x08001d10   0x00000084   Code   RO         1006    i.NVIC_Init         misc.o
    0x08001d94   0x00000014   Code   RO         1007    i.NVIC_PriorityGroupConfig  misc.o
    0x08001da8   0x00000028   Code   RO          341    i.NVIC_SetPriority  stm32f107.o
    0x08001dd0   0x00000014   Code   RO         1008    i.NVIC_SetVectorTable  misc.o
    0x08001de4   0x00000024   Code   RO          924    i.OWFirst           ds18b20sech.o
    0x08001e08   0x00000008   Code   RO          926    i.OWReadBit         ds18b20sech.o
    0x08001e10   0x00000008   Code   RO          927    i.OWReset           ds18b20sech.o
    0x08001e18   0x00000138   Code   RO          928    i.OWSearch          ds18b20sech.o
    0x08001f50   0x0000000c   Code   RO          931    i.OWWriteBit        ds18b20sech.o
    0x08001f5c   0x0000000c   Code   RO          932    i.OWWriteByte       ds18b20sech.o
    0x08001f68   0x00000002   Code   RO          270    i.PendSV_Handler    stm32f10x_it.o
    0x08001f6a   0x00000002   PAD
    0x08001f6c   0x00000020   Code   RO         2442    i.RCC_AHBPeriphClockCmd  stm32f10x_rcc.o
    0x08001f8c   0x00000020   Code   RO         2443    i.RCC_AHBPeriphResetCmd  stm32f10x_rcc.o
    0x08001fac   0x00000020   Code   RO         2444    i.RCC_APB1PeriphClockCmd  stm32f10x_rcc.o
    0x08001fcc   0x00000020   Code   RO         2446    i.RCC_APB2PeriphClockCmd  stm32f10x_rcc.o
    0x08001fec   0x00000190   Code   RO         2454    i.RCC_GetClocksFreq  stm32f10x_rcc.o
    0x0800217c   0x0000000c   Code   RO         2466    i.RCC_MCOConfig     stm32f10x_rcc.o
    0x08002188   0x00000054   Code   RO         5851    i.Read_Eth_Packet   ethernetif.o
    0x080021dc   0x00000018   Code   RO         2982    i.SPI_Cmd           stm32f10x_spi.o
    0x080021f4   0x00000098   Code   RO         6990    i.SPI_Config        sd_stm32.o
    0x0800228c   0x00000012   Code   RO         2990    i.SPI_I2S_GetFlagStatus  stm32f10x_spi.o
    0x0800229e   0x00000006   Code   RO         2993    i.SPI_I2S_ReceiveData  stm32f10x_spi.o
    0x080022a4   0x00000004   Code   RO         2994    i.SPI_I2S_SendData  stm32f10x_spi.o
    0x080022a8   0x0000003c   Code   RO         2995    i.SPI_Init          stm32f10x_spi.o
    0x080022e4   0x00000002   Code   RO          271    i.SVC_Handler       stm32f10x_it.o
    0x080022e6   0x00000002   PAD
    0x080022e8   0x000000a4   Code   RO          381    i.SendDataToSever   client_tcpudp.o
    0x0800238c   0x00000028   Code   RO          816    i.Set18b20IOin      ds18b20srom.o
    0x080023b4   0x00000028   Code   RO          817    i.Set18b20IOout     ds18b20srom.o
    0x080023dc   0x00000008   Code   RO         5931    i.SetSysClock       system_stm32f10x.o
    0x080023e4   0x00000118   Code   RO         5932    i.SetSysClockTo72   system_stm32f10x.o
    0x080024fc   0x0000002c   Code   RO         5852    i.Set_MAC_Address   ethernetif.o
    0x08002528   0x00000008   Code   RO          272    i.SysTick_Handler   stm32f10x_it.o
    0x08002530   0x00000060   Code   RO         5933    i.SystemInit        system_stm32f10x.o
    0x08002590   0x00000076   Code   RO          342    i.System_Setup      stm32f107.o
    0x08002606   0x00000002   PAD
    0x08002608   0x0000002c   Code   RO            3    i.TIM2_IRQHandler   main.o
    0x08002634   0x00000018   Code   RO         3125    i.TIM_ARRPreloadConfig  stm32f10x_tim.o
    0x0800264c   0x00000006   Code   RO         3131    i.TIM_ClearFlag     stm32f10x_tim.o
    0x08002652   0x00000006   Code   RO         3132    i.TIM_ClearITPendingBit  stm32f10x_tim.o
    0x08002658   0x00000018   Code   RO         3137    i.TIM_Cmd           stm32f10x_tim.o
    0x08002670   0x00000022   Code   RO         3158    i.TIM_GetITStatus   stm32f10x_tim.o
    0x08002692   0x00000018   Code   RO         3162    i.TIM_ITConfig      stm32f10x_tim.o
    0x080026aa   0x00000004   Code   RO         3202    i.TIM_SetCounter    stm32f10x_tim.o
    0x080026ae   0x00000002   PAD
    0x080026b0   0x0000003c   Code   RO         3208    i.TIM_TimeBaseInit  stm32f10x_tim.o
    0x080026ec   0x00000068   Code   RO          382    i.TcpTestThread     client_tcpudp.o
    0x08002754   0x00000040   Code   RO          383    i.Tcp_accept        client_tcpudp.o
    0x08002794   0x00000028   Code   RO          384    i.Tcp_recv          client_tcpudp.o
    0x080027bc   0x0000012c   Code   RO          818    i.TemperatureThread  ds18b20srom.o
    0x080028e8   0x0000005c   Code   RO          608    i.TftpTrm250ms      tftpserver.o
    0x08002944   0x00000002   Code   RO            4    i.Time_Update       main.o
    0x08002946   0x00000002   PAD
    0x08002948   0x0000008c   Code   RO          385    i.UDPSendData       client_tcpudp.o
    0x080029d4   0x00000004   Code   RO          273    i.UsageFault_Handler  stm32f10x_it.o
    0x080029d8   0x00000020   Code   RO          819    i.Write18b20IO      ds18b20srom.o
    0x080029f8   0x00000028   Code   RO         7576    i.__0sprintf$6      printf6.o(mc_w.l)
    0x08002a20   0x00000008   Code   RO         7730    i.__aeabi_errno_addr  errno.o(mc_w.l)
    0x08002a28   0x0000000e   Code   RO         7761    i.__scatterload_copy  handlers.o(mc_w.l)
    0x08002a36   0x00000002   Code   RO         7762    i.__scatterload_null  handlers.o(mc_w.l)
    0x08002a38   0x0000000e   Code   RO         7763    i.__scatterload_zeroinit  handlers.o(mc_w.l)
    0x08002a46   0x00000002   PAD
    0x08002a48   0x00000300   Code   RO         7581    i._printf_core      printf6.o(mc_w.l)
    0x08002d48   0x00000026   Code   RO         7582    i._printf_post_padding  printf6.o(mc_w.l)
    0x08002d6e   0x0000002e   Code   RO         7583    i._printf_pre_padding  printf6.o(mc_w.l)
    0x08002d9c   0x0000000a   Code   RO         7585    i._sputc            printf6.o(mc_w.l)
    0x08002da6   0x00000002   Code   RO          386    i.conn_err          client_tcpudp.o
    0x08002da8   0x00000058   Code   RO         6884    i.crc7              sd.o
    0x08002e00   0x0000006e   Code   RO         5966    i.dir_addCluster    dir.o
    0x08002e6e   0x00000036   Code   RO         5967    i.dir_createDefaultEntry  dir.o
    0x08002ea4   0x00000030   Code   RO         5968    i.dir_createDirectoryEntry  dir.o
    0x08002ed4   0x0000006c   Code   RO         5969    i.dir_findFileinBuf  dir.o
    0x08002f40   0x00000048   Code   RO         5970    i.dir_findFreeEntryinBuf  dir.o
    0x08002f88   0x00000030   Code   RO         5971    i.dir_findinBuf     dir.o
    0x08002fb8   0x00000078   Code   RO         5972    i.dir_findinCluster  dir.o
    0x08003030   0x0000006c   Code   RO         5973    i.dir_findinDir     dir.o
    0x0800309c   0x00000086   Code   RO         5974    i.dir_findinRootArea  dir.o
    0x08003122   0x00000048   Code   RO         5975    i.dir_getFatFileName  dir.o
    0x0800316a   0x00000030   Code   RO         5976    i.dir_getFileStructure  dir.o
    0x0800319a   0x0000002a   Code   RO         5977    i.dir_setFileSize   dir.o
    0x080031c4   0x00000034   Code   RO         5978    i.dir_setFirstCluster  dir.o
    0x080031f8   0x00000032   Code   RO         5979    i.dir_updateDirectoryEntry  dir.o
    0x0800322a   0x00000014   Code   RO         6059    i.disc_initDisc     disc.o
    0x0800323e   0x0000003c   Code   RO         6060    i.disc_loadMBR      disc.o
    0x0800327a   0x00000002   PAD
    0x0800327c   0x00000020   Code   RO          933    i.docrc8            ds18b20sech.o
    0x0800329c   0x0000007a   Code   RO         6080    i.efs_init          efs.o
    0x08003316   0x00000002   PAD
    0x08003318   0x00000180   Code   RO         5756    i.etharp_arp_input  etharp.o
    0x08003498   0x000001b4   Code   RO         5759    i.etharp_find_entry  etharp.o
    0x0800364c   0x00000040   Code   RO         5760    i.etharp_free_entry  etharp.o
    0x0800368c   0x0000017c   Code   RO         5761    i.etharp_output     etharp.o
    0x08003808   0x00000080   Code   RO         5762    i.etharp_output_to_arp_index  etharp.o
    0x08003888   0x000001cc   Code   RO         5763    i.etharp_query      etharp.o
    0x08003a54   0x0000010c   Code   RO         5764    i.etharp_raw        etharp.o
    0x08003b60   0x0000002c   Code   RO         5765    i.etharp_request    etharp.o
    0x08003b8c   0x00000042   Code   RO         5766    i.etharp_send_ip    etharp.o
    0x08003bce   0x00000002   PAD
    0x08003bd0   0x0000008c   Code   RO         5767    i.etharp_tmr        etharp.o
    0x08003c5c   0x000000cc   Code   RO         5768    i.etharp_update_arp_entry  etharp.o
    0x08003d28   0x000000ec   Code   RO         5769    i.ethernet_input    etharp.o
    0x08003e14   0x00000058   Code   RO         5853    i.ethernetif_init   ethernetif.o
    0x08003e6c   0x0000002c   Code   RO         5854    i.ethernetif_input  ethernetif.o
    0x08003e98   0x0000004c   Code   RO         6095    i.ex_getPartitionField  extract.o
    0x08003ee4   0x00000010   Code   RO         6096    i.ex_getb16         extract.o
    0x08003ef4   0x0000001e   Code   RO         6097    i.ex_getb32         extract.o
    0x08003f12   0x00000046   Code   RO         6137    i.fat_DiscToLogicCluster  fat.o
    0x08003f58   0x0000005c   Code   RO         6138    i.fat_LogicToDiscCluster  fat.o
    0x08003fb4   0x0000013a   Code   RO         6139    i.fat_allocClusterChain  fat.o
    0x080040ee   0x00000038   Code   RO         6140    i.fat_countClustersInChain  fat.o
    0x08004126   0x000000c0   Code   RO         6142    i.fat_getNextClusterAddress  fat.o
    0x080041e6   0x000000a0   Code   RO         6143    i.fat_getNextClusterAddressWBuf  fat.o
    0x08004286   0x000000b0   Code   RO         6144    i.fat_getNextClusterChain  fat.o
    0x08004336   0x00000050   Code   RO         6145    i.fat_getSectorAddressFatEntry  fat.o
    0x08004386   0x0000002a   Code   RO         6146    i.fat_giveEocMarker  fat.o
    0x080043b0   0x0000004c   Code   RO         6147    i.fat_isEocMarker   fat.o
    0x080043fc   0x00000130   Code   RO         6148    i.fat_setNextClusterAddress  fat.o
    0x0800452c   0x000000f0   Code   RO         6149    i.fat_setNextClusterAddressWBuf  fat.o
    0x0800461c   0x00000068   Code   RO         6230    i.file_fclose       file.o
    0x08004684   0x0000027a   Code   RO         6231    i.file_fopen        file.o
    0x080048fe   0x0000011a   Code   RO         6232    i.file_fread        file.o
    0x08004a18   0x00000160   Code   RO         6233    i.file_fwrite       file.o
    0x08004b78   0x0000000e   Code   RO         6234    i.file_getAttr      file.o
    0x08004b86   0x00000032   Code   RO         6235    i.file_initFile     file.o
    0x08004bb8   0x00000096   Code   RO         6236    i.file_normalToFatName  file.o
    0x08004c4e   0x00000024   Code   RO         6237    i.file_read         file.o
    0x08004c72   0x0000006e   Code   RO         6238    i.file_requiredCluster  file.o
    0x08004ce0   0x00000024   Code   RO         6239    i.file_setAttr      file.o
    0x08004d04   0x00000014   Code   RO         6240    i.file_setpos       file.o
    0x08004d18   0x00000044   Code   RO         6241    i.file_validateChar  file.o
    0x08004d5c   0x00000024   Code   RO         6242    i.file_write        file.o
    0x08004d80   0x0000000a   Code   RO         7184    i.fs_bytes_left     fs_lwip.o
    0x08004d8a   0x00000046   Code   RO         6314    i.fs_clearCluster   fs.o
    0x08004dd0   0x00000002   Code   RO         7185    i.fs_close          fs_lwip.o
    0x08004dd2   0x00000038   Code   RO         6315    i.fs_clusterToSector  fs.o
    0x08004e0a   0x00000058   Code   RO         6316    i.fs_countDataSectors  fs.o
    0x08004e62   0x00000034   Code   RO         6317    i.fs_determineFatType  fs.o
    0x08004e96   0x000000d0   Code   RO         6318    i.fs_findFile       fs.o
    0x08004f66   0x0000002e   Code   RO         6319    i.fs_findFirstSectorRootDir  fs.o
    0x08004f94   0x00000070   Code   RO         6320    i.fs_findFreeFile   fs.o
    0x08005004   0x00000010   Code   RO         6321    i.fs_flushFs        fs.o
    0x08005014   0x00000012   Code   RO         6322    i.fs_getFirstClusterRootDir  fs.o
    0x08005026   0x0000003c   Code   RO         6324    i.fs_getLastCluster  fs.o
    0x08005062   0x00000026   Code   RO         6325    i.fs_getNextFreeCluster  fs.o
    0x08005088   0x00000006   Code   RO         6326    i.fs_giveFreeClusterHint  fs.o
    0x0800508e   0x00000004   Code   RO         6836    i.fs_hasTimeSupport  time.o
    0x08005092   0x00000010   Code   RO         6327    i.fs_initClusterChain  fs.o
    0x080050a2   0x0000000e   Code   RO         6328    i.fs_initCurrentDir  fs.o
    0x080050b0   0x00000048   Code   RO         6329    i.fs_initFs         fs.o
    0x080050f8   0x00000032   Code   RO         6330    i.fs_isValidFat     fs.o
    0x0800512a   0x00000074   Code   RO         6331    i.fs_loadVolumeId   fs.o
    0x0800519e   0x00000002   PAD
    0x080051a0   0x00000044   Code   RO         7186    i.fs_open           fs_lwip.o
    0x080051e4   0x00000008   Code   RO         6333    i.fs_setFirstClusterInDirEntry  fs.o
    0x080051ec   0x0000000c   Code   RO         6335    i.fs_umount         fs.o
    0x080051f8   0x000000b2   Code   RO         6336    i.fs_verifySanity   fs.o
    0x080052aa   0x00000006   Code   RO         6885    i.get_spi_BaudRatePrescaler  sd.o
    0x080052b0   0x0000008c   Code   RO         7046    i.http_accept       httpd.o
    0x0800533c   0x0000003a   Code   RO         7047    i.http_check_eof    httpd.o
    0x08005376   0x00000012   Code   RO         7048    i.http_close_conn   httpd.o
    0x08005388   0x00000068   Code   RO         7049    i.http_close_or_abort_conn  httpd.o
    0x080053f0   0x00000010   Code   RO         7050    i.http_eof          httpd.o
    0x08005400   0x00000014   Code   RO         7051    i.http_err          httpd.o
    0x08005414   0x000000e4   Code   RO         7052    i.http_find_file    httpd.o
    0x080054f8   0x00000064   Code   RO         7053    i.http_get_404_file  httpd.o
    0x0800555c   0x0000008c   Code   RO         7054    i.http_init_file    httpd.o
    0x080055e8   0x00000174   Code   RO         7055    i.http_parse_request  httpd.o
    0x0800575c   0x00000054   Code   RO         7056    i.http_poll         httpd.o
    0x080057b0   0x000000b8   Code   RO         7057    i.http_recv         httpd.o
    0x08005868   0x00000048   Code   RO         7058    i.http_send         httpd.o
    0x080058b0   0x0000006a   Code   RO         7059    i.http_send_data_nonssi  httpd.o
    0x0800591a   0x00000028   Code   RO         7060    i.http_sent         httpd.o
    0x08005942   0x00000016   Code   RO         7061    i.http_state_alloc  httpd.o
    0x08005958   0x00000022   Code   RO         7062    i.http_state_eof    httpd.o
    0x0800597a   0x00000014   Code   RO         7063    i.http_state_free   httpd.o
    0x0800598e   0x0000000e   Code   RO         7064    i.http_state_init   httpd.o
    0x0800599c   0x000000f4   Code   RO         7065    i.http_write        httpd.o
    0x08005a90   0x00000010   Code   RO         7066    i.httpd_init        httpd.o
    0x08005aa0   0x00000060   Code   RO         7067    i.httpd_init_addr   httpd.o
    0x08005b00   0x00000012   Code   RO         5461    i.icmp_dest_unreach  icmp.o
    0x08005b12   0x00000002   PAD
    0x08005b14   0x00000234   Code   RO         5462    i.icmp_input        icmp.o
    0x08005d48   0x00000098   Code   RO         5463    i.icmp_send_response  icmp.o
    0x08005de0   0x00000012   Code   RO         5464    i.icmp_time_exceeded  icmp.o
    0x08005df2   0x0000004c   Code   RO         6991    i.if_initInterface  sd_stm32.o
    0x08005e3e   0x00000018   Code   RO         6992    i.if_readBuf        sd_stm32.o
    0x08005e56   0x00000002   PAD
    0x08005e58   0x0000002c   Code   RO         6994    i.if_spiInit        sd_stm32.o
    0x08005e84   0x00000050   Code   RO         6995    i.if_spiSend        sd_stm32.o
    0x08005ed4   0x00000014   Code   RO         6996    i.if_writeBuf       sd_stm32.o
    0x08005ee8   0x00000014   Code   RO         5506    i.inet_chksum       inet_chksum.o
    0x08005efc   0x00000056   Code   RO         5507    i.inet_chksum_pbuf  inet_chksum.o
    0x08005f52   0x000000be   Code   RO         5508    i.inet_chksum_pseudo  inet_chksum.o
    0x08006010   0x00000028   Code   RO         6459    i.ioman_decUseCnt   ioman.o
    0x08006038   0x00000086   Code   RO         6460    i.ioman_directSectorRead  ioman.o
    0x080060be   0x000000a8   Code   RO         6461    i.ioman_directSectorWrite  ioman.o
    0x08006166   0x00000028   Code   RO         6462    i.ioman_findFreeSpot  ioman.o
    0x0800618e   0x00000074   Code   RO         6463    i.ioman_findOverallocableSpot  ioman.o
    0x08006202   0x00000036   Code   RO         6464    i.ioman_findSectorInCache  ioman.o
    0x08006238   0x00000092   Code   RO         6465    i.ioman_findUnusedSpot  ioman.o
    0x080062ca   0x0000006e   Code   RO         6467    i.ioman_flushRange  ioman.o
    0x08006338   0x00000060   Code   RO         6468    i.ioman_flushSector  ioman.o
    0x08006398   0x00000020   Code   RO         6469    i.ioman_getAttr     ioman.o
    0x080063b8   0x0000002e   Code   RO         6470    i.ioman_getBp       ioman.o
    0x080063e6   0x00000008   Code   RO         6471    i.ioman_getBuffer   ioman.o
    0x080063ee   0x00000018   Code   RO         6472    i.ioman_getPtr      ioman.o
    0x08006406   0x00000018   Code   RO         6473    i.ioman_getRefCnt   ioman.o
    0x0800641e   0x00000144   Code   RO         6474    i.ioman_getSector   ioman.o
    0x08006562   0x00000018   Code   RO         6475    i.ioman_getUseCnt   ioman.o
    0x0800657a   0x0000002a   Code   RO         6476    i.ioman_incRefCnt   ioman.o
    0x080065a4   0x0000002a   Code   RO         6477    i.ioman_incUseCnt   ioman.o
    0x080065ce   0x00000024   Code   RO         6478    i.ioman_init        ioman.o
    0x080065f2   0x00000080   Code   RO         6479    i.ioman_pop         ioman.o
    0x08006672   0x00000078   Code   RO         6481    i.ioman_push        ioman.o
    0x080066ea   0x0000004c   Code   RO         6482    i.ioman_putSectorInCache  ioman.o
    0x08006736   0x0000002e   Code   RO         6483    i.ioman_readSector  ioman.o
    0x08006764   0x0000005a   Code   RO         6484    i.ioman_releaseSector  ioman.o
    0x080067be   0x0000007a   Code   RO         6485    i.ioman_reset       ioman.o
    0x08006838   0x00000024   Code   RO         6486    i.ioman_resetCacheItem  ioman.o
    0x0800685c   0x00000038   Code   RO         6489    i.ioman_setAttr     ioman.o
    0x08006894   0x00000030   Code   RO         6490    i.ioman_writeSector  ioman.o
    0x080068c4   0x0000004e   Code   RO         5586    i.ip4_addr_isbroadcast  ip_addr.o
    0x08006912   0x00000002   PAD
    0x08006914   0x000001c0   Code   RO         5639    i.ip_frag           ip_frag.o
    0x08006ad4   0x0000000a   Code   RO         5640    i.ip_frag_alloc_pbuf_custom_ref  ip_frag.o
    0x08006ade   0x00000018   Code   RO         5641    i.ip_frag_free_pbuf_custom_ref  ip_frag.o
    0x08006af6   0x00000002   PAD
    0x08006af8   0x00000238   Code   RO         5547    i.ip_input          ip.o
    0x08006d30   0x0000005c   Code   RO         5548    i.ip_output         ip.o
    0x08006d8c   0x00000168   Code   RO         5549    i.ip_output_if      ip.o
    0x08006ef4   0x000001c8   Code   RO         5642    i.ip_reass          ip_frag.o
    0x080070bc   0x000001a8   Code   RO         5643    i.ip_reass_chain_frag_into_datagram_and_validate  ip_frag.o
    0x08007264   0x00000034   Code   RO         5644    i.ip_reass_dequeue_datagram  ip_frag.o
    0x08007298   0x00000064   Code   RO         5645    i.ip_reass_enqueue_new_datagram  ip_frag.o
    0x080072fc   0x000000dc   Code   RO         5646    i.ip_reass_free_complete_datagram  ip_frag.o
    0x080073d8   0x0000007c   Code   RO         5647    i.ip_reass_remove_oldest_datagram  ip_frag.o
    0x08007454   0x00000068   Code   RO         5550    i.ip_route          ip.o
    0x080074bc   0x00000192   Code   RO         5589    i.ipaddr_aton       ip_addr.o
    0x0800764e   0x0000002e   Code   RO         5649    i.ipfrag_free_pbuf_custom  ip_frag.o
    0x0800767c   0x0000008c   Code   RO         5855    i.low_level_init    ethernetif.o
    0x08007708   0x0000004c   Code   RO         5856    i.low_level_input   ethernetif.o
    0x08007754   0x00000034   Code   RO         5857    i.low_level_output  ethernetif.o
    0x08007788   0x00000044   Code   RO         6671    i.ls_openDir        ls.o
    0x080077cc   0x0000001a   Code   RO         4502    i.lwip_htonl        def.o
    0x080077e6   0x0000000c   Code   RO         4503    i.lwip_htons        def.o
    0x080077f2   0x0000000c   Code   RO         4504    i.lwip_ntohl        def.o
    0x080077fe   0x0000000c   Code   RO         4505    i.lwip_ntohs        def.o
    0x0800780a   0x0000005e   Code   RO         5510    i.lwip_standard_chksum  inet_chksum.o
    0x08007868   0x00000078   Code   RO            5    i.main              main.o
    0x080078e0   0x00000012   Code   RO         6800    i.memClr            plibc.o
    0x080078f2   0x00000018   Code   RO         6801    i.memCpy            plibc.o
    0x0800790a   0x00000002   PAD
    0x0800790c   0x000000a4   Code   RO         4598    i.mem_free          mem.o
    0x080079b0   0x00000068   Code   RO         4599    i.mem_init          mem.o
    0x08007a18   0x000001ac   Code   RO         4600    i.mem_malloc        mem.o
    0x08007bc4   0x0000019c   Code   RO         4601    i.mem_trim          mem.o
    0x08007d60   0x0000005c   Code   RO         4650    i.memp_free         memp.o
    0x08007dbc   0x0000009c   Code   RO         4651    i.memp_init         memp.o
    0x08007e58   0x000000c4   Code   RO         4652    i.memp_malloc       memp.o
    0x08007f1c   0x0000002c   Code   RO         6997    i.my_if_spiSend     sd_stm32.o
    0x08007f48   0x00000044   Code   RO         7377    i.my_smtp_result_fn  snmp_app.o
    0x08007f8c   0x00000094   Code   RO         7378    i.my_smtp_test      snmp_app.o
    0x08008020   0x00000038   Code   RO          586    i.netbios_init      netbios.o
    0x08008058   0x0000007e   Code   RO          587    i.netbios_name_decoding  netbios.o
    0x080080d6   0x00000002   PAD
    0x080080d8   0x00000110   Code   RO          588    i.netbios_recv      netbios.o
    0x080081e8   0x00000078   Code   RO         4694    i.netif_add         netif.o
    0x08008260   0x00000028   Code   RO         4698    i.netif_set_addr    netif.o
    0x08008288   0x0000000c   Code   RO         4699    i.netif_set_default  netif.o
    0x08008294   0x0000000c   Code   RO         4701    i.netif_set_gw      netif.o
    0x080082a0   0x00000088   Code   RO         4702    i.netif_set_ipaddr  netif.o
    0x08008328   0x0000000c   Code   RO         4705    i.netif_set_netmask  netif.o
    0x08008334   0x00000036   Code   RO         4706    i.netif_set_up      netif.o
    0x0800836a   0x00000024   Code   RO         6731    i.part_directSectorRead  partition.o
    0x0800838e   0x00000024   Code   RO         6732    i.part_directSectorWrite  partition.o
    0x080083b2   0x0000002e   Code   RO         6733    i.part_flushPart    partition.o
    0x080083e0   0x00000014   Code   RO         6734    i.part_getRealLBA   partition.o
    0x080083f4   0x00000024   Code   RO         6735    i.part_getSect      partition.o
    0x08008418   0x0000002e   Code   RO         6736    i.part_initPartition  partition.o
    0x08008446   0x00000026   Code   RO         6737    i.part_isFatPart    partition.o
    0x0800846c   0x00000012   Code   RO         6739    i.part_relSect      partition.o
    0x0800847e   0x00000212   Code   RO         4791    i.pbuf_alloc        pbuf.o
    0x08008690   0x0000006e   Code   RO         4792    i.pbuf_alloced_custom  pbuf.o
    0x080086fe   0x0000004c   Code   RO         4793    i.pbuf_cat          pbuf.o
    0x0800874a   0x00000016   Code   RO         4794    i.pbuf_chain        pbuf.o
    0x08008760   0x00000012   Code   RO         4795    i.pbuf_clen         pbuf.o
    0x08008772   0x000000e4   Code   RO         4797    i.pbuf_copy         pbuf.o
    0x08008856   0x0000009a   Code   RO         4798    i.pbuf_copy_partial  pbuf.o
    0x080088f0   0x000000ba   Code   RO         4800    i.pbuf_free         pbuf.o
    0x080089aa   0x0000002c   Code   RO         4801    i.pbuf_get_at       pbuf.o
    0x080089d6   0x0000008c   Code   RO         4802    i.pbuf_header       pbuf.o
    0x08008a62   0x00000078   Code   RO         4803    i.pbuf_memcmp       pbuf.o
    0x08008ada   0x0000004e   Code   RO         4804    i.pbuf_memfind      pbuf.o
    0x08008b28   0x000000b2   Code   RO         4805    i.pbuf_realloc      pbuf.o
    0x08008bda   0x0000000a   Code   RO         4806    i.pbuf_ref          pbuf.o
    0x08008be4   0x0000003e   Code   RO         4807    i.pbuf_strstr       pbuf.o
    0x08008c22   0x00000002   PAD
    0x08008c24   0x000000b8   Code   RO         4602    i.plug_holes        mem.o
    0x08008cdc   0x000001a8   Code   RO          609    i.process_tftp_request  tftpserver.o
    0x08008e84   0x00000078   Code   RO         4910    i.raw_input         raw.o
    0x08008efc   0x00000022   Code   RO          610    i.recv_callback_tftp  tftpserver.o
    0x08008f1e   0x00000002   PAD
    0x08008f20   0x00000070   Code   RO          611    i.rrq_recv_callback  tftpserver.o
    0x08008f90   0x00000052   Code   RO         6886    i.sd_Command        sd.o
    0x08008fe2   0x0000008c   Code   RO         6887    i.sd_Command_crc    sd.o
    0x0800906e   0x00000002   PAD
    0x08009070   0x00000278   Code   RO         6888    i.sd_Init           sd.o
    0x080092e8   0x00000020   Code   RO         6889    i.sd_Resp16b        sd.o
    0x08009308   0x00000026   Code   RO         6890    i.sd_Resp8b         sd.o
    0x0800932e   0x00000034   Code   RO         6891    i.sd_Resp8bError    sd.o
    0x08009362   0x00000070   Code   RO         6892    i.sd_State          sd.o
    0x080093d2   0x00000002   PAD
    0x080093d4   0x00000170   Code   RO         6893    i.sd_getDriveSize   sd.o
    0x08009544   0x000000b4   Code   RO         6894    i.sd_readSector     sd.o
    0x080095f8   0x0000008c   Code   RO         6895    i.sd_writeSector    sd.o
    0x08009684   0x000000f4   Code   RO         7217    i.smtp_base64_encode  smtp.o
    0x08009778   0x0000003c   Code   RO         7218    i.smtp_close        smtp.o
    0x080097b4   0x00000038   Code   RO         7219    i.smtp_free         smtp.o
    0x080097ec   0x00000048   Code   RO         7220    i.smtp_is_response  smtp.o
    0x08009834   0x00000060   Code   RO         7221    i.smtp_is_response_finished  smtp.o
    0x08009894   0x00000064   Code   RO         7222    i.smtp_prepare_auth_login_pass  smtp.o
    0x080098f8   0x00000064   Code   RO         7223    i.smtp_prepare_auth_login_uname  smtp.o
    0x0800995c   0x000000bc   Code   RO         7224    i.smtp_prepare_auth_or_mail  smtp.o
    0x08009a18   0x000000c4   Code   RO         7225    i.smtp_prepare_header  smtp.o
    0x08009adc   0x0000007c   Code   RO         7226    i.smtp_prepare_helo  smtp.o
    0x08009b58   0x00000068   Code   RO         7227    i.smtp_prepare_mail  smtp.o
    0x08009bc0   0x00000034   Code   RO         7228    i.smtp_prepare_quit  smtp.o
    0x08009bf4   0x00000064   Code   RO         7229    i.smtp_prepare_rcpt  smtp.o
    0x08009c58   0x00000224   Code   RO         7230    i.smtp_process      smtp.o
    0x08009e7c   0x00000088   Code   RO         7231    i.smtp_send_body    smtp.o
    0x08009f04   0x0000011c   Code   RO         7232    i.smtp_send_mail    smtp.o
    0x0800a020   0x000001dc   Code   RO         7233    i.smtp_send_mail_alloced  smtp.o
    0x0800a1fc   0x000000a0   Code   RO         7236    i.smtp_set_auth     smtp.o
    0x0800a29c   0x0000002c   Code   RO         7237    i.smtp_set_server_addr  smtp.o
    0x0800a2c8   0x00000044   Code   RO         7239    i.smtp_tcp_connected  smtp.o
    0x0800a30c   0x00000016   Code   RO         7240    i.smtp_tcp_err      smtp.o
    0x0800a322   0x00000024   Code   RO         7241    i.smtp_tcp_poll     smtp.o
    0x0800a346   0x00000032   Code   RO         7242    i.smtp_tcp_recv     smtp.o
    0x0800a378   0x00000016   Code   RO         7243    i.smtp_tcp_sent     smtp.o
    0x0800a38e   0x00000046   Code   RO         7244    i.smtp_verify       smtp.o
    0x0800a3d4   0x0000001e   Code   RO         6803    i.strMatch          plibc.o
    0x0800a3f2   0x0000004e   Code   RO         7068    i.strnstr           httpd.o
    0x0800a440   0x000000a0   Code   RO         4989    i.tcp_abandon       tcp.o
    0x0800a4e0   0x0000000e   Code   RO         4990    i.tcp_abort         tcp.o
    0x0800a4ee   0x00000004   Code   RO         4991    i.tcp_accept        tcp.o
    0x0800a4f2   0x00000008   Code   RO         4992    i.tcp_accept_null   tcp.o
    0x0800a4fa   0x00000002   PAD
    0x0800a4fc   0x00000118   Code   RO         4993    i.tcp_alloc         tcp.o
    0x0800a614   0x00000004   Code   RO         4994    i.tcp_arg           tcp.o
    0x0800a618   0x000000b0   Code   RO         4995    i.tcp_bind          tcp.o
    0x0800a6c8   0x00000064   Code   RO          387    i.tcp_client_callback  client_tcpudp.o
    0x0800a72c   0x00000060   Code   RO          388    i.tcp_client_connected  client_tcpudp.o
    0x0800a78c   0x00000028   Code   RO          389    i.tcp_client_err    client_tcpudp.o
    0x0800a7b4   0x000002d8   Code   RO          391    i.tcp_client_reciver  client_tcpudp.o
    0x0800aa8c   0x0000001c   Code   RO         4996    i.tcp_close         tcp.o
    0x0800aaa8   0x000001d4   Code   RO         4997    i.tcp_close_shutdown  tcp.o
    0x0800ac7c   0x0000015c   Code   RO         4998    i.tcp_connect       tcp.o
    0x0800add8   0x000000e0   Code   RO         5275    i.tcp_create_segment  tcp_out.o
    0x0800aeb8   0x0000002e   Code   RO         5000    i.tcp_eff_send_mss  tcp.o
    0x0800aee6   0x00000002   PAD
    0x0800aee8   0x0000018c   Code   RO         5276    i.tcp_enqueue_flags  tcp_out.o
    0x0800b074   0x00000014   Code   RO         5001    i.tcp_err           tcp.o
    0x0800b088   0x00000084   Code   RO         5002    i.tcp_fasttmr       tcp.o
    0x0800b10c   0x000005a4   Code   RO         5224    i.tcp_input         tcp_in.o
    0x0800b6b0   0x00000068   Code   RO         5277    i.tcp_keepalive     tcp_out.o
    0x0800b718   0x00000054   Code   RO         5004    i.tcp_kill_prio     tcp.o
    0x0800b76c   0x0000003c   Code   RO         5005    i.tcp_kill_timewait  tcp.o
    0x0800b7a8   0x00000148   Code   RO         5225    i.tcp_listen_input  tcp_in.o
    0x0800b8f0   0x000000dc   Code   RO         5006    i.tcp_listen_with_backlog  tcp.o
    0x0800b9cc   0x0000000a   Code   RO         5007    i.tcp_new           tcp.o
    0x0800b9d6   0x00000002   PAD
    0x0800b9d8   0x00000068   Code   RO         5008    i.tcp_new_port      tcp.o
    0x0800ba40   0x0000001c   Code   RO         5009    i.tcp_next_iss      tcp.o
    0x0800ba5c   0x000001e0   Code   RO         5278    i.tcp_output        tcp_out.o
    0x0800bc3c   0x0000009c   Code   RO         5279    i.tcp_output_alloc_header  tcp_out.o
    0x0800bcd8   0x000000f4   Code   RO         5280    i.tcp_output_segment  tcp_out.o
    0x0800bdcc   0x000000b8   Code   RO         5226    i.tcp_parseopt      tcp_in.o
    0x0800be84   0x0000008a   Code   RO         5281    i.tcp_pbuf_prealloc  tcp_out.o
    0x0800bf0e   0x00000040   Code   RO         5010    i.tcp_pcb_purge     tcp.o
    0x0800bf4e   0x00000002   PAD
    0x0800bf50   0x000000a0   Code   RO         5011    i.tcp_pcb_remove    tcp.o
    0x0800bff0   0x00000018   Code   RO         5012    i.tcp_poll          tcp.o
    0x0800c008   0x000005d4   Code   RO         5227    i.tcp_process       tcp_in.o
    0x0800c5dc   0x0000008c   Code   RO         5013    i.tcp_process_refused_data  tcp.o
    0x0800c668   0x00000708   Code   RO         5228    i.tcp_receive       tcp_in.o
    0x0800cd70   0x00000012   Code   RO         5014    i.tcp_recv          tcp.o
    0x0800cd82   0x0000002e   Code   RO         5015    i.tcp_recv_null     tcp.o
    0x0800cdb0   0x00000060   Code   RO         5016    i.tcp_recved        tcp.o
    0x0800ce10   0x00000058   Code   RO         5282    i.tcp_rexmit        tcp_out.o
    0x0800ce68   0x00000070   Code   RO         5283    i.tcp_rexmit_fast   tcp_out.o
    0x0800ced8   0x00000038   Code   RO         5284    i.tcp_rexmit_rto    tcp_out.o
    0x0800cf10   0x000000c4   Code   RO         5285    i.tcp_rst           tcp_out.o
    0x0800cfd4   0x0000001a   Code   RO         5017    i.tcp_seg_free      tcp.o
    0x0800cfee   0x00000018   Code   RO         5018    i.tcp_segs_free     tcp.o
    0x0800d006   0x00000060   Code   RO         5286    i.tcp_send_empty_ack  tcp_out.o
    0x0800d066   0x0000004a   Code   RO         5287    i.tcp_send_fin      tcp_out.o
    0x0800d0b0   0x00000012   Code   RO         5019    i.tcp_sent          tcp.o
    0x0800d0c2   0x00000004   Code   RO         5020    i.tcp_setprio       tcp.o
    0x0800d0c6   0x00000002   PAD
    0x0800d0c8   0x00000034   Code   RO          392    i.tcp_sever_test    client_tcpudp.o
    0x0800d0fc   0x00000388   Code   RO         5022    i.tcp_slowtmr       tcp.o
    0x0800d484   0x00000002   Code   RO         5705    i.tcp_timer_needed  timers.o
    0x0800d486   0x00000002   PAD
    0x0800d488   0x000000ac   Code   RO         5229    i.tcp_timewait_input  tcp_in.o
    0x0800d534   0x00000024   Code   RO         5023    i.tcp_tmr           tcp.o
    0x0800d558   0x00000058   Code   RO         5024    i.tcp_update_rcv_ann_wnd  tcp.o
    0x0800d5b0   0x0000044c   Code   RO         5288    i.tcp_write         tcp_out.o
    0x0800d9fc   0x0000009c   Code   RO         5289    i.tcp_write_checks  tcp_out.o
    0x0800da98   0x000000cc   Code   RO         5290    i.tcp_zero_window_probe  tcp_out.o
    0x0800db64   0x00000044   Code   RO          612    i.tftp_cleanup_rd   tftpserver.o
    0x0800dba8   0x00000044   Code   RO          613    i.tftp_cleanup_wr   tftpserver.o
    0x0800dbec   0x00000038   Code   RO          614    i.tftp_construct_error_message  tftpserver.o
    0x0800dc24   0x00000006   Code   RO          724    i.tftp_decode_op    tftputils.o
    0x0800dc2a   0x00000010   Code   RO          725    i.tftp_extract_block  tftputils.o
    0x0800dc3a   0x00000010   Code   RO          726    i.tftp_extract_filename  tftputils.o
    0x0800dc4a   0x00000026   Code   RO          727    i.tftp_is_correct_ack  tftputils.o
    0x0800dc70   0x000000c0   Code   RO          615    i.tftp_process_read  tftpserver.o
    0x0800dd30   0x000000a4   Code   RO          616    i.tftp_process_write  tftpserver.o
    0x0800ddd4   0x00000030   Code   RO          617    i.tftp_send_ack_packet  tftpserver.o
    0x0800de04   0x0000004c   Code   RO          618    i.tftp_send_data_packet  tftpserver.o
    0x0800de50   0x00000032   Code   RO          619    i.tftp_send_error_message  tftpserver.o
    0x0800de82   0x00000050   Code   RO          620    i.tftp_send_message  tftpserver.o
    0x0800ded2   0x00000002   PAD
    0x0800ded4   0x0000003c   Code   RO          621    i.tftp_send_next_block  tftpserver.o
    0x0800df10   0x00000014   Code   RO          728    i.tftp_set_block    tftputils.o
    0x0800df24   0x00000014   Code   RO          729    i.tftp_set_data_message  tftputils.o
    0x0800df38   0x00000008   Code   RO          730    i.tftp_set_errorcode  tftputils.o
    0x0800df40   0x00000010   Code   RO          731    i.tftp_set_errormsg  tftputils.o
    0x0800df50   0x00000008   Code   RO          732    i.tftp_set_opcode   tftputils.o
    0x0800df58   0x00000040   Code   RO          622    i.tftpd_init        tftpserver.o
    0x0800df98   0x00000088   Code   RO         5372    i.udp_bind          udp.o
    0x0800e020   0x0000005c   Code   RO          393    i.udp_client_callback  client_tcpudp.o
    0x0800e07c   0x00000040   Code   RO          394    i.udp_client_callback_app  client_tcpudp.o
    0x0800e0bc   0x00000010   Code   RO         5374    i.udp_disconnect    udp.o
    0x0800e0cc   0x00000258   Code   RO         5376    i.udp_input         udp.o
    0x0800e324   0x0000001c   Code   RO         5377    i.udp_new           udp.o
    0x0800e340   0x00000058   Code   RO         5378    i.udp_new_port      udp.o
    0x0800e398   0x00000006   Code   RO         5379    i.udp_recv          udp.o
    0x0800e39e   0x00000002   PAD
    0x0800e3a0   0x00000040   Code   RO         5380    i.udp_remove        udp.o
    0x0800e3e0   0x00000048   Code   RO         5382    i.udp_sendto        udp.o
    0x0800e428   0x0000012c   Code   RO         5383    i.udp_sendto_if     udp.o
    0x0800e554   0x000000cc   Code   RO          623    i.wrq_recv_callback  tftpserver.o
    0x0800e620   0x00000024   Data   RO         4654    .constdata          memp.o
    0x0800e644   0x00000050   Data   RO         5025    .constdata          tcp.o
    0x0800e694   0x00000008   Data   RO         5593    .constdata          ip_addr.o
    0x0800e69c   0x0000000c   Data   RO         5771    .constdata          etharp.o
    0x0800e6a8   0x00006aa4   Data   RO         7187    .constdata          fs_lwip.o
    0x0801514c   0x00000040   Data   RO         7246    .constdata          smtp.o
    0x0801518c   0x00000081   Data   RO         7703    .constdata          ctype_o.o(mc_w.l)
    0x0801520d   0x00000003   PAD
    0x08015210   0x00000004   Data   RO         7704    .constdata          ctype_o.o(mc_w.l)
    0x08015214   0x00000092   Data   RO          625    .conststring        tftpserver.o
    0x080152a6   0x00000068   Data   RO         5026    .conststring        tcp.o
    0x0801530e   0x00000002   PAD
    0x08015310   0x00000020   Data   RO         7759    Region$$Table       anon$$obj.o


    Execution Region RW_IRAM1 (Base: 0x20000000, Size: 0x0000e810, Max: 0x00010000, ABSOLUTE, COMPRESSED[0x00000184])

    Base Addr    Size         Type   Attr      Idx    E Section Name        Object

    0x20000000   0x0000000c   Data   RW            6    .data               main.o
    0x2000000c   0x00000020   Data   RW          167    .data               netconf.o
    0x2000002c   0x00000c24   Data   RW          396    .data               client_tcpudp.o
    0x20000c50   0x00000030   Data   RW          507    .data               filesystem.o
    0x20000c80   0x0000003c   Data   RW          626    .data               tftpserver.o
    0x20000cbc   0x00000017   Data   RW          821    .data               ds18b20srom.o
    0x20000cd3   0x00000001   PAD
    0x20000cd4   0x00000115   Data   RW          934    .data               ds18b20sech.o
    0x20000de9   0x00000014   Data   RW         2482    .data               stm32f10x_rcc.o
    0x20000dfd   0x00000003   PAD
    0x20000e00   0x00000010   Data   RW         3994    .data               stm32_eth.o
    0x20000e10   0x0000000c   Data   RW         4604    .data               mem.o
    0x20000e1c   0x00000004   Data   RW         4655    .data               memp.o
    0x20000e20   0x00000009   Data   RW         4707    .data               netif.o
    0x20000e29   0x00000003   PAD
    0x20000e2c   0x00000004   Data   RW         4916    .data               raw.o
    0x20000e30   0x00000023   Data   RW         5027    .data               tcp.o
    0x20000e53   0x00000001   PAD
    0x20000e54   0x00000020   Data   RW         5231    .data               tcp_in.o
    0x20000e74   0x00000008   Data   RW         5384    .data               udp.o
    0x20000e7c   0x00000012   Data   RW         5551    .data               ip.o
    0x20000e8e   0x00000002   PAD
    0x20000e90   0x00000006   Data   RW         5650    .data               ip_frag.o
    0x20000e96   0x00000001   Data   RW         5772    .data               etharp.o
    0x20000e97   0x00000001   PAD
    0x20000e98   0x00000012   Data   RW         5859    .data               ethernetif.o
    0x20000eaa   0x00000002   PAD
    0x20000eac   0x00000008   Data   RW         6898    .data               sd.o
    0x20000eb4   0x00000010   Data   RW         7247    .data               smtp.o
    0x20000ec4   0x00000004   Data   RW         7733    .data               errno.o(mc_w.l)
    0x20000ec8   0x00000034   Zero   RW          166    .bss                netconf.o
    0x20000efc   0x0000000a   Zero   RW          395    .bss                client_tcpudp.o
    0x20000f06   0x00000002   PAD
    0x20000f08   0x00000c80   Zero   RW          506    .bss                filesystem.o
    0x20001b88   0x00000670   Zero   RW          624    .bss                tftpserver.o
    0x200021f8   0x00000043   Zero   RW          820    .bss                ds18b20srom.o
    0x2000223b   0x00001878   Zero   RW         4603    .bss                mem.o
    0x20003ab3   0x00000001   PAD
    0x20003ab4   0x000068c3   Zero   RW         4653    .bss                memp.o
    0x2000a377   0x00000001   PAD
    0x2000a378   0x0000010c   Zero   RW         4965    .bss                stats.o
    0x2000a484   0x00000010   Zero   RW         5230    .bss                tcp_in.o
    0x2000a494   0x000000c8   Zero   RW         5770    .bss                etharp.o
    0x2000a55c   0x000029e8   Zero   RW         5858    .bss                ethernetif.o
    0x2000cf44   0x00000738   Zero   RW         7069    .bss                httpd.o
    0x2000d67c   0x00000194   Zero   RW         7245    .bss                smtp.o
    0x2000d810   0x00001000   Zero   RW         5959    STACK               startup_stm32f10x_cl.o


==============================================================================

Image component sizes


      Code (inc. data)   RO Data    RW Data    ZI Data      Debug   Object Name

      1686        298          0       3108         10      19203   client_tcpudp.o
        62          0          0          0          0       2084   def.o
      1066          0          0          0          0      10238   dir.o
        80          0          0          0          0       1383   disc.o
       428         48          0        277          0       5547   ds18b20sech.o
      1714         98          0         23         67       9125   ds18b20srom.o
       122          0          0          0          0        907   efs.o
      2810         78         12          1        200      12661   etharp.o
       908        110          0         18      10728       8744   ethernetif.o
       122          0          0          0          0       1987   extract.o
      1802          6          0          0          0       9504   fat.o
      1892          0          0          0          0      10029   file.o
       708        166          0         48       3200       6008   filesystem.o
      1236          0          0          0          0      12158   fs.o
        80          4      27300          0          0       4054   fs_lwip.o
      2254        166          0          0       1848      19271   httpd.o
       752         16          0          0          0       3622   icmp.o
         0          0          0          0          0       3844   inet.o
       390          0          0          0          0       3550   inet_chksum.o
         0          0          0          0          0        680   init.o
      2228          0          0          0          0      18050   ioman.o
      1124         48          0         18          0       7273   ip.o
       480          6          8          0          0       8396   ip_addr.o
      1904         46          0          6          0       9137   ip_frag.o
        68          0          0          0          0        973   ls.o
       320         36          0         12          0     308464   main.o
      1656        146          0         12       6264       5597   mem.o
       444         36         36          4      26819       3983   memp.o
       172         32          0          0          0       2221   misc.o
       454         26          0          0          0       3691   netbios.o
       176         42          0         32         52      21127   netconf.o
       386         24          0          9          0       7121   netif.o
       276          0          0          0          0       5120   partition.o
      1956          0          0          0          0      12360   pbuf.o
        72          0          0          0          0       1961   plibc.o
       120         12          0          4          0       1544   raw.o
      1870         44          0          8          0      11967   sd.o
       440         28          0          0          0       4868   sd_stm32.o
      3408        296         64         16        404      21806   smtp.o
       216         92          0          0          0       1135   snmp_app.o
        28          4        336          0       4096        568   startup_stm32f10x_cl.o
         0          0          0          0        268       3213   stats.o
      1584        138          0         16          0      14551   stm32_eth.o
       614         32          0          0          0       7594   stm32f107.o
       418         10          0          0          0       5170   stm32f10x_gpio.o
        72          0          0          0          0       4751   stm32f10x_it.o
       540         52          0         20          0       7122   stm32f10x_rcc.o
       112          0          0          0          0       4054   stm32f10x_spi.o
       182         10          0          0          0       7854   stm32f10x_tim.o
       384         32          0          0          0       2097   system_stm32f10x.o
      3842        204        184         35          0      31972   tcp.o
      5420        190          0         32         16      16683   tcp_in.o
      3824         50          0          0          0      14319   tcp_out.o
      1792        188        146         60       1648      13853   tftpserver.o
       148          0          0          0          0       5356   tftputils.o
         4          0          0          0          0        444   time.o
         2          0          0          0          0        455   timers.o
      1310         44          0          8          0       8722   udp.o

    ----------------------------------------------------------------------
     56228       2858      28120       3780      55624     750171   Object Totals
         0          0         32          0          0          0   (incl. Generated)
        70          0          2         13          4          1   (incl. Padding)

    ----------------------------------------------------------------------

      Code (inc. data)   RO Data    RW Data    ZI Data      Debug   Library Member Name

        94          0          0          0          0          0   __dczerorl2.o
        32          0          0          0          0         68   _chval.o
       152          0          0          0          0         88   _strtoul.o
         8          4        133          0          0         68   ctype_o.o
       234          0          0          0          0        128   depilogue.o
        82          0          0          0          0         80   dfixi.o
        34          0          0          0          0         76   dflti.o
       240          0          0          0          0         96   dmul.o
         0          0          0          0          0          0   entry.o
         8          4          0          0          0          0   entry2.o
         4          0          0          0          0          0   entry5.o
         8          4          0          0          0          0   entry7.o
         8          4          0          4          0         68   errno.o
        30          0          0          0          0          0   handlers.o
        36          8          0          0          0         68   init.o
         0          0          0          0          0          0   iusefp.o
        32          0          0          0          0         68   llshl.o
        30          0          0          0          0         68   llushr.o
        26          0          0          0          0         76   memcmp.o
        36          0          0          0          0         68   memcpya.o
        38          0          0          0          0        108   memseta.o
       902         10          0          0          0        416   printf6.o
        18          0          0          0          0         68   strchr.o
        28          0          0          0          0         76   strcmp.o
        18          0          0          0          0         68   strcpy.o
        16          0          0          0          0         68   strlen.o
        30          0          0          0          0         76   strncmp.o
        44          0          0          0          0         76   strstr.o
       112          0          0          0          0         88   strtol.o
        44          0          0          0          0         76   uidiv.o

    ----------------------------------------------------------------------
      2348         34        136          4          0       2140   Library Totals
         4          0          3          0          0          0   (incl. Padding)

    ----------------------------------------------------------------------

      Code (inc. data)   RO Data    RW Data    ZI Data      Debug   Library Name

      1754         34        133          4          0       1760   mc_w.l
       590          0          0          0          0        380   mf_w.l

    ----------------------------------------------------------------------
      2348         34        136          4          0       2140   Library Totals

    ----------------------------------------------------------------------

==============================================================================


      Code (inc. data)   RO Data    RW Data    ZI Data      Debug   

     58576       2892      28256       3784      55624     727712   Grand Totals
     58576       2892      28256        388      55624     727712   ELF Image Totals (compressed)
     58576       2892      28256        388          0          0   ROM Totals

==============================================================================

    Total RO  Size (Code + RO Data)                86832 (  84.80kB)
    Total RW  Size (RW Data + ZI Data)             59408 (  58.02kB)
    Total ROM Size (Code + RO Data + RW Data)      87220 (  85.18kB)

==============================================================================

