<!doctype html public "-//w3c//dtd html 4.0 transitional//en">
<html><head>
<title>Static Call Graph - [.\obj\lwip_gnu.axf]</title></head>
<body><HR>
<H1>Static Call Graph for image .\obj\lwip_gnu.axf</H1><HR>
<BR><P>#&#060CALLGRAPH&#062# ARM Linker, RVCT4.0 [Build 728]: Last Updated: Mon Jun 27 19:31:26 2016
<BR><P>
<H3>Maximum Stack Usage =       1068 bytes + Unknown(Untraceable Function Pointers)</H3><H3>
Call chain for Maximum Stack Depth:</H3>
recv_callback_tftp &rArr; process_tftp_request &rArr; tftp_process_read &rArr; tftp_send_next_block &rArr; tftp_send_data_packet &rArr; tftp_send_message &rArr; udp_sendto &rArr; udp_sendto_if &rArr; ip_output_if &rArr; ip_frag &rArr; pbuf_alloc &rArr; pbuf_free &rArr; mem_free &rArr; plug_holes
<P>
<H3>
Function Pointers
</H3><UL>
 <LI><a href="#[27b3788]">Reset_Handler</a>
 <LI><a href="#[17b9c2c]">NMI_Handler</a>
 <LI><a href="#[17b9ca4]">HardFault_Handler</a>
 <LI><a href="#[17b9c68]">MemManage_Handler</a>
 <LI><a href="#[17b9d58]">BusFault_Handler</a>
 <LI><a href="#[17b9b3c]">UsageFault_Handler</a>
 <LI><a href="#[17b9bb4]">SVC_Handler</a>
 <LI><a href="#[17b9d1c]">DebugMon_Handler</a>
 <LI><a href="#[17b9bf0]">PendSV_Handler</a>
 <LI><a href="#[17b9b78]">SysTick_Handler</a>
 <LI><a href="#[27b2720]">WWDG_IRQHandler</a>
 <LI><a href="#[27b2c84]">PVD_IRQHandler</a>
 <LI><a href="#[27b2ae0]">TAMPER_IRQHandler</a>
 <LI><a href="#[27b2bd0]">RTC_IRQHandler</a>
 <LI><a href="#[27b2e28]">FLASH_IRQHandler</a>
 <LI><a href="#[27b2c48]">RCC_IRQHandler</a>
 <LI><a href="#[27b2fcc]">EXTI0_IRQHandler</a>
 <LI><a href="#[27b2f54]">EXTI1_IRQHandler</a>
 <LI><a href="#[27b2f18]">EXTI2_IRQHandler</a>
 <LI><a href="#[27b2edc]">EXTI3_IRQHandler</a>
 <LI><a href="#[27b2ea0]">EXTI4_IRQHandler</a>
 <LI><a href="#[27b3314]">DMA1_Channel1_IRQHandler</a>
 <LI><a href="#[27b32d8]">DMA1_Channel2_IRQHandler</a>
 <LI><a href="#[27b329c]">DMA1_Channel3_IRQHandler</a>
 <LI><a href="#[27b3260]">DMA1_Channel4_IRQHandler</a>
 <LI><a href="#[27b3224]">DMA1_Channel5_IRQHandler</a>
 <LI><a href="#[27b31e8]">DMA1_Channel6_IRQHandler</a>
 <LI><a href="#[27b31ac]">DMA1_Channel7_IRQHandler</a>
 <LI><a href="#[27b3530]">ADC1_2_IRQHandler</a>
 <LI><a href="#[27b3440]">CAN1_TX_IRQHandler</a>
 <LI><a href="#[27b34f4]">CAN1_RX0_IRQHandler</a>
 <LI><a href="#[27b34b8]">CAN1_RX1_IRQHandler</a>
 <LI><a href="#[27b347c]">CAN1_SCE_IRQHandler</a>
 <LI><a href="#[27b2e64]">EXTI9_5_IRQHandler</a>
 <LI><a href="#[27b2aa4]">TIM1_BRK_IRQHandler</a>
 <LI><a href="#[27b29f0]">TIM1_UP_IRQHandler</a>
 <LI><a href="#[27b2a2c]">TIM1_TRG_COM_IRQHandler</a>
 <LI><a href="#[27b2a68]">TIM1_CC_IRQHandler</a>
 <LI><a href="#[17bd958]">TIM2_IRQHandler</a>
 <LI><a href="#[27b2978]">TIM3_IRQHandler</a>
 <LI><a href="#[27b293c]">TIM4_IRQHandler</a>
 <LI><a href="#[27b2db0]">I2C1_EV_IRQHandler</a>
 <LI><a href="#[27b2dec]">I2C1_ER_IRQHandler</a>
 <LI><a href="#[27b2d38]">I2C2_EV_IRQHandler</a>
 <LI><a href="#[27b2d74]">I2C2_ER_IRQHandler</a>
 <LI><a href="#[27b2b94]">SPI1_IRQHandler</a>
 <LI><a href="#[27b2b58]">SPI2_IRQHandler</a>
 <LI><a href="#[27b27d4]">USART1_IRQHandler</a>
 <LI><a href="#[27b2798]">USART2_IRQHandler</a>
 <LI><a href="#[27b275c]">USART3_IRQHandler</a>
 <LI><a href="#[27b2f90]">EXTI15_10_IRQHandler</a>
 <LI><a href="#[27b2c0c]">RTCAlarm_IRQHandler</a>
 <LI><a href="#[27b2cc0]">OTG_FS_WKUP_IRQHandler</a>
 <LI><a href="#[27b2900]">TIM5_IRQHandler</a>
 <LI><a href="#[27b2b1c]">SPI3_IRQHandler</a>
 <LI><a href="#[27b284c]">UART4_IRQHandler</a>
 <LI><a href="#[27b2810]">UART5_IRQHandler</a>
 <LI><a href="#[27b28c4]">TIM6_IRQHandler</a>
 <LI><a href="#[27b2888]">TIM7_IRQHandler</a>
 <LI><a href="#[27b3170]">DMA2_Channel1_IRQHandler</a>
 <LI><a href="#[27b3134]">DMA2_Channel2_IRQHandler</a>
 <LI><a href="#[27b30f8]">DMA2_Channel3_IRQHandler</a>
 <LI><a href="#[27b30bc]">DMA2_Channel4_IRQHandler</a>
 <LI><a href="#[27b3080]">DMA2_Channel5_IRQHandler</a>
 <LI><a href="#[17b9ce0]">ETH_IRQHandler</a>
 <LI><a href="#[27b3008]">ETH_WKUP_IRQHandler</a>
 <LI><a href="#[27b3350]">CAN2_TX_IRQHandler</a>
 <LI><a href="#[27b3404]">CAN2_RX0_IRQHandler</a>
 <LI><a href="#[27b33c8]">CAN2_RX1_IRQHandler</a>
 <LI><a href="#[27b338c]">CAN2_SCE_IRQHandler</a>
 <LI><a href="#[27b2cfc]">OTG_FS_IRQHandler</a>
 <LI><a href="#[17bd8e0]">main</a>
 <LI><a href="#[28d58fc]">__main</a>
 <LI><a href="#[17bb234]">ethernet_input</a>
 <LI><a href="#[17bb1f8]">ethernetif_init</a>
 <LI><a href="#[17b6914]">Tcp_recv</a>
 <LI><a href="#[17b7454]">conn_err</a>
 <LI><a href="#[28cf0ec]">_sputc</a>
 <LI><a href="#[27b5e70]">etharp_output</a>
 <LI><a href="#[27b4cdc]">low_level_output</a>
 <LI><a href="#[285a4ec]">http_recv</a>
 <LI><a href="#[285a654]">http_err</a>
 <LI><a href="#[285a528]">http_poll</a>
 <LI><a href="#[285a438]">http_sent</a>
 <LI><a href="#[285a528]">http_poll</a>
 <LI><a href="#[285a780]">http_accept</a>
 <LI><a href="#[26acdc8]">ipfrag_free_pbuf_custom</a>
 <LI><a href="#[28d5a28]">my_smtp_result_fn</a>
 <LI><a href="#[17b3c50]">netbios_recv</a>
 <LI><a href="#[253d4f0]">recv_callback_tftp</a>
 <LI><a href="#[28d63c4]">smtp_tcp_recv</a>
 <LI><a href="#[28d643c]">smtp_tcp_err</a>
 <LI><a href="#[28d6400]">smtp_tcp_poll</a>
 <LI><a href="#[28d6388]">smtp_tcp_sent</a>
 <LI><a href="#[28d6478]">smtp_tcp_connected</a>
 <LI><a href="#[26b5798]">tcp_recv_null</a>
 <LI><a href="#[17b689c]">tcp_client_connected</a>
 <LI><a href="#[17b6860]">tcp_client_err</a>
 <LI><a href="#[17b67e8]">tcp_client_reciver</a>
 <LI><a href="#[26b60f8]">tcp_accept_null</a>
 <LI><a href="#[17b6950]">Tcp_accept</a>
 <LI><a href="#[253d4f0]">recv_callback_tftp</a>
 <LI><a href="#[253d4f0]">recv_callback_tftp</a>
 <LI><a href="#[253d4b4]">rrq_recv_callback</a>
 <LI><a href="#[253d220]">wrq_recv_callback</a>
 <LI><a href="#[253d4f0]">recv_callback_tftp</a>
 <LI><a href="#[17b67ac]">udp_client_callback</a>
</UL>
<P>
<H3>
Global Symbols
</H3>
<P><STRONG><a name="[28d58fc]"></a>__main</STRONG> (Thumb, 0 bytes, Stack size unknown bytes, entry.o(.ARM.Collect$$$$00000000))
<BR>[Address Reference Count : 1]<UL><LI> startup_stm32f10x_cl.o(.text)
</UL>
<P><STRONG><a name="[28cae98]"></a>_main_stk</STRONG> (Thumb, 0 bytes, Stack size unknown bytes, entry2.o(.ARM.Collect$$$$00000001))

<P><STRONG><a name="[28cad6c]"></a>_main_scatterload</STRONG> (Thumb, 0 bytes, Stack size unknown bytes, entry5.o(.ARM.Collect$$$$00000004))
<BR><BR>[Calls]<UL><LI><a href="#[28c8ef4]">&gt;&gt;</a>&nbsp;&nbsp;&nbsp;__scatterload
</UL>

<P><STRONG><a name="[28cad30]"></a>__main_after_scatterload</STRONG> (Thumb, 0 bytes, Stack size unknown bytes, entry5.o(.ARM.Collect$$$$00000004))
<BR><BR>[Called By]<UL><LI><a href="#[28c8ef4]">&gt;&gt;</a>&nbsp;&nbsp;&nbsp;__scatterload
</UL>

<P><STRONG><a name="[28cac40]"></a>_main_init</STRONG> (Thumb, 0 bytes, Stack size unknown bytes, entry7.o(.ARM.Collect$$$$00000007))

<P><STRONG><a name="[17b9d94]"></a>wait</STRONG> (Thumb, 2 bytes, Stack size 0 bytes, stm32f10x_it.o(.emb_text))
<BR><BR>[Called By]<UL><LI><a href="#[17b9ca4]">&gt;&gt;</a>&nbsp;&nbsp;&nbsp;HardFault_Handler
</UL>

<P><STRONG><a name="[27b3788]"></a>Reset_Handler</STRONG> (Thumb, 4 bytes, Stack size 0 bytes, startup_stm32f10x_cl.o(.text))
<BR>[Address Reference Count : 1]<UL><LI> startup_stm32f10x_cl.o(RESET)
</UL>
<P><STRONG><a name="[27b3530]"></a>ADC1_2_IRQHandler</STRONG> (Thumb, 0 bytes, Stack size 0 bytes, startup_stm32f10x_cl.o(.text))
<BR>[Address Reference Count : 1]<UL><LI> startup_stm32f10x_cl.o(RESET)
</UL>
<P><STRONG><a name="[27b34f4]"></a>CAN1_RX0_IRQHandler</STRONG> (Thumb, 0 bytes, Stack size 0 bytes, startup_stm32f10x_cl.o(.text))
<BR>[Address Reference Count : 1]<UL><LI> startup_stm32f10x_cl.o(RESET)
</UL>
<P><STRONG><a name="[27b34b8]"></a>CAN1_RX1_IRQHandler</STRONG> (Thumb, 0 bytes, Stack size 0 bytes, startup_stm32f10x_cl.o(.text))
<BR>[Address Reference Count : 1]<UL><LI> startup_stm32f10x_cl.o(RESET)
</UL>
<P><STRONG><a name="[27b347c]"></a>CAN1_SCE_IRQHandler</STRONG> (Thumb, 0 bytes, Stack size 0 bytes, startup_stm32f10x_cl.o(.text))
<BR>[Address Reference Count : 1]<UL><LI> startup_stm32f10x_cl.o(RESET)
</UL>
<P><STRONG><a name="[27b3440]"></a>CAN1_TX_IRQHandler</STRONG> (Thumb, 0 bytes, Stack size 0 bytes, startup_stm32f10x_cl.o(.text))
<BR>[Address Reference Count : 1]<UL><LI> startup_stm32f10x_cl.o(RESET)
</UL>
<P><STRONG><a name="[27b3404]"></a>CAN2_RX0_IRQHandler</STRONG> (Thumb, 0 bytes, Stack size 0 bytes, startup_stm32f10x_cl.o(.text))
<BR>[Address Reference Count : 1]<UL><LI> startup_stm32f10x_cl.o(RESET)
</UL>
<P><STRONG><a name="[27b33c8]"></a>CAN2_RX1_IRQHandler</STRONG> (Thumb, 0 bytes, Stack size 0 bytes, startup_stm32f10x_cl.o(.text))
<BR>[Address Reference Count : 1]<UL><LI> startup_stm32f10x_cl.o(RESET)
</UL>
<P><STRONG><a name="[27b338c]"></a>CAN2_SCE_IRQHandler</STRONG> (Thumb, 0 bytes, Stack size 0 bytes, startup_stm32f10x_cl.o(.text))
<BR>[Address Reference Count : 1]<UL><LI> startup_stm32f10x_cl.o(RESET)
</UL>
<P><STRONG><a name="[27b3350]"></a>CAN2_TX_IRQHandler</STRONG> (Thumb, 0 bytes, Stack size 0 bytes, startup_stm32f10x_cl.o(.text))
<BR>[Address Reference Count : 1]<UL><LI> startup_stm32f10x_cl.o(RESET)
</UL>
<P><STRONG><a name="[27b3314]"></a>DMA1_Channel1_IRQHandler</STRONG> (Thumb, 0 bytes, Stack size 0 bytes, startup_stm32f10x_cl.o(.text))
<BR>[Address Reference Count : 1]<UL><LI> startup_stm32f10x_cl.o(RESET)
</UL>
<P><STRONG><a name="[27b32d8]"></a>DMA1_Channel2_IRQHandler</STRONG> (Thumb, 0 bytes, Stack size 0 bytes, startup_stm32f10x_cl.o(.text))
<BR>[Address Reference Count : 1]<UL><LI> startup_stm32f10x_cl.o(RESET)
</UL>
<P><STRONG><a name="[27b329c]"></a>DMA1_Channel3_IRQHandler</STRONG> (Thumb, 0 bytes, Stack size 0 bytes, startup_stm32f10x_cl.o(.text))
<BR>[Address Reference Count : 1]<UL><LI> startup_stm32f10x_cl.o(RESET)
</UL>
<P><STRONG><a name="[27b3260]"></a>DMA1_Channel4_IRQHandler</STRONG> (Thumb, 0 bytes, Stack size 0 bytes, startup_stm32f10x_cl.o(.text))
<BR>[Address Reference Count : 1]<UL><LI> startup_stm32f10x_cl.o(RESET)
</UL>
<P><STRONG><a name="[27b3224]"></a>DMA1_Channel5_IRQHandler</STRONG> (Thumb, 0 bytes, Stack size 0 bytes, startup_stm32f10x_cl.o(.text))
<BR>[Address Reference Count : 1]<UL><LI> startup_stm32f10x_cl.o(RESET)
</UL>
<P><STRONG><a name="[27b31e8]"></a>DMA1_Channel6_IRQHandler</STRONG> (Thumb, 0 bytes, Stack size 0 bytes, startup_stm32f10x_cl.o(.text))
<BR>[Address Reference Count : 1]<UL><LI> startup_stm32f10x_cl.o(RESET)
</UL>
<P><STRONG><a name="[27b31ac]"></a>DMA1_Channel7_IRQHandler</STRONG> (Thumb, 0 bytes, Stack size 0 bytes, startup_stm32f10x_cl.o(.text))
<BR>[Address Reference Count : 1]<UL><LI> startup_stm32f10x_cl.o(RESET)
</UL>
<P><STRONG><a name="[27b3170]"></a>DMA2_Channel1_IRQHandler</STRONG> (Thumb, 0 bytes, Stack size 0 bytes, startup_stm32f10x_cl.o(.text))
<BR>[Address Reference Count : 1]<UL><LI> startup_stm32f10x_cl.o(RESET)
</UL>
<P><STRONG><a name="[27b3134]"></a>DMA2_Channel2_IRQHandler</STRONG> (Thumb, 0 bytes, Stack size 0 bytes, startup_stm32f10x_cl.o(.text))
<BR>[Address Reference Count : 1]<UL><LI> startup_stm32f10x_cl.o(RESET)
</UL>
<P><STRONG><a name="[27b30f8]"></a>DMA2_Channel3_IRQHandler</STRONG> (Thumb, 0 bytes, Stack size 0 bytes, startup_stm32f10x_cl.o(.text))
<BR>[Address Reference Count : 1]<UL><LI> startup_stm32f10x_cl.o(RESET)
</UL>
<P><STRONG><a name="[27b30bc]"></a>DMA2_Channel4_IRQHandler</STRONG> (Thumb, 0 bytes, Stack size 0 bytes, startup_stm32f10x_cl.o(.text))
<BR>[Address Reference Count : 1]<UL><LI> startup_stm32f10x_cl.o(RESET)
</UL>
<P><STRONG><a name="[27b3080]"></a>DMA2_Channel5_IRQHandler</STRONG> (Thumb, 0 bytes, Stack size 0 bytes, startup_stm32f10x_cl.o(.text))
<BR>[Address Reference Count : 1]<UL><LI> startup_stm32f10x_cl.o(RESET)
</UL>
<P><STRONG><a name="[27b3008]"></a>ETH_WKUP_IRQHandler</STRONG> (Thumb, 0 bytes, Stack size 0 bytes, startup_stm32f10x_cl.o(.text))
<BR>[Address Reference Count : 1]<UL><LI> startup_stm32f10x_cl.o(RESET)
</UL>
<P><STRONG><a name="[27b2fcc]"></a>EXTI0_IRQHandler</STRONG> (Thumb, 0 bytes, Stack size 0 bytes, startup_stm32f10x_cl.o(.text))
<BR>[Address Reference Count : 1]<UL><LI> startup_stm32f10x_cl.o(RESET)
</UL>
<P><STRONG><a name="[27b2f90]"></a>EXTI15_10_IRQHandler</STRONG> (Thumb, 0 bytes, Stack size 0 bytes, startup_stm32f10x_cl.o(.text))
<BR>[Address Reference Count : 1]<UL><LI> startup_stm32f10x_cl.o(RESET)
</UL>
<P><STRONG><a name="[27b2f54]"></a>EXTI1_IRQHandler</STRONG> (Thumb, 0 bytes, Stack size 0 bytes, startup_stm32f10x_cl.o(.text))
<BR>[Address Reference Count : 1]<UL><LI> startup_stm32f10x_cl.o(RESET)
</UL>
<P><STRONG><a name="[27b2f18]"></a>EXTI2_IRQHandler</STRONG> (Thumb, 0 bytes, Stack size 0 bytes, startup_stm32f10x_cl.o(.text))
<BR>[Address Reference Count : 1]<UL><LI> startup_stm32f10x_cl.o(RESET)
</UL>
<P><STRONG><a name="[27b2edc]"></a>EXTI3_IRQHandler</STRONG> (Thumb, 0 bytes, Stack size 0 bytes, startup_stm32f10x_cl.o(.text))
<BR>[Address Reference Count : 1]<UL><LI> startup_stm32f10x_cl.o(RESET)
</UL>
<P><STRONG><a name="[27b2ea0]"></a>EXTI4_IRQHandler</STRONG> (Thumb, 0 bytes, Stack size 0 bytes, startup_stm32f10x_cl.o(.text))
<BR>[Address Reference Count : 1]<UL><LI> startup_stm32f10x_cl.o(RESET)
</UL>
<P><STRONG><a name="[27b2e64]"></a>EXTI9_5_IRQHandler</STRONG> (Thumb, 0 bytes, Stack size 0 bytes, startup_stm32f10x_cl.o(.text))
<BR>[Address Reference Count : 1]<UL><LI> startup_stm32f10x_cl.o(RESET)
</UL>
<P><STRONG><a name="[27b2e28]"></a>FLASH_IRQHandler</STRONG> (Thumb, 0 bytes, Stack size 0 bytes, startup_stm32f10x_cl.o(.text))
<BR>[Address Reference Count : 1]<UL><LI> startup_stm32f10x_cl.o(RESET)
</UL>
<P><STRONG><a name="[27b2dec]"></a>I2C1_ER_IRQHandler</STRONG> (Thumb, 0 bytes, Stack size 0 bytes, startup_stm32f10x_cl.o(.text))
<BR>[Address Reference Count : 1]<UL><LI> startup_stm32f10x_cl.o(RESET)
</UL>
<P><STRONG><a name="[27b2db0]"></a>I2C1_EV_IRQHandler</STRONG> (Thumb, 0 bytes, Stack size 0 bytes, startup_stm32f10x_cl.o(.text))
<BR>[Address Reference Count : 1]<UL><LI> startup_stm32f10x_cl.o(RESET)
</UL>
<P><STRONG><a name="[27b2d74]"></a>I2C2_ER_IRQHandler</STRONG> (Thumb, 0 bytes, Stack size 0 bytes, startup_stm32f10x_cl.o(.text))
<BR>[Address Reference Count : 1]<UL><LI> startup_stm32f10x_cl.o(RESET)
</UL>
<P><STRONG><a name="[27b2d38]"></a>I2C2_EV_IRQHandler</STRONG> (Thumb, 0 bytes, Stack size 0 bytes, startup_stm32f10x_cl.o(.text))
<BR>[Address Reference Count : 1]<UL><LI> startup_stm32f10x_cl.o(RESET)
</UL>
<P><STRONG><a name="[27b2cfc]"></a>OTG_FS_IRQHandler</STRONG> (Thumb, 0 bytes, Stack size 0 bytes, startup_stm32f10x_cl.o(.text))
<BR>[Address Reference Count : 1]<UL><LI> startup_stm32f10x_cl.o(RESET)
</UL>
<P><STRONG><a name="[27b2cc0]"></a>OTG_FS_WKUP_IRQHandler</STRONG> (Thumb, 0 bytes, Stack size 0 bytes, startup_stm32f10x_cl.o(.text))
<BR>[Address Reference Count : 1]<UL><LI> startup_stm32f10x_cl.o(RESET)
</UL>
<P><STRONG><a name="[27b2c84]"></a>PVD_IRQHandler</STRONG> (Thumb, 0 bytes, Stack size 0 bytes, startup_stm32f10x_cl.o(.text))
<BR>[Address Reference Count : 1]<UL><LI> startup_stm32f10x_cl.o(RESET)
</UL>
<P><STRONG><a name="[27b2c48]"></a>RCC_IRQHandler</STRONG> (Thumb, 0 bytes, Stack size 0 bytes, startup_stm32f10x_cl.o(.text))
<BR>[Address Reference Count : 1]<UL><LI> startup_stm32f10x_cl.o(RESET)
</UL>
<P><STRONG><a name="[27b2c0c]"></a>RTCAlarm_IRQHandler</STRONG> (Thumb, 0 bytes, Stack size 0 bytes, startup_stm32f10x_cl.o(.text))
<BR>[Address Reference Count : 1]<UL><LI> startup_stm32f10x_cl.o(RESET)
</UL>
<P><STRONG><a name="[27b2bd0]"></a>RTC_IRQHandler</STRONG> (Thumb, 0 bytes, Stack size 0 bytes, startup_stm32f10x_cl.o(.text))
<BR>[Address Reference Count : 1]<UL><LI> startup_stm32f10x_cl.o(RESET)
</UL>
<P><STRONG><a name="[27b2b94]"></a>SPI1_IRQHandler</STRONG> (Thumb, 0 bytes, Stack size 0 bytes, startup_stm32f10x_cl.o(.text))
<BR>[Address Reference Count : 1]<UL><LI> startup_stm32f10x_cl.o(RESET)
</UL>
<P><STRONG><a name="[27b2b58]"></a>SPI2_IRQHandler</STRONG> (Thumb, 0 bytes, Stack size 0 bytes, startup_stm32f10x_cl.o(.text))
<BR>[Address Reference Count : 1]<UL><LI> startup_stm32f10x_cl.o(RESET)
</UL>
<P><STRONG><a name="[27b2b1c]"></a>SPI3_IRQHandler</STRONG> (Thumb, 0 bytes, Stack size 0 bytes, startup_stm32f10x_cl.o(.text))
<BR>[Address Reference Count : 1]<UL><LI> startup_stm32f10x_cl.o(RESET)
</UL>
<P><STRONG><a name="[27b2ae0]"></a>TAMPER_IRQHandler</STRONG> (Thumb, 0 bytes, Stack size 0 bytes, startup_stm32f10x_cl.o(.text))
<BR>[Address Reference Count : 1]<UL><LI> startup_stm32f10x_cl.o(RESET)
</UL>
<P><STRONG><a name="[27b2aa4]"></a>TIM1_BRK_IRQHandler</STRONG> (Thumb, 0 bytes, Stack size 0 bytes, startup_stm32f10x_cl.o(.text))
<BR>[Address Reference Count : 1]<UL><LI> startup_stm32f10x_cl.o(RESET)
</UL>
<P><STRONG><a name="[27b2a68]"></a>TIM1_CC_IRQHandler</STRONG> (Thumb, 0 bytes, Stack size 0 bytes, startup_stm32f10x_cl.o(.text))
<BR>[Address Reference Count : 1]<UL><LI> startup_stm32f10x_cl.o(RESET)
</UL>
<P><STRONG><a name="[27b2a2c]"></a>TIM1_TRG_COM_IRQHandler</STRONG> (Thumb, 0 bytes, Stack size 0 bytes, startup_stm32f10x_cl.o(.text))
<BR>[Address Reference Count : 1]<UL><LI> startup_stm32f10x_cl.o(RESET)
</UL>
<P><STRONG><a name="[27b29f0]"></a>TIM1_UP_IRQHandler</STRONG> (Thumb, 0 bytes, Stack size 0 bytes, startup_stm32f10x_cl.o(.text))
<BR>[Address Reference Count : 1]<UL><LI> startup_stm32f10x_cl.o(RESET)
</UL>
<P><STRONG><a name="[27b2978]"></a>TIM3_IRQHandler</STRONG> (Thumb, 0 bytes, Stack size 0 bytes, startup_stm32f10x_cl.o(.text))
<BR>[Address Reference Count : 1]<UL><LI> startup_stm32f10x_cl.o(RESET)
</UL>
<P><STRONG><a name="[27b293c]"></a>TIM4_IRQHandler</STRONG> (Thumb, 0 bytes, Stack size 0 bytes, startup_stm32f10x_cl.o(.text))
<BR>[Address Reference Count : 1]<UL><LI> startup_stm32f10x_cl.o(RESET)
</UL>
<P><STRONG><a name="[27b2900]"></a>TIM5_IRQHandler</STRONG> (Thumb, 0 bytes, Stack size 0 bytes, startup_stm32f10x_cl.o(.text))
<BR>[Address Reference Count : 1]<UL><LI> startup_stm32f10x_cl.o(RESET)
</UL>
<P><STRONG><a name="[27b28c4]"></a>TIM6_IRQHandler</STRONG> (Thumb, 0 bytes, Stack size 0 bytes, startup_stm32f10x_cl.o(.text))
<BR>[Address Reference Count : 1]<UL><LI> startup_stm32f10x_cl.o(RESET)
</UL>
<P><STRONG><a name="[27b2888]"></a>TIM7_IRQHandler</STRONG> (Thumb, 0 bytes, Stack size 0 bytes, startup_stm32f10x_cl.o(.text))
<BR>[Address Reference Count : 1]<UL><LI> startup_stm32f10x_cl.o(RESET)
</UL>
<P><STRONG><a name="[27b284c]"></a>UART4_IRQHandler</STRONG> (Thumb, 0 bytes, Stack size 0 bytes, startup_stm32f10x_cl.o(.text))
<BR>[Address Reference Count : 1]<UL><LI> startup_stm32f10x_cl.o(RESET)
</UL>
<P><STRONG><a name="[27b2810]"></a>UART5_IRQHandler</STRONG> (Thumb, 0 bytes, Stack size 0 bytes, startup_stm32f10x_cl.o(.text))
<BR>[Address Reference Count : 1]<UL><LI> startup_stm32f10x_cl.o(RESET)
</UL>
<P><STRONG><a name="[27b27d4]"></a>USART1_IRQHandler</STRONG> (Thumb, 0 bytes, Stack size 0 bytes, startup_stm32f10x_cl.o(.text))
<BR>[Address Reference Count : 1]<UL><LI> startup_stm32f10x_cl.o(RESET)
</UL>
<P><STRONG><a name="[27b2798]"></a>USART2_IRQHandler</STRONG> (Thumb, 0 bytes, Stack size 0 bytes, startup_stm32f10x_cl.o(.text))
<BR>[Address Reference Count : 1]<UL><LI> startup_stm32f10x_cl.o(RESET)
</UL>
<P><STRONG><a name="[27b275c]"></a>USART3_IRQHandler</STRONG> (Thumb, 0 bytes, Stack size 0 bytes, startup_stm32f10x_cl.o(.text))
<BR>[Address Reference Count : 1]<UL><LI> startup_stm32f10x_cl.o(RESET)
</UL>
<P><STRONG><a name="[27b2720]"></a>WWDG_IRQHandler</STRONG> (Thumb, 0 bytes, Stack size 0 bytes, startup_stm32f10x_cl.o(.text))
<BR>[Address Reference Count : 1]<UL><LI> startup_stm32f10x_cl.o(RESET)
</UL>
<P><STRONG><a name="[28d562c]"></a>__aeabi_memcpy</STRONG> (Thumb, 36 bytes, Stack size 0 bytes, memcpya.o(.text))
<BR><BR>[Called By]<UL><LI><a href="#[17b3c50]">&gt;&gt;</a>&nbsp;&nbsp;&nbsp;netbios_recv
<LI><a href="#[17b620c]">&gt;&gt;</a>&nbsp;&nbsp;&nbsp;tcp_write
<LI><a href="#[17b66f8]">&gt;&gt;</a>&nbsp;&nbsp;&nbsp;Getmeminf
<LI><a href="#[17b67ac]">&gt;&gt;</a>&nbsp;&nbsp;&nbsp;udp_client_callback
<LI><a href="#[17b9a88]">&gt;&gt;</a>&nbsp;&nbsp;&nbsp;Read_Eth_Packet
<LI><a href="#[17bd430]">&gt;&gt;</a>&nbsp;&nbsp;&nbsp;UDPSendData
<LI><a href="#[17bd46c]">&gt;&gt;</a>&nbsp;&nbsp;&nbsp;TemperatureThread
<LI><a href="#[17bd700]">&gt;&gt;</a>&nbsp;&nbsp;&nbsp;SendDataToSever
<LI><a href="#[2539b84]">&gt;&gt;</a>&nbsp;&nbsp;&nbsp;DS1820main
<LI><a href="#[253d040]">&gt;&gt;</a>&nbsp;&nbsp;&nbsp;tftp_set_data_message
<LI><a href="#[253d298]">&gt;&gt;</a>&nbsp;&nbsp;&nbsp;tftp_send_message
<LI><a href="#[26ace40]">&gt;&gt;</a>&nbsp;&nbsp;&nbsp;ip_reass_free_complete_datagram
<LI><a href="#[26ace7c]">&gt;&gt;</a>&nbsp;&nbsp;&nbsp;ip_reass_enqueue_new_datagram
<LI><a href="#[26aede4]">&gt;&gt;</a>&nbsp;&nbsp;&nbsp;ip_reass
<LI><a href="#[26aee20]">&gt;&gt;</a>&nbsp;&nbsp;&nbsp;ip_frag
<LI><a href="#[26b0b30]">&gt;&gt;</a>&nbsp;&nbsp;&nbsp;icmp_send_response
<LI><a href="#[2774684]">&gt;&gt;</a>&nbsp;&nbsp;&nbsp;pbuf_copy_partial
<LI><a href="#[27746c0]">&gt;&gt;</a>&nbsp;&nbsp;&nbsp;pbuf_copy
<LI><a href="#[27b4cdc]">&gt;&gt;</a>&nbsp;&nbsp;&nbsp;low_level_output
<LI><a href="#[27b4d18]">&gt;&gt;</a>&nbsp;&nbsp;&nbsp;low_level_input
<LI><a href="#[27b6140]">&gt;&gt;</a>&nbsp;&nbsp;&nbsp;etharp_update_arp_entry
<LI><a href="#[27b617c]">&gt;&gt;</a>&nbsp;&nbsp;&nbsp;etharp_send_ip
<LI><a href="#[27b61b8]">&gt;&gt;</a>&nbsp;&nbsp;&nbsp;etharp_raw
<LI><a href="#[27b62a8]">&gt;&gt;</a>&nbsp;&nbsp;&nbsp;etharp_arp_input
<LI><a href="#[28d6004]">&gt;&gt;</a>&nbsp;&nbsp;&nbsp;smtp_set_server_addr
<LI><a href="#[28d60f4]">&gt;&gt;</a>&nbsp;&nbsp;&nbsp;smtp_send_mail
<LI><a href="#[28d64b4]">&gt;&gt;</a>&nbsp;&nbsp;&nbsp;smtp_send_mail_alloced
<LI><a href="#[28d6568]">&gt;&gt;</a>&nbsp;&nbsp;&nbsp;smtp_prepare_rcpt
<LI><a href="#[28d65e0]">&gt;&gt;</a>&nbsp;&nbsp;&nbsp;smtp_prepare_mail
<LI><a href="#[28d661c]">&gt;&gt;</a>&nbsp;&nbsp;&nbsp;smtp_prepare_helo
<LI><a href="#[28d6658]">&gt;&gt;</a>&nbsp;&nbsp;&nbsp;smtp_prepare_header
</UL>

<P><STRONG><a name="[28d55f0]"></a>__aeabi_memcpy4</STRONG> (Thumb, 0 bytes, Stack size 0 bytes, memcpya.o(.text))
<BR><BR>[Called By]<UL><LI><a href="#[27b0e0c]">&gt;&gt;</a>&nbsp;&nbsp;&nbsp;dir_getFileStructure
<LI><a href="#[27b0f74]">&gt;&gt;</a>&nbsp;&nbsp;&nbsp;dir_findFreeEntryinBuf
<LI><a href="#[27b0fb0]">&gt;&gt;</a>&nbsp;&nbsp;&nbsp;dir_findFileinBuf
<LI><a href="#[28d652c]">&gt;&gt;</a>&nbsp;&nbsp;&nbsp;smtp_process
<LI><a href="#[28d65a4]">&gt;&gt;</a>&nbsp;&nbsp;&nbsp;smtp_prepare_quit
<LI><a href="#[28d661c]">&gt;&gt;</a>&nbsp;&nbsp;&nbsp;smtp_prepare_helo
<LI><a href="#[28d6694]">&gt;&gt;</a>&nbsp;&nbsp;&nbsp;smtp_prepare_auth_or_mail
</UL>

<P><STRONG><a name="[28d55b4]"></a>__aeabi_memcpy8</STRONG> (Thumb, 0 bytes, Stack size 0 bytes, memcpya.o(.text), UNUSED)

<P><STRONG><a name="[28d54c4]"></a>__aeabi_memset</STRONG> (Thumb, 14 bytes, Stack size 0 bytes, memseta.o(.text))
<BR><BR>[Called By]<UL><LI><a href="#[28d535c]">&gt;&gt;</a>&nbsp;&nbsp;&nbsp;_memset$wrapper
<LI><a href="#[28d5410]">&gt;&gt;</a>&nbsp;&nbsp;&nbsp;__aeabi_memclr
<LI><a href="#[28d6040]">&gt;&gt;</a>&nbsp;&nbsp;&nbsp;smtp_set_auth
</UL>

<P><STRONG><a name="[28d5488]"></a>__aeabi_memset4</STRONG> (Thumb, 0 bytes, Stack size 0 bytes, memseta.o(.text), UNUSED)

<P><STRONG><a name="[28d544c]"></a>__aeabi_memset8</STRONG> (Thumb, 0 bytes, Stack size 0 bytes, memseta.o(.text), UNUSED)

<P><STRONG><a name="[28d5410]"></a>__aeabi_memclr</STRONG> (Thumb, 4 bytes, Stack size 0 bytes, memseta.o(.text), UNUSED)
<BR><BR>[Calls]<UL><LI><a href="#[28d54c4]">&gt;&gt;</a>&nbsp;&nbsp;&nbsp;__aeabi_memset
</UL>
<BR>[Called By]<UL></UL>

<P><STRONG><a name="[28d53d4]"></a>__aeabi_memclr4</STRONG> (Thumb, 0 bytes, Stack size 0 bytes, memseta.o(.text))
<BR><BR>[Called By]<UL><LI><a href="#[17b6158]">&gt;&gt;</a>&nbsp;&nbsp;&nbsp;udp_new
<LI><a href="#[26ace7c]">&gt;&gt;</a>&nbsp;&nbsp;&nbsp;ip_reass_enqueue_new_datagram
<LI><a href="#[26b59f0]">&gt;&gt;</a>&nbsp;&nbsp;&nbsp;tcp_alloc
<LI><a href="#[285a348]">&gt;&gt;</a>&nbsp;&nbsp;&nbsp;http_state_init
<LI><a href="#[28d60f4]">&gt;&gt;</a>&nbsp;&nbsp;&nbsp;smtp_send_mail
</UL>

<P><STRONG><a name="[28d5398]"></a>__aeabi_memclr8</STRONG> (Thumb, 0 bytes, Stack size 0 bytes, memseta.o(.text), UNUSED)

<P><STRONG><a name="[28d535c]"></a>_memset$wrapper</STRONG> (Thumb, 20 bytes, Stack size 8 bytes, memseta.o(.text), UNUSED)
<BR><BR>[Calls]<UL><LI><a href="#[28d54c4]">&gt;&gt;</a>&nbsp;&nbsp;&nbsp;__aeabi_memset
</UL>

<P><STRONG><a name="[28d526c]"></a>strstr</STRONG> (Thumb, 44 bytes, Stack size 12 bytes, strstr.o(.text))
<BR><BR>[Stack]<UL><LI>Max Depth = 12<LI>Call Chain = strstr
</UL>
<BR>[Called By]<UL><LI><a href="#[17b44fc]">&gt;&gt;</a>&nbsp;&nbsp;&nbsp;FindFileString
<LI><a href="#[28d6694]">&gt;&gt;</a>&nbsp;&nbsp;&nbsp;smtp_prepare_auth_or_mail
</UL>

<P><STRONG><a name="[28d517c]"></a>strchr</STRONG> (Thumb, 18 bytes, Stack size 0 bytes, strchr.o(.text))
<BR><BR>[Called By]<UL><LI><a href="#[285a618]">&gt;&gt;</a>&nbsp;&nbsp;&nbsp;http_find_file
</UL>

<P><STRONG><a name="[28d508c]"></a>strlen</STRONG> (Thumb, 16 bytes, Stack size 0 bytes, strlen.o(.text))
<BR><BR>[Called By]<UL><LI><a href="#[17b67e8]">&gt;&gt;</a>&nbsp;&nbsp;&nbsp;tcp_client_reciver
<LI><a href="#[253d400]">&gt;&gt;</a>&nbsp;&nbsp;&nbsp;tftp_construct_error_message
<LI><a href="#[27744a4]">&gt;&gt;</a>&nbsp;&nbsp;&nbsp;pbuf_strstr
<LI><a href="#[285a294]">&gt;&gt;</a>&nbsp;&nbsp;&nbsp;strnstr
<LI><a href="#[28d6004]">&gt;&gt;</a>&nbsp;&nbsp;&nbsp;smtp_set_server_addr
<LI><a href="#[28d6040]">&gt;&gt;</a>&nbsp;&nbsp;&nbsp;smtp_set_auth
<LI><a href="#[28d60f4]">&gt;&gt;</a>&nbsp;&nbsp;&nbsp;smtp_send_mail
<LI><a href="#[28d661c]">&gt;&gt;</a>&nbsp;&nbsp;&nbsp;smtp_prepare_helo
<LI><a href="#[28d66d0]">&gt;&gt;</a>&nbsp;&nbsp;&nbsp;smtp_prepare_auth_login_uname
<LI><a href="#[28d670c]">&gt;&gt;</a>&nbsp;&nbsp;&nbsp;smtp_prepare_auth_login_pass
</UL>

<P><STRONG><a name="[28d4f9c]"></a>strcmp</STRONG> (Thumb, 28 bytes, Stack size 8 bytes, strcmp.o(.text))
<BR><BR>[Stack]<UL><LI>Max Depth = 8<LI>Call Chain = strcmp
</UL>
<BR>[Called By]<UL><LI><a href="#[17b3c50]">&gt;&gt;</a>&nbsp;&nbsp;&nbsp;netbios_recv
<LI><a href="#[2859e20]">&gt;&gt;</a>&nbsp;&nbsp;&nbsp;fs_open
</UL>

<P><STRONG><a name="[28d4eac]"></a>memcmp</STRONG> (Thumb, 26 bytes, Stack size 12 bytes, memcmp.o(.text))
<BR><BR>[Stack]<UL><LI>Max Depth = 12<LI>Call Chain = memcmp
</UL>
<BR>[Called By]<UL><LI><a href="#[17b4628]">&gt;&gt;</a>&nbsp;&nbsp;&nbsp;FS_Writehtml
<LI><a href="#[17b67e8]">&gt;&gt;</a>&nbsp;&nbsp;&nbsp;tcp_client_reciver
<LI><a href="#[17bb234]">&gt;&gt;</a>&nbsp;&nbsp;&nbsp;ethernet_input
</UL>

<P><STRONG><a name="[28d4dbc]"></a>strcpy</STRONG> (Thumb, 18 bytes, Stack size 0 bytes, strcpy.o(.text))
<BR><BR>[Called By]<UL><LI><a href="#[253cfc8]">&gt;&gt;</a>&nbsp;&nbsp;&nbsp;tftp_set_errormsg
<LI><a href="#[253d0f4]">&gt;&gt;</a>&nbsp;&nbsp;&nbsp;tftp_extract_filename
<LI><a href="#[28d6040]">&gt;&gt;</a>&nbsp;&nbsp;&nbsp;smtp_set_auth
</UL>

<P><STRONG><a name="[28d4ccc]"></a>strncmp</STRONG> (Thumb, 30 bytes, Stack size 12 bytes, strncmp.o(.text))
<BR><BR>[Stack]<UL><LI>Max Depth = 12<LI>Call Chain = strncmp
</UL>
<BR>[Called By]<UL><LI><a href="#[17b67e8]">&gt;&gt;</a>&nbsp;&nbsp;&nbsp;tcp_client_reciver
<LI><a href="#[285a294]">&gt;&gt;</a>&nbsp;&nbsp;&nbsp;strnstr
<LI><a href="#[285a564]">&gt;&gt;</a>&nbsp;&nbsp;&nbsp;http_parse_request
</UL>

<P><STRONG><a name="[28cb348]"></a>strtol</STRONG> (Thumb, 112 bytes, Stack size 32 bytes, strtol.o(.text))
<BR><BR>[Stack]<UL><LI>Max Depth = 72<LI>Call Chain = strtol &rArr; _strtoul
</UL>
<BR>[Calls]<UL><LI><a href="#[28c9548]">&gt;&gt;</a>&nbsp;&nbsp;&nbsp;_strtoul
<LI><a href="#[28c96ec]">&gt;&gt;</a>&nbsp;&nbsp;&nbsp;__aeabi_errno_addr
<LI><a href="#[28ca4c0]">&gt;&gt;</a>&nbsp;&nbsp;&nbsp;__rt_ctype_table
</UL>
<BR>[Called By]<UL><LI><a href="#[28d6784]">&gt;&gt;</a>&nbsp;&nbsp;&nbsp;smtp_is_response
</UL>

<P><STRONG><a name="[25395e4]"></a>__aeabi_dmul</STRONG> (Thumb, 240 bytes, Stack size 64 bytes, dmul.o(.text))
<BR><BR>[Stack]<UL><LI>Max Depth = 116<LI>Call Chain = __aeabi_dmul &rArr; _double_epilogue &rArr; _double_round
</UL>
<BR>[Calls]<UL><LI><a href="#[28cb1a4]">&gt;&gt;</a>&nbsp;&nbsp;&nbsp;_double_epilogue
</UL>
<BR>[Called By]<UL><LI><a href="#[2539a94]">&gt;&gt;</a>&nbsp;&nbsp;&nbsp;DS18B20_ReadDesignateTemper
</UL>

<P><STRONG><a name="[25395a8]"></a>__aeabi_i2d</STRONG> (Thumb, 34 bytes, Stack size 16 bytes, dflti.o(.text))
<BR><BR>[Stack]<UL><LI>Max Depth = 68<LI>Call Chain = __aeabi_i2d &rArr; _double_epilogue &rArr; _double_round
</UL>
<BR>[Calls]<UL><LI><a href="#[28cb1a4]">&gt;&gt;</a>&nbsp;&nbsp;&nbsp;_double_epilogue
</UL>
<BR>[Called By]<UL><LI><a href="#[2539a94]">&gt;&gt;</a>&nbsp;&nbsp;&nbsp;DS18B20_ReadDesignateTemper
</UL>

<P><STRONG><a name="[2539620]"></a>__aeabi_d2iz</STRONG> (Thumb, 82 bytes, Stack size 16 bytes, dfixi.o(.text))
<BR><BR>[Stack]<UL><LI>Max Depth = 16<LI>Call Chain = __aeabi_d2iz
</UL>
<BR>[Calls]<UL><LI><a href="#[28ca6dc]">&gt;&gt;</a>&nbsp;&nbsp;&nbsp;__aeabi_llsr
</UL>
<BR>[Called By]<UL><LI><a href="#[2539a94]">&gt;&gt;</a>&nbsp;&nbsp;&nbsp;DS18B20_ReadDesignateTemper
</UL>

<P><STRONG><a name="[28ca934]"></a>__aeabi_uidiv</STRONG> (Thumb, 0 bytes, Stack size 12 bytes, uidiv.o(.text), UNUSED)

<P><STRONG><a name="[28ca8f8]"></a>__aeabi_uidivmod</STRONG> (Thumb, 44 bytes, Stack size 12 bytes, uidiv.o(.text), UNUSED)
<BR><BR>[Called By]<UL><LI><a href="#[28cf1dc]">&gt;&gt;</a>&nbsp;&nbsp;&nbsp;_printf_core
</UL>

<P><STRONG><a name="[28ca6dc]"></a>__aeabi_llsr</STRONG> (Thumb, 30 bytes, Stack size 0 bytes, llushr.o(.text))
<BR><BR>[Called By]<UL><LI><a href="#[2539620]">&gt;&gt;</a>&nbsp;&nbsp;&nbsp;__aeabi_d2iz
<LI><a href="#[28cb1a4]">&gt;&gt;</a>&nbsp;&nbsp;&nbsp;_double_epilogue
</UL>

<P><STRONG><a name="[28ca6a0]"></a>_ll_ushift_r</STRONG> (Thumb, 0 bytes, Stack size 0 bytes, llushr.o(.text), UNUSED)

<P><STRONG><a name="[28ca4c0]"></a>__rt_ctype_table</STRONG> (Thumb, 4 bytes, Stack size 0 bytes, ctype_o.o(.text))
<BR><BR>[Called By]<UL><LI><a href="#[28cb348]">&gt;&gt;</a>&nbsp;&nbsp;&nbsp;strtol
</UL>

<P><STRONG><a name="[28c9548]"></a>_strtoul</STRONG> (Thumb, 152 bytes, Stack size 40 bytes, _strtoul.o(.text))
<BR><BR>[Stack]<UL><LI>Max Depth = 40<LI>Call Chain = _strtoul
</UL>
<BR>[Calls]<UL><LI><a href="#[28c8a80]">&gt;&gt;</a>&nbsp;&nbsp;&nbsp;_chval
<LI><a href="#[28c96ec]">&gt;&gt;</a>&nbsp;&nbsp;&nbsp;__aeabi_errno_addr
</UL>
<BR>[Called By]<UL><LI><a href="#[28cb348]">&gt;&gt;</a>&nbsp;&nbsp;&nbsp;strtol
</UL>

<P><STRONG><a name="[28c9458]"></a>__I$use$fp</STRONG> (Thumb, 0 bytes, Stack size 20 bytes, iusefp.o(.text), UNUSED)

<P><STRONG><a name="[28c9368]"></a>_double_round</STRONG> (Thumb, 50 bytes, Stack size 20 bytes, depilogue.o(.text))
<BR><BR>[Stack]<UL><LI>Max Depth = 20<LI>Call Chain = _double_round
</UL>
<BR>[Called By]<UL><LI><a href="#[28cb1a4]">&gt;&gt;</a>&nbsp;&nbsp;&nbsp;_double_epilogue
</UL>

<P><STRONG><a name="[28cb1a4]"></a>_double_epilogue</STRONG> (Thumb, 184 bytes, Stack size 32 bytes, depilogue.o(.text))
<BR><BR>[Stack]<UL><LI>Max Depth = 52<LI>Call Chain = _double_epilogue &rArr; _double_round
</UL>
<BR>[Calls]<UL><LI><a href="#[28c8cd8]">&gt;&gt;</a>&nbsp;&nbsp;&nbsp;__aeabi_llsl
<LI><a href="#[28c9368]">&gt;&gt;</a>&nbsp;&nbsp;&nbsp;_double_round
<LI><a href="#[28ca6dc]">&gt;&gt;</a>&nbsp;&nbsp;&nbsp;__aeabi_llsr
</UL>
<BR>[Called By]<UL><LI><a href="#[25395a8]">&gt;&gt;</a>&nbsp;&nbsp;&nbsp;__aeabi_i2d
<LI><a href="#[25395e4]">&gt;&gt;</a>&nbsp;&nbsp;&nbsp;__aeabi_dmul
</UL>

<P><STRONG><a name="[28c8ef4]"></a>__scatterload</STRONG> (Thumb, 28 bytes, Stack size 0 bytes, init.o(.text))
<BR><BR>[Calls]<UL><LI><a href="#[28cad30]">&gt;&gt;</a>&nbsp;&nbsp;&nbsp;__main_after_scatterload
</UL>
<BR>[Called By]<UL><LI><a href="#[28cad6c]">&gt;&gt;</a>&nbsp;&nbsp;&nbsp;_main_scatterload
</UL>

<P><STRONG><a name="[28c8eb8]"></a>__scatterload_rt2</STRONG> (Thumb, 0 bytes, Stack size 0 bytes, init.o(.text), UNUSED)

<P><STRONG><a name="[28c8cd8]"></a>__aeabi_llsl</STRONG> (Thumb, 32 bytes, Stack size 0 bytes, llshl.o(.text))
<BR><BR>[Called By]<UL><LI><a href="#[28cb1a4]">&gt;&gt;</a>&nbsp;&nbsp;&nbsp;_double_epilogue
</UL>

<P><STRONG><a name="[28c8c9c]"></a>_ll_shift_l</STRONG> (Thumb, 0 bytes, Stack size 0 bytes, llshl.o(.text), UNUSED)

<P><STRONG><a name="[28c8a80]"></a>_chval</STRONG> (Thumb, 32 bytes, Stack size 0 bytes, _chval.o(.text))
<BR><BR>[Called By]<UL><LI><a href="#[28c9548]">&gt;&gt;</a>&nbsp;&nbsp;&nbsp;_strtoul
</UL>

<P><STRONG><a name="[28c8594]"></a>__decompress</STRONG> (Thumb, 0 bytes, Stack size unknown bytes, __dczerorl2.o(.text), UNUSED)

<P><STRONG><a name="[28c8558]"></a>__decompress1</STRONG> (Thumb, 94 bytes, Stack size unknown bytes, __dczerorl2.o(.text), UNUSED)

<P><STRONG><a name="[17b9d58]"></a>BusFault_Handler</STRONG> (Thumb, 4 bytes, Stack size 0 bytes, stm32f10x_it.o(i.BusFault_Handler))
<BR>[Address Reference Count : 1]<UL><LI> startup_stm32f10x_cl.o(RESET)
</UL>
<P><STRONG><a name="[2539b84]"></a>DS1820main</STRONG> (Thumb, 726 bytes, Stack size 16 bytes, ds18b20srom.o(i.DS1820main))
<BR><BR>[Stack]<UL><LI>Max Depth = 172<LI>Call Chain = DS1820main &rArr; DS18B20_ReadDesignateTemper &rArr; __aeabi_dmul &rArr; _double_epilogue &rArr; _double_round
</UL>
<BR>[Calls]<UL><LI><a href="#[253965c]">&gt;&gt;</a>&nbsp;&nbsp;&nbsp;OWSearch
<LI><a href="#[2539698]">&gt;&gt;</a>&nbsp;&nbsp;&nbsp;OWFirst
<LI><a href="#[25396d4]">&gt;&gt;</a>&nbsp;&nbsp;&nbsp;GetRomAddr
<LI><a href="#[2539878]">&gt;&gt;</a>&nbsp;&nbsp;&nbsp;Init_DS18B20_IO
<LI><a href="#[253992c]">&gt;&gt;</a>&nbsp;&nbsp;&nbsp;Delay_init
<LI><a href="#[2539a94]">&gt;&gt;</a>&nbsp;&nbsp;&nbsp;DS18B20_ReadDesignateTemper
<LI><a href="#[28d562c]">&gt;&gt;</a>&nbsp;&nbsp;&nbsp;__aeabi_memcpy
</UL>
<BR>[Called By]<UL><LI><a href="#[17bd46c]">&gt;&gt;</a>&nbsp;&nbsp;&nbsp;TemperatureThread
</UL>

<P><STRONG><a name="[2539b0c]"></a>DS18B20_ReadBit</STRONG> (Thumb, 58 bytes, Stack size 8 bytes, ds18b20srom.o(i.DS18B20_ReadBit))
<BR><BR>[Stack]<UL><LI>Max Depth = 40<LI>Call Chain = DS18B20_ReadBit &rArr; Set18b20IOout &rArr; GPIO_Init
</UL>
<BR>[Calls]<UL><LI><a href="#[2539788]">&gt;&gt;</a>&nbsp;&nbsp;&nbsp;GPIO_ReadInputDataBit
<LI><a href="#[25397c4]">&gt;&gt;</a>&nbsp;&nbsp;&nbsp;Write18b20IO
<LI><a href="#[2539800]">&gt;&gt;</a>&nbsp;&nbsp;&nbsp;Set18b20IOout
<LI><a href="#[253983c]">&gt;&gt;</a>&nbsp;&nbsp;&nbsp;Set18b20IOin
<LI><a href="#[25398b4]">&gt;&gt;</a>&nbsp;&nbsp;&nbsp;Delay_us
</UL>
<BR>[Called By]<UL><LI><a href="#[2537f28]">&gt;&gt;</a>&nbsp;&nbsp;&nbsp;OWReadBit
<LI><a href="#[2539ad0]">&gt;&gt;</a>&nbsp;&nbsp;&nbsp;DS18B20_ReadData
</UL>

<P><STRONG><a name="[2539ad0]"></a>DS18B20_ReadData</STRONG> (Thumb, 36 bytes, Stack size 16 bytes, ds18b20srom.o(i.DS18B20_ReadData))
<BR><BR>[Stack]<UL><LI>Max Depth = 56<LI>Call Chain = DS18B20_ReadData &rArr; DS18B20_ReadBit &rArr; Set18b20IOout &rArr; GPIO_Init
</UL>
<BR>[Calls]<UL><LI><a href="#[2539b0c]">&gt;&gt;</a>&nbsp;&nbsp;&nbsp;DS18B20_ReadBit
</UL>
<BR>[Called By]<UL><LI><a href="#[2539a94]">&gt;&gt;</a>&nbsp;&nbsp;&nbsp;DS18B20_ReadDesignateTemper
</UL>

<P><STRONG><a name="[2539a94]"></a>DS18B20_ReadDesignateTemper</STRONG> (Thumb, 128 bytes, Stack size 40 bytes, ds18b20srom.o(i.DS18B20_ReadDesignateTemper))
<BR><BR>[Stack]<UL><LI>Max Depth = 156<LI>Call Chain = DS18B20_ReadDesignateTemper &rArr; __aeabi_dmul &rArr; _double_epilogue &rArr; _double_round
</UL>
<BR>[Calls]<UL><LI><a href="#[25395a8]">&gt;&gt;</a>&nbsp;&nbsp;&nbsp;__aeabi_i2d
<LI><a href="#[25395e4]">&gt;&gt;</a>&nbsp;&nbsp;&nbsp;__aeabi_dmul
<LI><a href="#[2539620]">&gt;&gt;</a>&nbsp;&nbsp;&nbsp;__aeabi_d2iz
<LI><a href="#[25398b4]">&gt;&gt;</a>&nbsp;&nbsp;&nbsp;Delay_us
<LI><a href="#[2539968]">&gt;&gt;</a>&nbsp;&nbsp;&nbsp;DS18B20_WriteData
<LI><a href="#[2539a1c]">&gt;&gt;</a>&nbsp;&nbsp;&nbsp;DS18B20_Reset
<LI><a href="#[2539ad0]">&gt;&gt;</a>&nbsp;&nbsp;&nbsp;DS18B20_ReadData
</UL>
<BR>[Called By]<UL><LI><a href="#[2539b84]">&gt;&gt;</a>&nbsp;&nbsp;&nbsp;DS1820main
</UL>

<P><STRONG><a name="[2539a1c]"></a>DS18B20_Reset</STRONG> (Thumb, 94 bytes, Stack size 8 bytes, ds18b20srom.o(i.DS18B20_Reset))
<BR><BR>[Stack]<UL><LI>Max Depth = 40<LI>Call Chain = DS18B20_Reset &rArr; Set18b20IOout &rArr; GPIO_Init
</UL>
<BR>[Calls]<UL><LI><a href="#[2539788]">&gt;&gt;</a>&nbsp;&nbsp;&nbsp;GPIO_ReadInputDataBit
<LI><a href="#[25397c4]">&gt;&gt;</a>&nbsp;&nbsp;&nbsp;Write18b20IO
<LI><a href="#[2539800]">&gt;&gt;</a>&nbsp;&nbsp;&nbsp;Set18b20IOout
<LI><a href="#[253983c]">&gt;&gt;</a>&nbsp;&nbsp;&nbsp;Set18b20IOin
<LI><a href="#[25398b4]">&gt;&gt;</a>&nbsp;&nbsp;&nbsp;Delay_us
</UL>
<BR>[Called By]<UL><LI><a href="#[2537eec]">&gt;&gt;</a>&nbsp;&nbsp;&nbsp;OWReset
<LI><a href="#[2539a94]">&gt;&gt;</a>&nbsp;&nbsp;&nbsp;DS18B20_ReadDesignateTemper
</UL>

<P><STRONG><a name="[25399a4]"></a>DS18B20_WriteBit</STRONG> (Thumb, 48 bytes, Stack size 8 bytes, ds18b20srom.o(i.DS18B20_WriteBit))
<BR><BR>[Stack]<UL><LI>Max Depth = 40<LI>Call Chain = DS18B20_WriteBit &rArr; Set18b20IOout &rArr; GPIO_Init
</UL>
<BR>[Calls]<UL><LI><a href="#[25397c4]">&gt;&gt;</a>&nbsp;&nbsp;&nbsp;Write18b20IO
<LI><a href="#[2539800]">&gt;&gt;</a>&nbsp;&nbsp;&nbsp;Set18b20IOout
<LI><a href="#[25398b4]">&gt;&gt;</a>&nbsp;&nbsp;&nbsp;Delay_us
</UL>
<BR>[Called By]<UL><LI><a href="#[2537e38]">&gt;&gt;</a>&nbsp;&nbsp;&nbsp;OWWriteBit
<LI><a href="#[2539968]">&gt;&gt;</a>&nbsp;&nbsp;&nbsp;DS18B20_WriteData
</UL>

<P><STRONG><a name="[2539968]"></a>DS18B20_WriteData</STRONG> (Thumb, 30 bytes, Stack size 16 bytes, ds18b20srom.o(i.DS18B20_WriteData))
<BR><BR>[Stack]<UL><LI>Max Depth = 56<LI>Call Chain = DS18B20_WriteData &rArr; DS18B20_WriteBit &rArr; Set18b20IOout &rArr; GPIO_Init
</UL>
<BR>[Calls]<UL><LI><a href="#[25399a4]">&gt;&gt;</a>&nbsp;&nbsp;&nbsp;DS18B20_WriteBit
</UL>
<BR>[Called By]<UL><LI><a href="#[2537dfc]">&gt;&gt;</a>&nbsp;&nbsp;&nbsp;OWWriteByte
<LI><a href="#[2539a94]">&gt;&gt;</a>&nbsp;&nbsp;&nbsp;DS18B20_ReadDesignateTemper
</UL>

<P><STRONG><a name="[17b9d1c]"></a>DebugMon_Handler</STRONG> (Thumb, 2 bytes, Stack size 0 bytes, stm32f10x_it.o(i.DebugMon_Handler))
<BR>[Address Reference Count : 1]<UL><LI> startup_stm32f10x_cl.o(RESET)
</UL>
<P><STRONG><a name="[253992c]"></a>Delay_init</STRONG> (Thumb, 46 bytes, Stack size 0 bytes, ds18b20srom.o(i.Delay_init))
<BR><BR>[Called By]<UL><LI><a href="#[2539b84]">&gt;&gt;</a>&nbsp;&nbsp;&nbsp;DS1820main
</UL>

<P><STRONG><a name="[25398b4]"></a>Delay_us</STRONG> (Thumb, 48 bytes, Stack size 0 bytes, ds18b20srom.o(i.Delay_us))
<BR><BR>[Called By]<UL><LI><a href="#[25399a4]">&gt;&gt;</a>&nbsp;&nbsp;&nbsp;DS18B20_WriteBit
<LI><a href="#[2539a1c]">&gt;&gt;</a>&nbsp;&nbsp;&nbsp;DS18B20_Reset
<LI><a href="#[2539a94]">&gt;&gt;</a>&nbsp;&nbsp;&nbsp;DS18B20_ReadDesignateTemper
<LI><a href="#[2539b0c]">&gt;&gt;</a>&nbsp;&nbsp;&nbsp;DS18B20_ReadBit
</UL>

<P><STRONG><a name="[17b9b00]"></a>ETH_DMAClearITPendingBit</STRONG> (Thumb, 6 bytes, Stack size 0 bytes, stm32_eth.o(i.ETH_DMAClearITPendingBit))
<BR><BR>[Called By]<UL><LI><a href="#[17b9ce0]">&gt;&gt;</a>&nbsp;&nbsp;&nbsp;ETH_IRQHandler
</UL>

<P><STRONG><a name="[17b8d2c]"></a>ETH_DMAITConfig</STRONG> (Thumb, 26 bytes, Stack size 0 bytes, stm32_eth.o(i.ETH_DMAITConfig))
<BR><BR>[Called By]<UL><LI><a href="#[17b8ed0]">&gt;&gt;</a>&nbsp;&nbsp;&nbsp;Ethernet_Configuration
</UL>

<P><STRONG><a name="[277cf28]"></a>ETH_DMAReceptionCmd</STRONG> (Thumb, 30 bytes, Stack size 0 bytes, stm32_eth.o(i.ETH_DMAReceptionCmd))
<BR><BR>[Called By]<UL><LI><a href="#[277bb78]">&gt;&gt;</a>&nbsp;&nbsp;&nbsp;ETH_Start
</UL>

<P><STRONG><a name="[277ceec]"></a>ETH_DMARxDescChainInit</STRONG> (Thumb, 72 bytes, Stack size 12 bytes, stm32_eth.o(i.ETH_DMARxDescChainInit))
<BR><BR>[Stack]<UL><LI>Max Depth = 12<LI>Call Chain = ETH_DMARxDescChainInit
</UL>
<BR>[Called By]<UL><LI><a href="#[27b48a4]">&gt;&gt;</a>&nbsp;&nbsp;&nbsp;ETH_TxPkt_ChainMode
<LI><a href="#[27b4d54]">&gt;&gt;</a>&nbsp;&nbsp;&nbsp;low_level_init
</UL>

<P><STRONG><a name="[277ce74]"></a>ETH_DMARxDescReceiveITConfig</STRONG> (Thumb, 22 bytes, Stack size 0 bytes, stm32_eth.o(i.ETH_DMARxDescReceiveITConfig))
<BR><BR>[Called By]<UL><LI><a href="#[27b48a4]">&gt;&gt;</a>&nbsp;&nbsp;&nbsp;ETH_TxPkt_ChainMode
<LI><a href="#[27b4d54]">&gt;&gt;</a>&nbsp;&nbsp;&nbsp;low_level_init
</UL>

<P><STRONG><a name="[277cdc0]"></a>ETH_DMATransmissionCmd</STRONG> (Thumb, 30 bytes, Stack size 0 bytes, stm32_eth.o(i.ETH_DMATransmissionCmd))
<BR><BR>[Called By]<UL><LI><a href="#[277bb78]">&gt;&gt;</a>&nbsp;&nbsp;&nbsp;ETH_Start
</UL>

<P><STRONG><a name="[277cd0c]"></a>ETH_DMATxDescChainInit</STRONG> (Thumb, 66 bytes, Stack size 12 bytes, stm32_eth.o(i.ETH_DMATxDescChainInit))
<BR><BR>[Stack]<UL><LI>Max Depth = 12<LI>Call Chain = ETH_DMATxDescChainInit
</UL>
<BR>[Called By]<UL><LI><a href="#[27b48a4]">&gt;&gt;</a>&nbsp;&nbsp;&nbsp;ETH_TxPkt_ChainMode
<LI><a href="#[27b4d54]">&gt;&gt;</a>&nbsp;&nbsp;&nbsp;low_level_init
</UL>

<P><STRONG><a name="[17b8cf0]"></a>ETH_DeInit</STRONG> (Thumb, 22 bytes, Stack size 8 bytes, stm32_eth.o(i.ETH_DeInit))
<BR><BR>[Stack]<UL><LI>Max Depth = 8<LI>Call Chain = ETH_DeInit
</UL>
<BR>[Calls]<UL><LI><a href="#[25d2ae0]">&gt;&gt;</a>&nbsp;&nbsp;&nbsp;RCC_AHBPeriphResetCmd
</UL>
<BR>[Called By]<UL><LI><a href="#[17b8ed0]">&gt;&gt;</a>&nbsp;&nbsp;&nbsp;Ethernet_Configuration
</UL>

<P><STRONG><a name="[277ca00]"></a>ETH_FlushTransmitFIFO</STRONG> (Thumb, 14 bytes, Stack size 0 bytes, stm32_eth.o(i.ETH_FlushTransmitFIFO))
<BR><BR>[Called By]<UL><LI><a href="#[277bb78]">&gt;&gt;</a>&nbsp;&nbsp;&nbsp;ETH_Start
</UL>

<P><STRONG><a name="[27b491c]"></a>ETH_GetCurrentTxBuffer</STRONG> (Thumb, 8 bytes, Stack size 0 bytes, ethernetif.o(i.ETH_GetCurrentTxBuffer))
<BR><BR>[Called By]<UL><LI><a href="#[27b4cdc]">&gt;&gt;</a>&nbsp;&nbsp;&nbsp;low_level_output
</UL>

<P><STRONG><a name="[277c76c]"></a>ETH_GetDMARxDescFrameLength</STRONG> (Thumb, 10 bytes, Stack size 0 bytes, stm32_eth.o(i.ETH_GetDMARxDescFrameLength))
<BR><BR>[Called By]<UL><LI><a href="#[17b9ac4]">&gt;&gt;</a>&nbsp;&nbsp;&nbsp;ETH_GetRxPktSize
</UL>

<P><STRONG><a name="[17b9ac4]"></a>ETH_GetRxPktSize</STRONG> (Thumb, 66 bytes, Stack size 4 bytes, stm32_eth.o(i.ETH_GetRxPktSize))
<BR><BR>[Stack]<UL><LI>Max Depth = 4<LI>Call Chain = ETH_GetRxPktSize
</UL>
<BR>[Calls]<UL><LI><a href="#[277c76c]">&gt;&gt;</a>&nbsp;&nbsp;&nbsp;ETH_GetDMARxDescFrameLength
</UL>
<BR>[Called By]<UL><LI><a href="#[17b9ce0]">&gt;&gt;</a>&nbsp;&nbsp;&nbsp;ETH_IRQHandler
</UL>

<P><STRONG><a name="[17b8cb4]"></a>ETH_GetSoftwareResetStatus</STRONG> (Thumb, 20 bytes, Stack size 0 bytes, stm32_eth.o(i.ETH_GetSoftwareResetStatus))
<BR><BR>[Called By]<UL><LI><a href="#[17b8ed0]">&gt;&gt;</a>&nbsp;&nbsp;&nbsp;Ethernet_Configuration
</UL>

<P><STRONG><a name="[17b9ce0]"></a>ETH_IRQHandler</STRONG> (Thumb, 32 bytes, Stack size 8 bytes, stm32f10x_it.o(i.ETH_IRQHandler))
<BR><BR>[Stack]<UL><LI>Max Depth = 44<LI>Call Chain = ETH_IRQHandler &rArr; Read_Eth_Packet &rArr; ETH_RxPkt_ChainMode
</UL>
<BR>[Calls]<UL><LI><a href="#[17b9a88]">&gt;&gt;</a>&nbsp;&nbsp;&nbsp;Read_Eth_Packet
<LI><a href="#[17b9ac4]">&gt;&gt;</a>&nbsp;&nbsp;&nbsp;ETH_GetRxPktSize
<LI><a href="#[17b9b00]">&gt;&gt;</a>&nbsp;&nbsp;&nbsp;ETH_DMAClearITPendingBit
</UL>
<BR>[Address Reference Count : 1]<UL><LI> startup_stm32f10x_cl.o(RESET)
</UL>
<P><STRONG><a name="[17b8c78]"></a>ETH_Init</STRONG> (Thumb, 562 bytes, Stack size 56 bytes, stm32_eth.o(i.ETH_Init))
<BR><BR>[Stack]<UL><LI>Max Depth = 80<LI>Call Chain = ETH_Init &rArr; RCC_GetClocksFreq
</UL>
<BR>[Calls]<UL><LI><a href="#[17b8a5c]">&gt;&gt;</a>&nbsp;&nbsp;&nbsp;RCC_GetClocksFreq
<LI><a href="#[277bb00]">&gt;&gt;</a>&nbsp;&nbsp;&nbsp;ETH_WritePHYRegister
<LI><a href="#[277be0c]">&gt;&gt;</a>&nbsp;&nbsp;&nbsp;ETH_ReadPHYRegister
<LI><a href="#[277d234]">&gt;&gt;</a>&nbsp;&nbsp;&nbsp;ETH_Delay
</UL>
<BR>[Called By]<UL><LI><a href="#[17b8ed0]">&gt;&gt;</a>&nbsp;&nbsp;&nbsp;Ethernet_Configuration
</UL>

<P><STRONG><a name="[277c208]"></a>ETH_MACAddressConfig</STRONG> (Thumb, 46 bytes, Stack size 8 bytes, stm32_eth.o(i.ETH_MACAddressConfig))
<BR><BR>[Stack]<UL><LI>Max Depth = 8<LI>Call Chain = ETH_MACAddressConfig
</UL>
<BR>[Called By]<UL><LI><a href="#[17bb2e8]">&gt;&gt;</a>&nbsp;&nbsp;&nbsp;Set_MAC_Address
</UL>

<P><STRONG><a name="[277c0dc]"></a>ETH_MACReceptionCmd</STRONG> (Thumb, 30 bytes, Stack size 0 bytes, stm32_eth.o(i.ETH_MACReceptionCmd))
<BR><BR>[Called By]<UL><LI><a href="#[277bb78]">&gt;&gt;</a>&nbsp;&nbsp;&nbsp;ETH_Start
</UL>

<P><STRONG><a name="[277c0a0]"></a>ETH_MACTransmissionCmd</STRONG> (Thumb, 30 bytes, Stack size 0 bytes, stm32_eth.o(i.ETH_MACTransmissionCmd))
<BR><BR>[Called By]<UL><LI><a href="#[277bb78]">&gt;&gt;</a>&nbsp;&nbsp;&nbsp;ETH_Start
</UL>

<P><STRONG><a name="[277be0c]"></a>ETH_ReadPHYRegister</STRONG> (Thumb, 86 bytes, Stack size 8 bytes, stm32_eth.o(i.ETH_ReadPHYRegister))
<BR><BR>[Stack]<UL><LI>Max Depth = 8<LI>Call Chain = ETH_ReadPHYRegister
</UL>
<BR>[Called By]<UL><LI><a href="#[17b8c78]">&gt;&gt;</a>&nbsp;&nbsp;&nbsp;ETH_Init
</UL>

<P><STRONG><a name="[17bb324]"></a>ETH_Recive_Poll</STRONG> (Thumb, 24 bytes, Stack size 8 bytes, ethernetif.o(i.ETH_Recive_Poll))
<BR><BR>[Stack]<UL><LI>Max Depth = 164<LI>Call Chain = ETH_Recive_Poll &rArr; LwIP_Pkt_Handle &rArr; ethernetif_input &rArr; low_level_input &rArr; pbuf_alloc &rArr; pbuf_free &rArr; mem_free &rArr; plug_holes
</UL>
<BR>[Calls]<UL><LI><a href="#[17bb360]">&gt;&gt;</a>&nbsp;&nbsp;&nbsp;LwIP_Pkt_Handle
</UL>
<BR>[Called By]<UL><LI><a href="#[17bd7f0]">&gt;&gt;</a>&nbsp;&nbsp;&nbsp;LwIP_Periodic_Handle
</UL>

<P><STRONG><a name="[27b48e0]"></a>ETH_RxPkt_ChainMode</STRONG> (Thumb, 150 bytes, Stack size 20 bytes, ethernetif.o(i.ETH_RxPkt_ChainMode))
<BR><BR>[Stack]<UL><LI>Max Depth = 20<LI>Call Chain = ETH_RxPkt_ChainMode
</UL>
<BR>[Called By]<UL><LI><a href="#[17b9a88]">&gt;&gt;</a>&nbsp;&nbsp;&nbsp;Read_Eth_Packet
</UL>

<P><STRONG><a name="[17b8c3c]"></a>ETH_SoftwareReset</STRONG> (Thumb, 14 bytes, Stack size 0 bytes, stm32_eth.o(i.ETH_SoftwareReset))
<BR><BR>[Called By]<UL><LI><a href="#[17b8ed0]">&gt;&gt;</a>&nbsp;&nbsp;&nbsp;Ethernet_Configuration
</UL>

<P><STRONG><a name="[277bb78]"></a>ETH_Start</STRONG> (Thumb, 32 bytes, Stack size 4 bytes, stm32_eth.o(i.ETH_Start))
<BR><BR>[Stack]<UL><LI>Max Depth = 4<LI>Call Chain = ETH_Start
</UL>
<BR>[Calls]<UL><LI><a href="#[277c0a0]">&gt;&gt;</a>&nbsp;&nbsp;&nbsp;ETH_MACTransmissionCmd
<LI><a href="#[277c0dc]">&gt;&gt;</a>&nbsp;&nbsp;&nbsp;ETH_MACReceptionCmd
<LI><a href="#[277ca00]">&gt;&gt;</a>&nbsp;&nbsp;&nbsp;ETH_FlushTransmitFIFO
<LI><a href="#[277cdc0]">&gt;&gt;</a>&nbsp;&nbsp;&nbsp;ETH_DMATransmissionCmd
<LI><a href="#[277cf28]">&gt;&gt;</a>&nbsp;&nbsp;&nbsp;ETH_DMAReceptionCmd
</UL>
<BR>[Called By]<UL><LI><a href="#[27b48a4]">&gt;&gt;</a>&nbsp;&nbsp;&nbsp;ETH_TxPkt_ChainMode
<LI><a href="#[27b4d54]">&gt;&gt;</a>&nbsp;&nbsp;&nbsp;low_level_init
</UL>

<P><STRONG><a name="[17b8c00]"></a>ETH_StructInit</STRONG> (Thumb, 164 bytes, Stack size 0 bytes, stm32_eth.o(i.ETH_StructInit))
<BR><BR>[Called By]<UL><LI><a href="#[17b8ed0]">&gt;&gt;</a>&nbsp;&nbsp;&nbsp;Ethernet_Configuration
</UL>

<P><STRONG><a name="[27b48a4]"></a>ETH_TxPkt_ChainMode</STRONG> (Thumb, 152 bytes, Stack size 16 bytes, ethernetif.o(i.ETH_TxPkt_ChainMode))
<BR><BR>[Stack]<UL><LI>Max Depth = 288<LI>Call Chain = ETH_TxPkt_ChainMode &rArr; Ethernet_Configuration &rArr; ETH_Init &rArr; RCC_GetClocksFreq
</UL>
<BR>[Calls]<UL><LI><a href="#[17b8ed0]">&gt;&gt;</a>&nbsp;&nbsp;&nbsp;Ethernet_Configuration
<LI><a href="#[17bb2e8]">&gt;&gt;</a>&nbsp;&nbsp;&nbsp;Set_MAC_Address
<LI><a href="#[277bb78]">&gt;&gt;</a>&nbsp;&nbsp;&nbsp;ETH_Start
<LI><a href="#[277cd0c]">&gt;&gt;</a>&nbsp;&nbsp;&nbsp;ETH_DMATxDescChainInit
<LI><a href="#[277ce74]">&gt;&gt;</a>&nbsp;&nbsp;&nbsp;ETH_DMARxDescReceiveITConfig
<LI><a href="#[277ceec]">&gt;&gt;</a>&nbsp;&nbsp;&nbsp;ETH_DMARxDescChainInit
</UL>
<BR>[Called By]<UL><LI><a href="#[27b4cdc]">&gt;&gt;</a>&nbsp;&nbsp;&nbsp;low_level_output
</UL>

<P><STRONG><a name="[277bb00]"></a>ETH_WritePHYRegister</STRONG> (Thumb, 84 bytes, Stack size 12 bytes, stm32_eth.o(i.ETH_WritePHYRegister))
<BR><BR>[Stack]<UL><LI>Max Depth = 12<LI>Call Chain = ETH_WritePHYRegister
</UL>
<BR>[Called By]<UL><LI><a href="#[17b8c78]">&gt;&gt;</a>&nbsp;&nbsp;&nbsp;ETH_Init
</UL>

<P><STRONG><a name="[17b8ed0]"></a>Ethernet_Configuration</STRONG> (Thumb, 130 bytes, Stack size 192 bytes, stm32f107.o(i.Ethernet_Configuration))
<BR><BR>[Stack]<UL><LI>Max Depth = 272<LI>Call Chain = Ethernet_Configuration &rArr; ETH_Init &rArr; RCC_GetClocksFreq
</UL>
<BR>[Calls]<UL><LI><a href="#[17b8a20]">&gt;&gt;</a>&nbsp;&nbsp;&nbsp;RCC_MCOConfig
<LI><a href="#[17b8bc4]">&gt;&gt;</a>&nbsp;&nbsp;&nbsp;GPIO_ETH_MediaInterfaceConfig
<LI><a href="#[17b8c00]">&gt;&gt;</a>&nbsp;&nbsp;&nbsp;ETH_StructInit
<LI><a href="#[17b8c3c]">&gt;&gt;</a>&nbsp;&nbsp;&nbsp;ETH_SoftwareReset
<LI><a href="#[17b8c78]">&gt;&gt;</a>&nbsp;&nbsp;&nbsp;ETH_Init
<LI><a href="#[17b8cb4]">&gt;&gt;</a>&nbsp;&nbsp;&nbsp;ETH_GetSoftwareResetStatus
<LI><a href="#[17b8cf0]">&gt;&gt;</a>&nbsp;&nbsp;&nbsp;ETH_DeInit
<LI><a href="#[17b8d2c]">&gt;&gt;</a>&nbsp;&nbsp;&nbsp;ETH_DMAITConfig
</UL>
<BR>[Called By]<UL><LI><a href="#[17bd6c4]">&gt;&gt;</a>&nbsp;&nbsp;&nbsp;System_Setup
<LI><a href="#[27b48a4]">&gt;&gt;</a>&nbsp;&nbsp;&nbsp;ETH_TxPkt_ChainMode
</UL>

<P><STRONG><a name="[17b6734]"></a>FS_Write</STRONG> (Thumb, 80 bytes, Stack size 24 bytes, filesystem.o(i.FS_Write))
<BR><BR>[Stack]<UL><LI>Max Depth = 584<LI>Call Chain = FS_Write &rArr; file_fopen &rArr; fs_findFreeFile &rArr; fs_findFile &rArr; dir_findinDir &rArr; fat_LogicToDiscCluster &rArr; fat_getNextClusterChain &rArr; fat_getNextClusterAddressWBuf &rArr; part_getSect &rArr; ioman_getSector &rArr; ioman_putSectorInCache &rArr; ioman_readSector &rArr; if_readBuf &rArr; sd_readSector &rArr; sd_Command &rArr; if_spiSend
</UL>
<BR>[Calls]<UL><LI><a href="#[17b42a4]">&gt;&gt;</a>&nbsp;&nbsp;&nbsp;file_write
<LI><a href="#[17b4394]">&gt;&gt;</a>&nbsp;&nbsp;&nbsp;file_fopen
<LI><a href="#[17b4574]">&gt;&gt;</a>&nbsp;&nbsp;&nbsp;FileSystemClose
</UL>
<BR>[Called By]<UL><LI><a href="#[17bd46c]">&gt;&gt;</a>&nbsp;&nbsp;&nbsp;TemperatureThread
<LI><a href="#[17bd4a8]">&gt;&gt;</a>&nbsp;&nbsp;&nbsp;TcpTestThread
</UL>

<P><STRONG><a name="[17b4628]"></a>FS_Writehtml</STRONG> (Thumb, 260 bytes, Stack size 16 bytes, filesystem.o(i.FS_Writehtml))
<BR><BR>[Stack]<UL><LI>Max Depth = 576<LI>Call Chain = FS_Writehtml &rArr; file_fopen &rArr; fs_findFreeFile &rArr; fs_findFile &rArr; dir_findinDir &rArr; fat_LogicToDiscCluster &rArr; fat_getNextClusterChain &rArr; fat_getNextClusterAddressWBuf &rArr; part_getSect &rArr; ioman_getSector &rArr; ioman_putSectorInCache &rArr; ioman_readSector &rArr; if_readBuf &rArr; sd_readSector &rArr; sd_Command &rArr; if_spiSend
</UL>
<BR>[Calls]<UL><LI><a href="#[17b431c]">&gt;&gt;</a>&nbsp;&nbsp;&nbsp;file_fwrite
<LI><a href="#[17b4358]">&gt;&gt;</a>&nbsp;&nbsp;&nbsp;file_fread
<LI><a href="#[17b4394]">&gt;&gt;</a>&nbsp;&nbsp;&nbsp;file_fopen
<LI><a href="#[17b44fc]">&gt;&gt;</a>&nbsp;&nbsp;&nbsp;FindFileString
<LI><a href="#[17b4574]">&gt;&gt;</a>&nbsp;&nbsp;&nbsp;FileSystemClose
<LI><a href="#[28d4eac]">&gt;&gt;</a>&nbsp;&nbsp;&nbsp;memcmp
</UL>
<BR>[Called By]<UL><LI><a href="#[17bd46c]">&gt;&gt;</a>&nbsp;&nbsp;&nbsp;TemperatureThread
</UL>

<P><STRONG><a name="[17b45b0]"></a>FileSysteWrite</STRONG> (Thumb, 44 bytes, Stack size 8 bytes, filesystem.o(i.FileSysteWrite))
<BR><BR>[Stack]<UL><LI>Max Depth = 568<LI>Call Chain = FileSysteWrite &rArr; file_fopen &rArr; fs_findFreeFile &rArr; fs_findFile &rArr; dir_findinDir &rArr; fat_LogicToDiscCluster &rArr; fat_getNextClusterChain &rArr; fat_getNextClusterAddressWBuf &rArr; part_getSect &rArr; ioman_getSector &rArr; ioman_putSectorInCache &rArr; ioman_readSector &rArr; if_readBuf &rArr; sd_readSector &rArr; sd_Command &rArr; if_spiSend
</UL>
<BR>[Calls]<UL><LI><a href="#[17b42a4]">&gt;&gt;</a>&nbsp;&nbsp;&nbsp;file_write
<LI><a href="#[17b4394]">&gt;&gt;</a>&nbsp;&nbsp;&nbsp;file_fopen
<LI><a href="#[17b4574]">&gt;&gt;</a>&nbsp;&nbsp;&nbsp;FileSystemClose
</UL>
<BR>[Called By]<UL><LI><a href="#[17bd868]">&gt;&gt;</a>&nbsp;&nbsp;&nbsp;FileSystemThread
</UL>

<P><STRONG><a name="[17b4574]"></a>FileSystemClose</STRONG> (Thumb, 20 bytes, Stack size 16 bytes, filesystem.o(i.FileSystemClose))
<BR><BR>[Stack]<UL><LI>Max Depth = 256<LI>Call Chain = FileSystemClose &rArr; file_fclose &rArr; dir_updateDirectoryEntry &rArr; part_getSect &rArr; ioman_getSector &rArr; ioman_putSectorInCache &rArr; ioman_readSector &rArr; if_readBuf &rArr; sd_readSector &rArr; sd_Command &rArr; if_spiSend
</UL>
<BR>[Calls]<UL><LI><a href="#[17b4268]">&gt;&gt;</a>&nbsp;&nbsp;&nbsp;fs_umount
<LI><a href="#[17b43d0]">&gt;&gt;</a>&nbsp;&nbsp;&nbsp;file_fclose
</UL>
<BR>[Called By]<UL><LI><a href="#[17b45b0]">&gt;&gt;</a>&nbsp;&nbsp;&nbsp;FileSysteWrite
<LI><a href="#[17b4628]">&gt;&gt;</a>&nbsp;&nbsp;&nbsp;FS_Writehtml
<LI><a href="#[17b6734]">&gt;&gt;</a>&nbsp;&nbsp;&nbsp;FS_Write
</UL>

<P><STRONG><a name="[17bd8a4]"></a>FileSystemInit</STRONG> (Thumb, 60 bytes, Stack size 8 bytes, filesystem.o(i.FileSystemInit))
<BR><BR>[Stack]<UL><LI>Max Depth = 488<LI>Call Chain = FileSystemInit &rArr; Http_File_System_Init &rArr; ls_openDir &rArr; fs_findFile &rArr; dir_findinDir &rArr; fat_LogicToDiscCluster &rArr; fat_getNextClusterChain &rArr; fat_getNextClusterAddressWBuf &rArr; part_getSect &rArr; ioman_getSector &rArr; ioman_putSectorInCache &rArr; ioman_readSector &rArr; if_readBuf &rArr; sd_readSector &rArr; sd_Command &rArr; if_spiSend
</UL>
<BR>[Calls]<UL><LI><a href="#[17b41f0]">&gt;&gt;</a>&nbsp;&nbsp;&nbsp;ls_openDir
<LI><a href="#[17b440c]">&gt;&gt;</a>&nbsp;&nbsp;&nbsp;efs_init
<LI><a href="#[17b4448]">&gt;&gt;</a>&nbsp;&nbsp;&nbsp;Http_File_System_Init
</UL>
<BR>[Called By]<UL><LI><a href="#[17bd8e0]">&gt;&gt;</a>&nbsp;&nbsp;&nbsp;main
</UL>

<P><STRONG><a name="[17bd868]"></a>FileSystemThread</STRONG> (Thumb, 8 bytes, Stack size 8 bytes, filesystem.o(i.FileSystemThread))
<BR><BR>[Stack]<UL><LI>Max Depth = 576<LI>Call Chain = FileSystemThread &rArr; FileSysteWrite &rArr; file_fopen &rArr; fs_findFreeFile &rArr; fs_findFile &rArr; dir_findinDir &rArr; fat_LogicToDiscCluster &rArr; fat_getNextClusterChain &rArr; fat_getNextClusterAddressWBuf &rArr; part_getSect &rArr; ioman_getSector &rArr; ioman_putSectorInCache &rArr; ioman_readSector &rArr; if_readBuf &rArr; sd_readSector &rArr; sd_Command &rArr; if_spiSend
</UL>
<BR>[Calls]<UL><LI><a href="#[17b45b0]">&gt;&gt;</a>&nbsp;&nbsp;&nbsp;FileSysteWrite
</UL>
<BR>[Called By]<UL><LI><a href="#[17bd8e0]">&gt;&gt;</a>&nbsp;&nbsp;&nbsp;main
</UL>

<P><STRONG><a name="[17b44fc]"></a>FindFileString</STRONG> (Thumb, 70 bytes, Stack size 24 bytes, filesystem.o(i.FindFileString))
<BR><BR>[Stack]<UL><LI>Max Depth = 416<LI>Call Chain = FindFileString &rArr; file_read &rArr; file_fread &rArr; fat_LogicToDiscCluster &rArr; fat_getNextClusterChain &rArr; fat_getNextClusterAddressWBuf &rArr; part_getSect &rArr; ioman_getSector &rArr; ioman_putSectorInCache &rArr; ioman_readSector &rArr; if_readBuf &rArr; sd_readSector &rArr; sd_Command &rArr; if_spiSend
</UL>
<BR>[Calls]<UL><LI><a href="#[17b42e0]">&gt;&gt;</a>&nbsp;&nbsp;&nbsp;file_read
<LI><a href="#[28d526c]">&gt;&gt;</a>&nbsp;&nbsp;&nbsp;strstr
</UL>
<BR>[Called By]<UL><LI><a href="#[17b4628]">&gt;&gt;</a>&nbsp;&nbsp;&nbsp;FS_Writehtml
</UL>

<P><STRONG><a name="[17b8e94]"></a>GPIO_Configuration</STRONG> (Thumb, 250 bytes, Stack size 8 bytes, stm32f107.o(i.GPIO_Configuration))
<BR><BR>[Stack]<UL><LI>Max Depth = 32<LI>Call Chain = GPIO_Configuration &rArr; GPIO_Init
</UL>
<BR>[Calls]<UL><LI><a href="#[17b8b4c]">&gt;&gt;</a>&nbsp;&nbsp;&nbsp;GPIO_PinRemapConfig
<LI><a href="#[17b8b88]">&gt;&gt;</a>&nbsp;&nbsp;&nbsp;GPIO_Init
</UL>
<BR>[Called By]<UL><LI><a href="#[17bd6c4]">&gt;&gt;</a>&nbsp;&nbsp;&nbsp;System_Setup
</UL>

<P><STRONG><a name="[17b8bc4]"></a>GPIO_ETH_MediaInterfaceConfig</STRONG> (Thumb, 6 bytes, Stack size 0 bytes, stm32f10x_gpio.o(i.GPIO_ETH_MediaInterfaceConfig))
<BR><BR>[Called By]<UL><LI><a href="#[17b8ed0]">&gt;&gt;</a>&nbsp;&nbsp;&nbsp;Ethernet_Configuration
</UL>

<P><STRONG><a name="[17b8b88]"></a>GPIO_Init</STRONG> (Thumb, 272 bytes, Stack size 24 bytes, stm32f10x_gpio.o(i.GPIO_Init))
<BR><BR>[Stack]<UL><LI>Max Depth = 24<LI>Call Chain = GPIO_Init
</UL>
<BR>[Called By]<UL><LI><a href="#[17b8e94]">&gt;&gt;</a>&nbsp;&nbsp;&nbsp;GPIO_Configuration
<LI><a href="#[2539800]">&gt;&gt;</a>&nbsp;&nbsp;&nbsp;Set18b20IOout
<LI><a href="#[253983c]">&gt;&gt;</a>&nbsp;&nbsp;&nbsp;Set18b20IOin
<LI><a href="#[2539878]">&gt;&gt;</a>&nbsp;&nbsp;&nbsp;Init_DS18B20_IO
<LI><a href="#[285c940]">&gt;&gt;</a>&nbsp;&nbsp;&nbsp;SPI_Config
</UL>

<P><STRONG><a name="[17b8b4c]"></a>GPIO_PinRemapConfig</STRONG> (Thumb, 104 bytes, Stack size 20 bytes, stm32f10x_gpio.o(i.GPIO_PinRemapConfig))
<BR><BR>[Stack]<UL><LI>Max Depth = 20<LI>Call Chain = GPIO_PinRemapConfig
</UL>
<BR>[Called By]<UL><LI><a href="#[17b8e94]">&gt;&gt;</a>&nbsp;&nbsp;&nbsp;GPIO_Configuration
</UL>

<P><STRONG><a name="[2539788]"></a>GPIO_ReadInputDataBit</STRONG> (Thumb, 18 bytes, Stack size 0 bytes, stm32f10x_gpio.o(i.GPIO_ReadInputDataBit))
<BR><BR>[Called By]<UL><LI><a href="#[2539a1c]">&gt;&gt;</a>&nbsp;&nbsp;&nbsp;DS18B20_Reset
<LI><a href="#[2539b0c]">&gt;&gt;</a>&nbsp;&nbsp;&nbsp;DS18B20_ReadBit
</UL>

<P><STRONG><a name="[253974c]"></a>GPIO_ResetBits</STRONG> (Thumb, 4 bytes, Stack size 0 bytes, stm32f10x_gpio.o(i.GPIO_ResetBits))
<BR><BR>[Called By]<UL><LI><a href="#[25397c4]">&gt;&gt;</a>&nbsp;&nbsp;&nbsp;Write18b20IO
<LI><a href="#[285d534]">&gt;&gt;</a>&nbsp;&nbsp;&nbsp;if_spiSend
</UL>

<P><STRONG><a name="[2539710]"></a>GPIO_SetBits</STRONG> (Thumb, 4 bytes, Stack size 0 bytes, stm32f10x_gpio.o(i.GPIO_SetBits))
<BR><BR>[Called By]<UL><LI><a href="#[25397c4]">&gt;&gt;</a>&nbsp;&nbsp;&nbsp;Write18b20IO
<LI><a href="#[285c79c]">&gt;&gt;</a>&nbsp;&nbsp;&nbsp;if_spiInit
<LI><a href="#[285d534]">&gt;&gt;</a>&nbsp;&nbsp;&nbsp;if_spiSend
</UL>

<P><STRONG><a name="[25396d4]"></a>GetRomAddr</STRONG> (Thumb, 4 bytes, Stack size 0 bytes, ds18b20sech.o(i.GetRomAddr))
<BR><BR>[Called By]<UL><LI><a href="#[2539b84]">&gt;&gt;</a>&nbsp;&nbsp;&nbsp;DS1820main
</UL>

<P><STRONG><a name="[17b66f8]"></a>Getmeminf</STRONG> (Thumb, 264 bytes, Stack size 24 bytes, mem.o(i.Getmeminf))
<BR><BR>[Stack]<UL><LI>Max Depth = 48<LI>Call Chain = Getmeminf &rArr; __2sprintf
</UL>
<BR>[Calls]<UL><LI><a href="#[28cee1c]">&gt;&gt;</a>&nbsp;&nbsp;&nbsp;__2sprintf
<LI><a href="#[28d562c]">&gt;&gt;</a>&nbsp;&nbsp;&nbsp;__aeabi_memcpy
</UL>
<BR>[Called By]<UL><LI><a href="#[17b67e8]">&gt;&gt;</a>&nbsp;&nbsp;&nbsp;tcp_client_reciver
</UL>

<P><STRONG><a name="[17b9ca4]"></a>HardFault_Handler</STRONG> (Thumb, 10 bytes, Stack size 8 bytes, stm32f10x_it.o(i.HardFault_Handler))
<BR><BR>[Stack]<UL><LI>Max Depth = 8<LI>Call Chain = HardFault_Handler
</UL>
<BR>[Calls]<UL><LI><a href="#[17b9d94]">&gt;&gt;</a>&nbsp;&nbsp;&nbsp;wait
</UL>
<BR>[Address Reference Count : 1]<UL><LI> startup_stm32f10x_cl.o(RESET)
</UL>
<P><STRONG><a name="[17b4448]"></a>Http_File_System_Init</STRONG> (Thumb, 30 bytes, Stack size 8 bytes, httpd.o(i.Http_File_System_Init))
<BR><BR>[Stack]<UL><LI>Max Depth = 480<LI>Call Chain = Http_File_System_Init &rArr; ls_openDir &rArr; fs_findFile &rArr; dir_findinDir &rArr; fat_LogicToDiscCluster &rArr; fat_getNextClusterChain &rArr; fat_getNextClusterAddressWBuf &rArr; part_getSect &rArr; ioman_getSector &rArr; ioman_putSectorInCache &rArr; ioman_readSector &rArr; if_readBuf &rArr; sd_readSector &rArr; sd_Command &rArr; if_spiSend
</UL>
<BR>[Calls]<UL><LI><a href="#[17b41f0]">&gt;&gt;</a>&nbsp;&nbsp;&nbsp;ls_openDir
<LI><a href="#[17b440c]">&gt;&gt;</a>&nbsp;&nbsp;&nbsp;efs_init
</UL>
<BR>[Called By]<UL><LI><a href="#[17bd8a4]">&gt;&gt;</a>&nbsp;&nbsp;&nbsp;FileSystemInit
</UL>

<P><STRONG><a name="[17bd994]"></a>InitTIM</STRONG> (Thumb, 154 bytes, Stack size 24 bytes, main.o(i.InitTIM))
<BR><BR>[Stack]<UL><LI>Max Depth = 40<LI>Call Chain = InitTIM &rArr; NVIC_Init
</UL>
<BR>[Calls]<UL><LI><a href="#[17bd4e4]">&gt;&gt;</a>&nbsp;&nbsp;&nbsp;TIM_TimeBaseInit
<LI><a href="#[17bd520]">&gt;&gt;</a>&nbsp;&nbsp;&nbsp;TIM_SetCounter
<LI><a href="#[17bd55c]">&gt;&gt;</a>&nbsp;&nbsp;&nbsp;TIM_ITConfig
<LI><a href="#[17bd5d4]">&gt;&gt;</a>&nbsp;&nbsp;&nbsp;TIM_Cmd
<LI><a href="#[17bd610]">&gt;&gt;</a>&nbsp;&nbsp;&nbsp;TIM_ClearITPendingBit
<LI><a href="#[17bd688]">&gt;&gt;</a>&nbsp;&nbsp;&nbsp;TIM_ARRPreloadConfig
<LI><a href="#[17bd73c]">&gt;&gt;</a>&nbsp;&nbsp;&nbsp;RCC_APB1PeriphClockCmd
<LI><a href="#[17bd778]">&gt;&gt;</a>&nbsp;&nbsp;&nbsp;NVIC_PriorityGroupConfig
<LI><a href="#[17bd7b4]">&gt;&gt;</a>&nbsp;&nbsp;&nbsp;NVIC_Init
</UL>
<BR>[Called By]<UL><LI><a href="#[17bd8e0]">&gt;&gt;</a>&nbsp;&nbsp;&nbsp;main
</UL>

<P><STRONG><a name="[2539878]"></a>Init_DS18B20_IO</STRONG> (Thumb, 36 bytes, Stack size 8 bytes, ds18b20srom.o(i.Init_DS18B20_IO))
<BR><BR>[Stack]<UL><LI>Max Depth = 32<LI>Call Chain = Init_DS18B20_IO &rArr; GPIO_Init
</UL>
<BR>[Calls]<UL><LI><a href="#[17b8a98]">&gt;&gt;</a>&nbsp;&nbsp;&nbsp;RCC_APB2PeriphClockCmd
<LI><a href="#[17b8b88]">&gt;&gt;</a>&nbsp;&nbsp;&nbsp;GPIO_Init
</UL>
<BR>[Called By]<UL><LI><a href="#[2539b84]">&gt;&gt;</a>&nbsp;&nbsp;&nbsp;DS1820main
</UL>

<P><STRONG><a name="[17bd82c]"></a>LwIP_Init</STRONG> (Thumb, 70 bytes, Stack size 32 bytes, netconf.o(i.LwIP_Init))
<BR><BR>[Stack]<UL><LI>Max Depth = 540<LI>Call Chain = LwIP_Init &rArr; netif_add &rArr; netif_set_addr &rArr; netif_set_ipaddr &rArr; tcp_abort &rArr; tcp_abandon &rArr; tcp_pcb_remove &rArr; tcp_output &rArr; tcp_output_segment &rArr; ip_output &rArr; ip_output_if &rArr; ip_frag &rArr; pbuf_alloc &rArr; pbuf_free &rArr; mem_free &rArr; plug_holes
</UL>
<BR>[Calls]<UL><LI><a href="#[17bb090]">&gt;&gt;</a>&nbsp;&nbsp;&nbsp;netif_set_up
<LI><a href="#[17bb0cc]">&gt;&gt;</a>&nbsp;&nbsp;&nbsp;netif_set_default
<LI><a href="#[17bb108]">&gt;&gt;</a>&nbsp;&nbsp;&nbsp;netif_add
<LI><a href="#[17bb144]">&gt;&gt;</a>&nbsp;&nbsp;&nbsp;memp_init
<LI><a href="#[17bb180]">&gt;&gt;</a>&nbsp;&nbsp;&nbsp;mem_init
<LI><a href="#[17bb2e8]">&gt;&gt;</a>&nbsp;&nbsp;&nbsp;Set_MAC_Address
</UL>
<BR>[Called By]<UL><LI><a href="#[17bd8e0]">&gt;&gt;</a>&nbsp;&nbsp;&nbsp;main
</UL>

<P><STRONG><a name="[17bd7f0]"></a>LwIP_Periodic_Handle</STRONG> (Thumb, 54 bytes, Stack size 8 bytes, netconf.o(i.LwIP_Periodic_Handle))
<BR><BR>[Stack]<UL><LI>Max Depth = 932<LI>Call Chain = LwIP_Periodic_Handle &rArr; TftpTrm250ms &rArr; tftp_send_error_message &rArr; tftp_send_message &rArr; udp_sendto &rArr; udp_sendto_if &rArr; ip_output_if &rArr; ip_frag &rArr; pbuf_alloc &rArr; pbuf_free &rArr; mem_free &rArr; plug_holes
</UL>
<BR>[Calls]<UL><LI><a href="#[17bb054]">&gt;&gt;</a>&nbsp;&nbsp;&nbsp;tcp_tmr
<LI><a href="#[17bb270]">&gt;&gt;</a>&nbsp;&nbsp;&nbsp;etharp_tmr
<LI><a href="#[17bb2ac]">&gt;&gt;</a>&nbsp;&nbsp;&nbsp;TftpTrm250ms
<LI><a href="#[17bb324]">&gt;&gt;</a>&nbsp;&nbsp;&nbsp;ETH_Recive_Poll
</UL>
<BR>[Called By]<UL><LI><a href="#[17bd8e0]">&gt;&gt;</a>&nbsp;&nbsp;&nbsp;main
</UL>

<P><STRONG><a name="[17bb360]"></a>LwIP_Pkt_Handle</STRONG> (Thumb, 10 bytes, Stack size 8 bytes, netconf.o(i.LwIP_Pkt_Handle))
<BR><BR>[Stack]<UL><LI>Max Depth = 156<LI>Call Chain = LwIP_Pkt_Handle &rArr; ethernetif_input &rArr; low_level_input &rArr; pbuf_alloc &rArr; pbuf_free &rArr; mem_free &rArr; plug_holes
</UL>
<BR>[Calls]<UL><LI><a href="#[17bb1bc]">&gt;&gt;</a>&nbsp;&nbsp;&nbsp;ethernetif_input
</UL>
<BR>[Called By]<UL><LI><a href="#[17bb324]">&gt;&gt;</a>&nbsp;&nbsp;&nbsp;ETH_Recive_Poll
</UL>

<P><STRONG><a name="[17b9c68]"></a>MemManage_Handler</STRONG> (Thumb, 4 bytes, Stack size 0 bytes, stm32f10x_it.o(i.MemManage_Handler))
<BR>[Address Reference Count : 1]<UL><LI> startup_stm32f10x_cl.o(RESET)
</UL>
<P><STRONG><a name="[17b9c2c]"></a>NMI_Handler</STRONG> (Thumb, 2 bytes, Stack size 0 bytes, stm32f10x_it.o(i.NMI_Handler))
<BR>[Address Reference Count : 1]<UL><LI> startup_stm32f10x_cl.o(RESET)
</UL>
<P><STRONG><a name="[17b8e58]"></a>NVIC_Configuration</STRONG> (Thumb, 52 bytes, Stack size 8 bytes, stm32f107.o(i.NVIC_Configuration))
<BR><BR>[Stack]<UL><LI>Max Depth = 24<LI>Call Chain = NVIC_Configuration &rArr; NVIC_Init
</UL>
<BR>[Calls]<UL><LI><a href="#[17b8b10]">&gt;&gt;</a>&nbsp;&nbsp;&nbsp;NVIC_SetVectorTable
<LI><a href="#[17bd778]">&gt;&gt;</a>&nbsp;&nbsp;&nbsp;NVIC_PriorityGroupConfig
<LI><a href="#[17bd7b4]">&gt;&gt;</a>&nbsp;&nbsp;&nbsp;NVIC_Init
</UL>
<BR>[Called By]<UL><LI><a href="#[17bd6c4]">&gt;&gt;</a>&nbsp;&nbsp;&nbsp;System_Setup
</UL>

<P><STRONG><a name="[17bd7b4]"></a>NVIC_Init</STRONG> (Thumb, 118 bytes, Stack size 16 bytes, misc.o(i.NVIC_Init))
<BR><BR>[Stack]<UL><LI>Max Depth = 16<LI>Call Chain = NVIC_Init
</UL>
<BR>[Called By]<UL><LI><a href="#[17b8e58]">&gt;&gt;</a>&nbsp;&nbsp;&nbsp;NVIC_Configuration
<LI><a href="#[17bd994]">&gt;&gt;</a>&nbsp;&nbsp;&nbsp;InitTIM
</UL>

<P><STRONG><a name="[17bd778]"></a>NVIC_PriorityGroupConfig</STRONG> (Thumb, 10 bytes, Stack size 0 bytes, misc.o(i.NVIC_PriorityGroupConfig))
<BR><BR>[Called By]<UL><LI><a href="#[17b8e58]">&gt;&gt;</a>&nbsp;&nbsp;&nbsp;NVIC_Configuration
<LI><a href="#[17bd994]">&gt;&gt;</a>&nbsp;&nbsp;&nbsp;InitTIM
</UL>

<P><STRONG><a name="[17b8b10]"></a>NVIC_SetVectorTable</STRONG> (Thumb, 12 bytes, Stack size 0 bytes, misc.o(i.NVIC_SetVectorTable))
<BR><BR>[Called By]<UL><LI><a href="#[17b8e58]">&gt;&gt;</a>&nbsp;&nbsp;&nbsp;NVIC_Configuration
</UL>

<P><STRONG><a name="[2539698]"></a>OWFirst</STRONG> (Thumb, 22 bytes, Stack size 8 bytes, ds18b20sech.o(i.OWFirst))
<BR><BR>[Stack]<UL><LI>Max Depth = 112<LI>Call Chain = OWFirst &rArr; OWSearch &rArr; OWWriteByte &rArr; DS18B20_WriteData &rArr; DS18B20_WriteBit &rArr; Set18b20IOout &rArr; GPIO_Init
</UL>
<BR>[Calls]<UL><LI><a href="#[253965c]">&gt;&gt;</a>&nbsp;&nbsp;&nbsp;OWSearch
</UL>
<BR>[Called By]<UL><LI><a href="#[2539b84]">&gt;&gt;</a>&nbsp;&nbsp;&nbsp;DS1820main
</UL>

<P><STRONG><a name="[2537f28]"></a>OWReadBit</STRONG> (Thumb, 8 bytes, Stack size 8 bytes, ds18b20sech.o(i.OWReadBit))
<BR><BR>[Stack]<UL><LI>Max Depth = 48<LI>Call Chain = OWReadBit &rArr; DS18B20_ReadBit &rArr; Set18b20IOout &rArr; GPIO_Init
</UL>
<BR>[Calls]<UL><LI><a href="#[2539b0c]">&gt;&gt;</a>&nbsp;&nbsp;&nbsp;DS18B20_ReadBit
</UL>
<BR>[Called By]<UL><LI><a href="#[253965c]">&gt;&gt;</a>&nbsp;&nbsp;&nbsp;OWSearch
</UL>

<P><STRONG><a name="[2537eec]"></a>OWReset</STRONG> (Thumb, 8 bytes, Stack size 8 bytes, ds18b20sech.o(i.OWReset))
<BR><BR>[Stack]<UL><LI>Max Depth = 48<LI>Call Chain = OWReset &rArr; DS18B20_Reset &rArr; Set18b20IOout &rArr; GPIO_Init
</UL>
<BR>[Calls]<UL><LI><a href="#[2539a1c]">&gt;&gt;</a>&nbsp;&nbsp;&nbsp;DS18B20_Reset
</UL>
<BR>[Called By]<UL><LI><a href="#[253965c]">&gt;&gt;</a>&nbsp;&nbsp;&nbsp;OWSearch
</UL>

<P><STRONG><a name="[253965c]"></a>OWSearch</STRONG> (Thumb, 292 bytes, Stack size 40 bytes, ds18b20sech.o(i.OWSearch))
<BR><BR>[Stack]<UL><LI>Max Depth = 104<LI>Call Chain = OWSearch &rArr; OWWriteByte &rArr; DS18B20_WriteData &rArr; DS18B20_WriteBit &rArr; Set18b20IOout &rArr; GPIO_Init
</UL>
<BR>[Calls]<UL><LI><a href="#[2537dc0]">&gt;&gt;</a>&nbsp;&nbsp;&nbsp;docrc8
<LI><a href="#[2537dfc]">&gt;&gt;</a>&nbsp;&nbsp;&nbsp;OWWriteByte
<LI><a href="#[2537e38]">&gt;&gt;</a>&nbsp;&nbsp;&nbsp;OWWriteBit
<LI><a href="#[2537eec]">&gt;&gt;</a>&nbsp;&nbsp;&nbsp;OWReset
<LI><a href="#[2537f28]">&gt;&gt;</a>&nbsp;&nbsp;&nbsp;OWReadBit
</UL>
<BR>[Called By]<UL><LI><a href="#[2539698]">&gt;&gt;</a>&nbsp;&nbsp;&nbsp;OWFirst
<LI><a href="#[2539b84]">&gt;&gt;</a>&nbsp;&nbsp;&nbsp;DS1820main
</UL>

<P><STRONG><a name="[2537e38]"></a>OWWriteBit</STRONG> (Thumb, 12 bytes, Stack size 8 bytes, ds18b20sech.o(i.OWWriteBit))
<BR><BR>[Stack]<UL><LI>Max Depth = 48<LI>Call Chain = OWWriteBit &rArr; DS18B20_WriteBit &rArr; Set18b20IOout &rArr; GPIO_Init
</UL>
<BR>[Calls]<UL><LI><a href="#[25399a4]">&gt;&gt;</a>&nbsp;&nbsp;&nbsp;DS18B20_WriteBit
</UL>
<BR>[Called By]<UL><LI><a href="#[253965c]">&gt;&gt;</a>&nbsp;&nbsp;&nbsp;OWSearch
</UL>

<P><STRONG><a name="[2537dfc]"></a>OWWriteByte</STRONG> (Thumb, 12 bytes, Stack size 8 bytes, ds18b20sech.o(i.OWWriteByte))
<BR><BR>[Stack]<UL><LI>Max Depth = 64<LI>Call Chain = OWWriteByte &rArr; DS18B20_WriteData &rArr; DS18B20_WriteBit &rArr; Set18b20IOout &rArr; GPIO_Init
</UL>
<BR>[Calls]<UL><LI><a href="#[2539968]">&gt;&gt;</a>&nbsp;&nbsp;&nbsp;DS18B20_WriteData
</UL>
<BR>[Called By]<UL><LI><a href="#[253965c]">&gt;&gt;</a>&nbsp;&nbsp;&nbsp;OWSearch
</UL>

<P><STRONG><a name="[17b9bf0]"></a>PendSV_Handler</STRONG> (Thumb, 2 bytes, Stack size 0 bytes, stm32f10x_it.o(i.PendSV_Handler))
<BR>[Address Reference Count : 1]<UL><LI> startup_stm32f10x_cl.o(RESET)
</UL>
<P><STRONG><a name="[17b8ad4]"></a>RCC_AHBPeriphClockCmd</STRONG> (Thumb, 26 bytes, Stack size 0 bytes, stm32f10x_rcc.o(i.RCC_AHBPeriphClockCmd))
<BR><BR>[Called By]<UL><LI><a href="#[17bd6c4]">&gt;&gt;</a>&nbsp;&nbsp;&nbsp;System_Setup
</UL>

<P><STRONG><a name="[25d2ae0]"></a>RCC_AHBPeriphResetCmd</STRONG> (Thumb, 26 bytes, Stack size 0 bytes, stm32f10x_rcc.o(i.RCC_AHBPeriphResetCmd))
<BR><BR>[Called By]<UL><LI><a href="#[17b8cf0]">&gt;&gt;</a>&nbsp;&nbsp;&nbsp;ETH_DeInit
</UL>

<P><STRONG><a name="[17bd73c]"></a>RCC_APB1PeriphClockCmd</STRONG> (Thumb, 26 bytes, Stack size 0 bytes, stm32f10x_rcc.o(i.RCC_APB1PeriphClockCmd))
<BR><BR>[Called By]<UL><LI><a href="#[17bd6c4]">&gt;&gt;</a>&nbsp;&nbsp;&nbsp;System_Setup
<LI><a href="#[17bd994]">&gt;&gt;</a>&nbsp;&nbsp;&nbsp;InitTIM
</UL>

<P><STRONG><a name="[17b8a98]"></a>RCC_APB2PeriphClockCmd</STRONG> (Thumb, 26 bytes, Stack size 0 bytes, stm32f10x_rcc.o(i.RCC_APB2PeriphClockCmd))
<BR><BR>[Called By]<UL><LI><a href="#[17bd6c4]">&gt;&gt;</a>&nbsp;&nbsp;&nbsp;System_Setup
<LI><a href="#[2539800]">&gt;&gt;</a>&nbsp;&nbsp;&nbsp;Set18b20IOout
<LI><a href="#[253983c]">&gt;&gt;</a>&nbsp;&nbsp;&nbsp;Set18b20IOin
<LI><a href="#[2539878]">&gt;&gt;</a>&nbsp;&nbsp;&nbsp;Init_DS18B20_IO
<LI><a href="#[285c940]">&gt;&gt;</a>&nbsp;&nbsp;&nbsp;SPI_Config
</UL>

<P><STRONG><a name="[17b8a5c]"></a>RCC_GetClocksFreq</STRONG> (Thumb, 378 bytes, Stack size 24 bytes, stm32f10x_rcc.o(i.RCC_GetClocksFreq))
<BR><BR>[Stack]<UL><LI>Max Depth = 24<LI>Call Chain = RCC_GetClocksFreq
</UL>
<BR>[Called By]<UL><LI><a href="#[17b8c78]">&gt;&gt;</a>&nbsp;&nbsp;&nbsp;ETH_Init
<LI><a href="#[17bd6c4]">&gt;&gt;</a>&nbsp;&nbsp;&nbsp;System_Setup
</UL>

<P><STRONG><a name="[17b8a20]"></a>RCC_MCOConfig</STRONG> (Thumb, 6 bytes, Stack size 0 bytes, stm32f10x_rcc.o(i.RCC_MCOConfig))
<BR><BR>[Called By]<UL><LI><a href="#[17b8ed0]">&gt;&gt;</a>&nbsp;&nbsp;&nbsp;Ethernet_Configuration
</UL>

<P><STRONG><a name="[17b9a88]"></a>Read_Eth_Packet</STRONG> (Thumb, 72 bytes, Stack size 16 bytes, ethernetif.o(i.Read_Eth_Packet))
<BR><BR>[Stack]<UL><LI>Max Depth = 36<LI>Call Chain = Read_Eth_Packet &rArr; ETH_RxPkt_ChainMode
</UL>
<BR>[Calls]<UL><LI><a href="#[27b48e0]">&gt;&gt;</a>&nbsp;&nbsp;&nbsp;ETH_RxPkt_ChainMode
<LI><a href="#[28d562c]">&gt;&gt;</a>&nbsp;&nbsp;&nbsp;__aeabi_memcpy
</UL>
<BR>[Called By]<UL><LI><a href="#[17b9ce0]">&gt;&gt;</a>&nbsp;&nbsp;&nbsp;ETH_IRQHandler
</UL>

<P><STRONG><a name="[25cb22c]"></a>SPI_Cmd</STRONG> (Thumb, 24 bytes, Stack size 0 bytes, stm32f10x_spi.o(i.SPI_Cmd))
<BR><BR>[Called By]<UL><LI><a href="#[285c940]">&gt;&gt;</a>&nbsp;&nbsp;&nbsp;SPI_Config
</UL>

<P><STRONG><a name="[25cb04c]"></a>SPI_I2S_GetFlagStatus</STRONG> (Thumb, 18 bytes, Stack size 0 bytes, stm32f10x_spi.o(i.SPI_I2S_GetFlagStatus))
<BR><BR>[Called By]<UL><LI><a href="#[285c904]">&gt;&gt;</a>&nbsp;&nbsp;&nbsp;my_if_spiSend
<LI><a href="#[285d534]">&gt;&gt;</a>&nbsp;&nbsp;&nbsp;if_spiSend
</UL>

<P><STRONG><a name="[25caf98]"></a>SPI_I2S_ReceiveData</STRONG> (Thumb, 6 bytes, Stack size 0 bytes, stm32f10x_spi.o(i.SPI_I2S_ReceiveData))
<BR><BR>[Called By]<UL><LI><a href="#[285c904]">&gt;&gt;</a>&nbsp;&nbsp;&nbsp;my_if_spiSend
<LI><a href="#[285d534]">&gt;&gt;</a>&nbsp;&nbsp;&nbsp;if_spiSend
</UL>

<P><STRONG><a name="[25caf5c]"></a>SPI_I2S_SendData</STRONG> (Thumb, 4 bytes, Stack size 0 bytes, stm32f10x_spi.o(i.SPI_I2S_SendData))
<BR><BR>[Called By]<UL><LI><a href="#[285c904]">&gt;&gt;</a>&nbsp;&nbsp;&nbsp;my_if_spiSend
<LI><a href="#[285d534]">&gt;&gt;</a>&nbsp;&nbsp;&nbsp;if_spiSend
</UL>

<P><STRONG><a name="[25caf20]"></a>SPI_Init</STRONG> (Thumb, 60 bytes, Stack size 8 bytes, stm32f10x_spi.o(i.SPI_Init))
<BR><BR>[Stack]<UL><LI>Max Depth = 8<LI>Call Chain = SPI_Init
</UL>
<BR>[Called By]<UL><LI><a href="#[285c940]">&gt;&gt;</a>&nbsp;&nbsp;&nbsp;SPI_Config
</UL>

<P><STRONG><a name="[17b9bb4]"></a>SVC_Handler</STRONG> (Thumb, 2 bytes, Stack size 0 bytes, stm32f10x_it.o(i.SVC_Handler))
<BR>[Address Reference Count : 1]<UL><LI> startup_stm32f10x_cl.o(RESET)
</UL>
<P><STRONG><a name="[17bd700]"></a>SendDataToSever</STRONG> (Thumb, 134 bytes, Stack size 16 bytes, client_tcpudp.o(i.SendDataToSever))
<BR><BR>[Stack]<UL><LI>Max Depth = 428<LI>Call Chain = SendDataToSever &rArr; tcp_close &rArr; tcp_close_shutdown &rArr; tcp_pcb_remove &rArr; tcp_output &rArr; tcp_output_segment &rArr; ip_output &rArr; ip_output_if &rArr; ip_frag &rArr; pbuf_alloc &rArr; pbuf_free &rArr; mem_free &rArr; plug_holes
</UL>
<BR>[Calls]<UL><LI><a href="#[17b620c]">&gt;&gt;</a>&nbsp;&nbsp;&nbsp;tcp_write
<LI><a href="#[17b62c0]">&gt;&gt;</a>&nbsp;&nbsp;&nbsp;tcp_output
<LI><a href="#[17b63ec]">&gt;&gt;</a>&nbsp;&nbsp;&nbsp;tcp_close
<LI><a href="#[28d562c]">&gt;&gt;</a>&nbsp;&nbsp;&nbsp;__aeabi_memcpy
</UL>
<BR>[Called By]<UL><LI><a href="#[17bd8e0]">&gt;&gt;</a>&nbsp;&nbsp;&nbsp;main
</UL>

<P><STRONG><a name="[253983c]"></a>Set18b20IOin</STRONG> (Thumb, 36 bytes, Stack size 8 bytes, ds18b20srom.o(i.Set18b20IOin))
<BR><BR>[Stack]<UL><LI>Max Depth = 32<LI>Call Chain = Set18b20IOin &rArr; GPIO_Init
</UL>
<BR>[Calls]<UL><LI><a href="#[17b8a98]">&gt;&gt;</a>&nbsp;&nbsp;&nbsp;RCC_APB2PeriphClockCmd
<LI><a href="#[17b8b88]">&gt;&gt;</a>&nbsp;&nbsp;&nbsp;GPIO_Init
</UL>
<BR>[Called By]<UL><LI><a href="#[2539a1c]">&gt;&gt;</a>&nbsp;&nbsp;&nbsp;DS18B20_Reset
<LI><a href="#[2539b0c]">&gt;&gt;</a>&nbsp;&nbsp;&nbsp;DS18B20_ReadBit
</UL>

<P><STRONG><a name="[2539800]"></a>Set18b20IOout</STRONG> (Thumb, 36 bytes, Stack size 8 bytes, ds18b20srom.o(i.Set18b20IOout))
<BR><BR>[Stack]<UL><LI>Max Depth = 32<LI>Call Chain = Set18b20IOout &rArr; GPIO_Init
</UL>
<BR>[Calls]<UL><LI><a href="#[17b8a98]">&gt;&gt;</a>&nbsp;&nbsp;&nbsp;RCC_APB2PeriphClockCmd
<LI><a href="#[17b8b88]">&gt;&gt;</a>&nbsp;&nbsp;&nbsp;GPIO_Init
</UL>
<BR>[Called By]<UL><LI><a href="#[25399a4]">&gt;&gt;</a>&nbsp;&nbsp;&nbsp;DS18B20_WriteBit
<LI><a href="#[2539a1c]">&gt;&gt;</a>&nbsp;&nbsp;&nbsp;DS18B20_Reset
<LI><a href="#[2539b0c]">&gt;&gt;</a>&nbsp;&nbsp;&nbsp;DS18B20_ReadBit
</UL>

<P><STRONG><a name="[17bb2e8]"></a>Set_MAC_Address</STRONG> (Thumb, 40 bytes, Stack size 8 bytes, ethernetif.o(i.Set_MAC_Address))
<BR><BR>[Stack]<UL><LI>Max Depth = 16<LI>Call Chain = Set_MAC_Address &rArr; ETH_MACAddressConfig
</UL>
<BR>[Calls]<UL><LI><a href="#[277c208]">&gt;&gt;</a>&nbsp;&nbsp;&nbsp;ETH_MACAddressConfig
</UL>
<BR>[Called By]<UL><LI><a href="#[17bd82c]">&gt;&gt;</a>&nbsp;&nbsp;&nbsp;LwIP_Init
<LI><a href="#[27b48a4]">&gt;&gt;</a>&nbsp;&nbsp;&nbsp;ETH_TxPkt_ChainMode
</UL>

<P><STRONG><a name="[17b9b78]"></a>SysTick_Handler</STRONG> (Thumb, 8 bytes, Stack size 8 bytes, stm32f10x_it.o(i.SysTick_Handler))
<BR><BR>[Stack]<UL><LI>Max Depth = 8<LI>Call Chain = SysTick_Handler
</UL>
<BR>[Calls]<UL><LI><a href="#[17bd91c]">&gt;&gt;</a>&nbsp;&nbsp;&nbsp;Time_Update
</UL>
<BR>[Address Reference Count : 1]<UL><LI> startup_stm32f10x_cl.o(RESET)
</UL>
<P><STRONG><a name="[17b89e4]"></a>SystemInit</STRONG> (Thumb, 84 bytes, Stack size 8 bytes, system_stm32f10x.o(i.SystemInit))
<BR><BR>[Stack]<UL><LI>Max Depth = 24<LI>Call Chain = SystemInit &rArr; SetSysClock &rArr; SetSysClockTo72
</UL>
<BR>[Calls]<UL><LI><a href="#[27b3e90]">&gt;&gt;</a>&nbsp;&nbsp;&nbsp;SetSysClock
</UL>
<BR>[Called By]<UL><LI><a href="#[17bd6c4]">&gt;&gt;</a>&nbsp;&nbsp;&nbsp;System_Setup
</UL>

<P><STRONG><a name="[17bd6c4]"></a>System_Setup</STRONG> (Thumb, 118 bytes, Stack size 32 bytes, stm32f107.o(i.System_Setup))
<BR><BR>[Stack]<UL><LI>Max Depth = 304<LI>Call Chain = System_Setup &rArr; Ethernet_Configuration &rArr; ETH_Init &rArr; RCC_GetClocksFreq
</UL>
<BR>[Calls]<UL><LI><a href="#[17b89e4]">&gt;&gt;</a>&nbsp;&nbsp;&nbsp;SystemInit
<LI><a href="#[17b8a5c]">&gt;&gt;</a>&nbsp;&nbsp;&nbsp;RCC_GetClocksFreq
<LI><a href="#[17b8a98]">&gt;&gt;</a>&nbsp;&nbsp;&nbsp;RCC_APB2PeriphClockCmd
<LI><a href="#[17b8ad4]">&gt;&gt;</a>&nbsp;&nbsp;&nbsp;RCC_AHBPeriphClockCmd
<LI><a href="#[17b8e58]">&gt;&gt;</a>&nbsp;&nbsp;&nbsp;NVIC_Configuration
<LI><a href="#[17b8e94]">&gt;&gt;</a>&nbsp;&nbsp;&nbsp;GPIO_Configuration
<LI><a href="#[17b8ed0]">&gt;&gt;</a>&nbsp;&nbsp;&nbsp;Ethernet_Configuration
<LI><a href="#[17b9128]">&gt;&gt;</a>&nbsp;&nbsp;&nbsp;NVIC_SetPriority
<LI><a href="#[17bd73c]">&gt;&gt;</a>&nbsp;&nbsp;&nbsp;RCC_APB1PeriphClockCmd
</UL>
<BR>[Called By]<UL><LI><a href="#[17bd8e0]">&gt;&gt;</a>&nbsp;&nbsp;&nbsp;main
</UL>

<P><STRONG><a name="[17bd958]"></a>TIM2_IRQHandler</STRONG> (Thumb, 40 bytes, Stack size 8 bytes, main.o(i.TIM2_IRQHandler))
<BR><BR>[Stack]<UL><LI>Max Depth = 20<LI>Call Chain = TIM2_IRQHandler &rArr; TIM_GetITStatus
</UL>
<BR>[Calls]<UL><LI><a href="#[17bd598]">&gt;&gt;</a>&nbsp;&nbsp;&nbsp;TIM_GetITStatus
<LI><a href="#[17bd610]">&gt;&gt;</a>&nbsp;&nbsp;&nbsp;TIM_ClearITPendingBit
<LI><a href="#[17bd64c]">&gt;&gt;</a>&nbsp;&nbsp;&nbsp;TIM_ClearFlag
</UL>
<BR>[Address Reference Count : 1]<UL><LI> startup_stm32f10x_cl.o(RESET)
</UL>
<P><STRONG><a name="[17bd688]"></a>TIM_ARRPreloadConfig</STRONG> (Thumb, 24 bytes, Stack size 0 bytes, stm32f10x_tim.o(i.TIM_ARRPreloadConfig))
<BR><BR>[Called By]<UL><LI><a href="#[17bd994]">&gt;&gt;</a>&nbsp;&nbsp;&nbsp;InitTIM
</UL>

<P><STRONG><a name="[17bd64c]"></a>TIM_ClearFlag</STRONG> (Thumb, 6 bytes, Stack size 0 bytes, stm32f10x_tim.o(i.TIM_ClearFlag))
<BR><BR>[Called By]<UL><LI><a href="#[17bd958]">&gt;&gt;</a>&nbsp;&nbsp;&nbsp;TIM2_IRQHandler
</UL>

<P><STRONG><a name="[17bd610]"></a>TIM_ClearITPendingBit</STRONG> (Thumb, 6 bytes, Stack size 0 bytes, stm32f10x_tim.o(i.TIM_ClearITPendingBit))
<BR><BR>[Called By]<UL><LI><a href="#[17bd958]">&gt;&gt;</a>&nbsp;&nbsp;&nbsp;TIM2_IRQHandler
<LI><a href="#[17bd994]">&gt;&gt;</a>&nbsp;&nbsp;&nbsp;InitTIM
</UL>

<P><STRONG><a name="[17bd5d4]"></a>TIM_Cmd</STRONG> (Thumb, 24 bytes, Stack size 0 bytes, stm32f10x_tim.o(i.TIM_Cmd))
<BR><BR>[Called By]<UL><LI><a href="#[17bd994]">&gt;&gt;</a>&nbsp;&nbsp;&nbsp;InitTIM
</UL>

<P><STRONG><a name="[17bd598]"></a>TIM_GetITStatus</STRONG> (Thumb, 34 bytes, Stack size 12 bytes, stm32f10x_tim.o(i.TIM_GetITStatus))
<BR><BR>[Stack]<UL><LI>Max Depth = 12<LI>Call Chain = TIM_GetITStatus
</UL>
<BR>[Called By]<UL><LI><a href="#[17bd958]">&gt;&gt;</a>&nbsp;&nbsp;&nbsp;TIM2_IRQHandler
</UL>

<P><STRONG><a name="[17bd55c]"></a>TIM_ITConfig</STRONG> (Thumb, 24 bytes, Stack size 8 bytes, stm32f10x_tim.o(i.TIM_ITConfig))
<BR><BR>[Stack]<UL><LI>Max Depth = 8<LI>Call Chain = TIM_ITConfig
</UL>
<BR>[Called By]<UL><LI><a href="#[17bd994]">&gt;&gt;</a>&nbsp;&nbsp;&nbsp;InitTIM
</UL>

<P><STRONG><a name="[17bd520]"></a>TIM_SetCounter</STRONG> (Thumb, 4 bytes, Stack size 0 bytes, stm32f10x_tim.o(i.TIM_SetCounter))
<BR><BR>[Called By]<UL><LI><a href="#[17bd994]">&gt;&gt;</a>&nbsp;&nbsp;&nbsp;InitTIM
</UL>

<P><STRONG><a name="[17bd4e4]"></a>TIM_TimeBaseInit</STRONG> (Thumb, 50 bytes, Stack size 0 bytes, stm32f10x_tim.o(i.TIM_TimeBaseInit))
<BR><BR>[Called By]<UL><LI><a href="#[17bd994]">&gt;&gt;</a>&nbsp;&nbsp;&nbsp;InitTIM
</UL>

<P><STRONG><a name="[17bd4a8]"></a>TcpTestThread</STRONG> (Thumb, 68 bytes, Stack size 8 bytes, client_tcpudp.o(i.TcpTestThread))
[...]
<BR><BR>[Stack]<UL><LI>Max Depth = 28<LI>Call Chain = http_state_alloc &rArr; mem_malloc
</UL>
<BR>[Calls]<UL><LI><a href="#[253d1a8]">&gt;&gt;</a>&nbsp;&nbsp;&nbsp;mem_malloc
<LI><a href="#[285a348]">&gt;&gt;</a>&nbsp;&nbsp;&nbsp;http_state_init
</UL>
<BR>[Called By]<UL><LI><a href="#[285a780]">&gt;&gt;</a>&nbsp;&nbsp;&nbsp;http_accept
</UL>

<P><STRONG><a name="[285a3c0]"></a>http_state_eof</STRONG> (Thumb, 34 bytes, Stack size 8 bytes, httpd.o(i.http_state_eof))
<BR><BR>[Stack]<UL><LI>Max Depth = 68<LI>Call Chain = http_state_eof &rArr; pbuf_free &rArr; mem_free &rArr; plug_holes
</UL>
<BR>[Calls]<UL><LI><a href="#[17b6554]">&gt;&gt;</a>&nbsp;&nbsp;&nbsp;pbuf_free
<LI><a href="#[2859e5c]">&gt;&gt;</a>&nbsp;&nbsp;&nbsp;fs_close
</UL>
<BR>[Called By]<UL><LI><a href="#[285a384]">&gt;&gt;</a>&nbsp;&nbsp;&nbsp;http_state_free
</UL>

<P><STRONG><a name="[285a384]"></a>http_state_free</STRONG> (Thumb, 20 bytes, Stack size 8 bytes, httpd.o(i.http_state_free))
<BR><BR>[Stack]<UL><LI>Max Depth = 76<LI>Call Chain = http_state_free &rArr; http_state_eof &rArr; pbuf_free &rArr; mem_free &rArr; plug_holes
</UL>
<BR>[Calls]<UL><LI><a href="#[253d1e4]">&gt;&gt;</a>&nbsp;&nbsp;&nbsp;mem_free
<LI><a href="#[285a3c0]">&gt;&gt;</a>&nbsp;&nbsp;&nbsp;http_state_eof
</UL>
<BR>[Called By]<UL><LI><a href="#[285a654]">&gt;&gt;</a>&nbsp;&nbsp;&nbsp;http_err
<LI><a href="#[285a6cc]">&gt;&gt;</a>&nbsp;&nbsp;&nbsp;http_close_or_abort_conn
</UL>

<P><STRONG><a name="[285a348]"></a>http_state_init</STRONG> (Thumb, 14 bytes, Stack size 8 bytes, httpd.o(i.http_state_init))
<BR><BR>[Stack]<UL><LI>Max Depth = 8<LI>Call Chain = http_state_init
</UL>
<BR>[Calls]<UL><LI><a href="#[28d53d4]">&gt;&gt;</a>&nbsp;&nbsp;&nbsp;__aeabi_memclr4
</UL>
<BR>[Called By]<UL><LI><a href="#[285a3fc]">&gt;&gt;</a>&nbsp;&nbsp;&nbsp;http_state_alloc
</UL>

<P><STRONG><a name="[285a30c]"></a>http_write</STRONG> (Thumb, 238 bytes, Stack size 40 bytes, httpd.o(i.http_write))
<BR><BR>[Stack]<UL><LI>Max Depth = 432<LI>Call Chain = http_write &rArr; file_read &rArr; file_fread &rArr; fat_LogicToDiscCluster &rArr; fat_getNextClusterChain &rArr; fat_getNextClusterAddressWBuf &rArr; part_getSect &rArr; ioman_getSector &rArr; ioman_putSectorInCache &rArr; ioman_readSector &rArr; if_readBuf &rArr; sd_readSector &rArr; sd_Command &rArr; if_spiSend
</UL>
<BR>[Calls]<UL><LI><a href="#[17b42e0]">&gt;&gt;</a>&nbsp;&nbsp;&nbsp;file_read
<LI><a href="#[17b620c]">&gt;&gt;</a>&nbsp;&nbsp;&nbsp;tcp_write
<LI><a href="#[253d1a8]">&gt;&gt;</a>&nbsp;&nbsp;&nbsp;mem_malloc
<LI><a href="#[253d1e4]">&gt;&gt;</a>&nbsp;&nbsp;&nbsp;mem_free
</UL>
<BR>[Called By]<UL><LI><a href="#[285a474]">&gt;&gt;</a>&nbsp;&nbsp;&nbsp;http_send_data_nonssi
</UL>

<P><STRONG><a name="[285a2d0]"></a>httpd_init_addr</STRONG> (Thumb, 88 bytes, Stack size 16 bytes, httpd.o(i.httpd_init_addr))
<BR><BR>[Stack]<UL><LI>Max Depth = 500<LI>Call Chain = httpd_init_addr &rArr; tcp_new &rArr; tcp_alloc &rArr; tcp_kill_prio &rArr; tcp_abort &rArr; tcp_abandon &rArr; tcp_pcb_remove &rArr; tcp_output &rArr; tcp_output_segment &rArr; ip_output &rArr; ip_output_if &rArr; ip_frag &rArr; pbuf_alloc &rArr; pbuf_free &rArr; mem_free &rArr; plug_holes
</UL>
<BR>[Calls]<UL><LI><a href="#[17b62fc]">&gt;&gt;</a>&nbsp;&nbsp;&nbsp;tcp_new
<LI><a href="#[17b6338]">&gt;&gt;</a>&nbsp;&nbsp;&nbsp;tcp_listen_with_backlog
<LI><a href="#[17b6428]">&gt;&gt;</a>&nbsp;&nbsp;&nbsp;tcp_bind
<LI><a href="#[17b6464]">&gt;&gt;</a>&nbsp;&nbsp;&nbsp;tcp_accept
<LI><a href="#[26b56a8]">&gt;&gt;</a>&nbsp;&nbsp;&nbsp;tcp_setprio
<LI><a href="#[26b59b4]">&gt;&gt;</a>&nbsp;&nbsp;&nbsp;tcp_arg
</UL>
<BR>[Called By]<UL><LI><a href="#[17bd3f4]">&gt;&gt;</a>&nbsp;&nbsp;&nbsp;httpd_init
</UL>

<P><STRONG><a name="[285a294]"></a>strnstr</STRONG> (Thumb, 78 bytes, Stack size 24 bytes, httpd.o(i.strnstr))
<BR><BR>[Stack]<UL><LI>Max Depth = 36<LI>Call Chain = strnstr &rArr; strncmp
</UL>
<BR>[Calls]<UL><LI><a href="#[28d4ccc]">&gt;&gt;</a>&nbsp;&nbsp;&nbsp;strncmp
<LI><a href="#[28d508c]">&gt;&gt;</a>&nbsp;&nbsp;&nbsp;strlen
</UL>
<BR>[Called By]<UL><LI><a href="#[285a564]">&gt;&gt;</a>&nbsp;&nbsp;&nbsp;http_parse_request
<LI><a href="#[285a5a0]">&gt;&gt;</a>&nbsp;&nbsp;&nbsp;http_init_file
</UL>

<P><STRONG><a name="[28d6838]"></a>smtp_base64_encode</STRONG> (Thumb, 240 bytes, Stack size 60 bytes, smtp.o(i.smtp_base64_encode))
<BR><BR>[Stack]<UL><LI>Max Depth = 60<LI>Call Chain = smtp_base64_encode
</UL>
<BR>[Called By]<UL><LI><a href="#[28d66d0]">&gt;&gt;</a>&nbsp;&nbsp;&nbsp;smtp_prepare_auth_login_uname
<LI><a href="#[28d670c]">&gt;&gt;</a>&nbsp;&nbsp;&nbsp;smtp_prepare_auth_login_pass
</UL>

<P><STRONG><a name="[28d67fc]"></a>smtp_close</STRONG> (Thumb, 60 bytes, Stack size 24 bytes, smtp.o(i.smtp_close))
<BR><BR>[Stack]<UL><LI>Max Depth = 436<LI>Call Chain = smtp_close &rArr; tcp_close &rArr; tcp_close_shutdown &rArr; tcp_pcb_remove &rArr; tcp_output &rArr; tcp_output_segment &rArr; ip_output &rArr; ip_output_if &rArr; ip_frag &rArr; pbuf_alloc &rArr; pbuf_free &rArr; mem_free &rArr; plug_holes
</UL>
<BR>[Calls]<UL><LI><a href="#[17b63ec]">&gt;&gt;</a>&nbsp;&nbsp;&nbsp;tcp_close
<LI><a href="#[26b59b4]">&gt;&gt;</a>&nbsp;&nbsp;&nbsp;tcp_arg
<LI><a href="#[28d67c0]">&gt;&gt;</a>&nbsp;&nbsp;&nbsp;smtp_free
</UL>
<BR>[Called By]<UL><LI><a href="#[28d63c4]">&gt;&gt;</a>&nbsp;&nbsp;&nbsp;smtp_tcp_recv
<LI><a href="#[28d6478]">&gt;&gt;</a>&nbsp;&nbsp;&nbsp;smtp_tcp_connected
<LI><a href="#[28d652c]">&gt;&gt;</a>&nbsp;&nbsp;&nbsp;smtp_process
</UL>

<P><STRONG><a name="[28d67c0]"></a>smtp_free</STRONG> (Thumb, 56 bytes, Stack size 32 bytes, smtp.o(i.smtp_free))
<BR><BR>[Stack]<UL><LI>Max Depth = 92<LI>Call Chain = smtp_free &rArr; pbuf_free &rArr; mem_free &rArr; plug_holes
</UL>
<BR>[Calls]<UL><LI><a href="#[17b6554]">&gt;&gt;</a>&nbsp;&nbsp;&nbsp;pbuf_free
<LI><a href="#[253d1e4]">&gt;&gt;</a>&nbsp;&nbsp;&nbsp;mem_free
</UL>
<BR>[Called By]<UL><LI><a href="#[28d643c]">&gt;&gt;</a>&nbsp;&nbsp;&nbsp;smtp_tcp_err
<LI><a href="#[28d652c]">&gt;&gt;</a>&nbsp;&nbsp;&nbsp;smtp_process
<LI><a href="#[28d67fc]">&gt;&gt;</a>&nbsp;&nbsp;&nbsp;smtp_close
</UL>

<P><STRONG><a name="[28d6784]"></a>smtp_is_response</STRONG> (Thumb, 72 bytes, Stack size 16 bytes, smtp.o(i.smtp_is_response))
<BR><BR>[Stack]<UL><LI>Max Depth = 88<LI>Call Chain = smtp_is_response &rArr; strtol &rArr; _strtoul
</UL>
<BR>[Calls]<UL><LI><a href="#[2774684]">&gt;&gt;</a>&nbsp;&nbsp;&nbsp;pbuf_copy_partial
<LI><a href="#[28cb348]">&gt;&gt;</a>&nbsp;&nbsp;&nbsp;strtol
</UL>
<BR>[Called By]<UL><LI><a href="#[28d652c]">&gt;&gt;</a>&nbsp;&nbsp;&nbsp;smtp_process
</UL>

<P><STRONG><a name="[28d6748]"></a>smtp_is_response_finished</STRONG> (Thumb, 92 bytes, Stack size 24 bytes, smtp.o(i.smtp_is_response_finished))
<BR><BR>[Stack]<UL><LI>Max Depth = 116<LI>Call Chain = smtp_is_response_finished &rArr; pbuf_memfind &rArr; pbuf_memcmp &rArr; pbuf_get_at
</UL>
<BR>[Calls]<UL><LI><a href="#[2774558]">&gt;&gt;</a>&nbsp;&nbsp;&nbsp;pbuf_memfind
<LI><a href="#[277460c]">&gt;&gt;</a>&nbsp;&nbsp;&nbsp;pbuf_get_at
</UL>
<BR>[Called By]<UL><LI><a href="#[28d652c]">&gt;&gt;</a>&nbsp;&nbsp;&nbsp;smtp_process
</UL>

<P><STRONG><a name="[28d670c]"></a>smtp_prepare_auth_login_pass</STRONG> (Thumb, 94 bytes, Stack size 24 bytes, smtp.o(i.smtp_prepare_auth_login_pass))
<BR><BR>[Stack]<UL><LI>Max Depth = 84<LI>Call Chain = smtp_prepare_auth_login_pass &rArr; smtp_base64_encode
</UL>
<BR>[Calls]<UL><LI><a href="#[28d508c]">&gt;&gt;</a>&nbsp;&nbsp;&nbsp;strlen
<LI><a href="#[28d6838]">&gt;&gt;</a>&nbsp;&nbsp;&nbsp;smtp_base64_encode
</UL>
<BR>[Called By]<UL><LI><a href="#[28d652c]">&gt;&gt;</a>&nbsp;&nbsp;&nbsp;smtp_process
</UL>

<P><STRONG><a name="[28d66d0]"></a>smtp_prepare_auth_login_uname</STRONG> (Thumb, 94 bytes, Stack size 24 bytes, smtp.o(i.smtp_prepare_auth_login_uname))
<BR><BR>[Stack]<UL><LI>Max Depth = 84<LI>Call Chain = smtp_prepare_auth_login_uname &rArr; smtp_base64_encode
</UL>
<BR>[Calls]<UL><LI><a href="#[28d508c]">&gt;&gt;</a>&nbsp;&nbsp;&nbsp;strlen
<LI><a href="#[28d6838]">&gt;&gt;</a>&nbsp;&nbsp;&nbsp;smtp_base64_encode
</UL>
<BR>[Called By]<UL><LI><a href="#[28d652c]">&gt;&gt;</a>&nbsp;&nbsp;&nbsp;smtp_process
</UL>

<P><STRONG><a name="[28d6694]"></a>smtp_prepare_auth_or_mail</STRONG> (Thumb, 156 bytes, Stack size 32 bytes, smtp.o(i.smtp_prepare_auth_or_mail))
<BR><BR>[Stack]<UL><LI>Max Depth = 140<LI>Call Chain = smtp_prepare_auth_or_mail &rArr; pbuf_strstr &rArr; pbuf_memfind &rArr; pbuf_memcmp &rArr; pbuf_get_at
</UL>
<BR>[Calls]<UL><LI><a href="#[27744a4]">&gt;&gt;</a>&nbsp;&nbsp;&nbsp;pbuf_strstr
<LI><a href="#[2774558]">&gt;&gt;</a>&nbsp;&nbsp;&nbsp;pbuf_memfind
<LI><a href="#[2774684]">&gt;&gt;</a>&nbsp;&nbsp;&nbsp;pbuf_copy_partial
<LI><a href="#[28d526c]">&gt;&gt;</a>&nbsp;&nbsp;&nbsp;strstr
<LI><a href="#[28d55f0]">&gt;&gt;</a>&nbsp;&nbsp;&nbsp;__aeabi_memcpy4
<LI><a href="#[28d65e0]">&gt;&gt;</a>&nbsp;&nbsp;&nbsp;smtp_prepare_mail
</UL>
<BR>[Called By]<UL><LI><a href="#[28d652c]">&gt;&gt;</a>&nbsp;&nbsp;&nbsp;smtp_process
</UL>

<P><STRONG><a name="[28d6658]"></a>smtp_prepare_header</STRONG> (Thumb, 150 bytes, Stack size 16 bytes, smtp.o(i.smtp_prepare_header))
<BR><BR>[Stack]<UL><LI>Max Depth = 16<LI>Call Chain = smtp_prepare_header
</UL>
<BR>[Calls]<UL><LI><a href="#[28d562c]">&gt;&gt;</a>&nbsp;&nbsp;&nbsp;__aeabi_memcpy
</UL>
<BR>[Called By]<UL><LI><a href="#[28d652c]">&gt;&gt;</a>&nbsp;&nbsp;&nbsp;smtp_process
</UL>

<P><STRONG><a name="[28d661c]"></a>smtp_prepare_helo</STRONG> (Thumb, 106 bytes, Stack size 24 bytes, smtp.o(i.smtp_prepare_helo))
<BR><BR>[Stack]<UL><LI>Max Depth = 24<LI>Call Chain = smtp_prepare_helo
</UL>
<BR>[Calls]<UL><LI><a href="#[28d508c]">&gt;&gt;</a>&nbsp;&nbsp;&nbsp;strlen
<LI><a href="#[28d55f0]">&gt;&gt;</a>&nbsp;&nbsp;&nbsp;__aeabi_memcpy4
<LI><a href="#[28d562c]">&gt;&gt;</a>&nbsp;&nbsp;&nbsp;__aeabi_memcpy
</UL>
<BR>[Called By]<UL><LI><a href="#[28d652c]">&gt;&gt;</a>&nbsp;&nbsp;&nbsp;smtp_process
</UL>

<P><STRONG><a name="[28d65e0]"></a>smtp_prepare_mail</STRONG> (Thumb, 82 bytes, Stack size 16 bytes, smtp.o(i.smtp_prepare_mail))
<BR><BR>[Stack]<UL><LI>Max Depth = 16<LI>Call Chain = smtp_prepare_mail
</UL>
<BR>[Calls]<UL><LI><a href="#[28d562c]">&gt;&gt;</a>&nbsp;&nbsp;&nbsp;__aeabi_memcpy
</UL>
<BR>[Called By]<UL><LI><a href="#[28d652c]">&gt;&gt;</a>&nbsp;&nbsp;&nbsp;smtp_process
<LI><a href="#[28d6694]">&gt;&gt;</a>&nbsp;&nbsp;&nbsp;smtp_prepare_auth_or_mail
</UL>

<P><STRONG><a name="[28d65a4]"></a>smtp_prepare_quit</STRONG> (Thumb, 44 bytes, Stack size 16 bytes, smtp.o(i.smtp_prepare_quit))
<BR><BR>[Stack]<UL><LI>Max Depth = 16<LI>Call Chain = smtp_prepare_quit
</UL>
<BR>[Calls]<UL><LI><a href="#[28d55f0]">&gt;&gt;</a>&nbsp;&nbsp;&nbsp;__aeabi_memcpy4
</UL>
<BR>[Called By]<UL><LI><a href="#[28d652c]">&gt;&gt;</a>&nbsp;&nbsp;&nbsp;smtp_process
</UL>

<P><STRONG><a name="[28d6568]"></a>smtp_prepare_rcpt</STRONG> (Thumb, 82 bytes, Stack size 16 bytes, smtp.o(i.smtp_prepare_rcpt))
<BR><BR>[Stack]<UL><LI>Max Depth = 16<LI>Call Chain = smtp_prepare_rcpt
</UL>
<BR>[Calls]<UL><LI><a href="#[28d562c]">&gt;&gt;</a>&nbsp;&nbsp;&nbsp;__aeabi_memcpy
</UL>
<BR>[Called By]<UL><LI><a href="#[28d652c]">&gt;&gt;</a>&nbsp;&nbsp;&nbsp;smtp_process
</UL>

<P><STRONG><a name="[28d652c]"></a>smtp_process</STRONG> (Thumb, 506 bytes, Stack size 40 bytes, smtp.o(i.smtp_process))
<BR><BR>[Stack]<UL><LI>Max Depth = 476<LI>Call Chain = smtp_process &rArr; smtp_close &rArr; tcp_close &rArr; tcp_close_shutdown &rArr; tcp_pcb_remove &rArr; tcp_output &rArr; tcp_output_segment &rArr; ip_output &rArr; ip_output_if &rArr; ip_frag &rArr; pbuf_alloc &rArr; pbuf_free &rArr; mem_free &rArr; plug_holes
</UL>
<BR>[Calls]<UL><LI><a href="#[17b620c]">&gt;&gt;</a>&nbsp;&nbsp;&nbsp;tcp_write
<LI><a href="#[17b6554]">&gt;&gt;</a>&nbsp;&nbsp;&nbsp;pbuf_free
<LI><a href="#[26b59b4]">&gt;&gt;</a>&nbsp;&nbsp;&nbsp;tcp_arg
<LI><a href="#[27744a4]">&gt;&gt;</a>&nbsp;&nbsp;&nbsp;pbuf_strstr
<LI><a href="#[27747b0]">&gt;&gt;</a>&nbsp;&nbsp;&nbsp;pbuf_cat
<LI><a href="#[28d55f0]">&gt;&gt;</a>&nbsp;&nbsp;&nbsp;__aeabi_memcpy4
<LI><a href="#[28d64f0]">&gt;&gt;</a>&nbsp;&nbsp;&nbsp;smtp_send_body
<LI><a href="#[28d6568]">&gt;&gt;</a>&nbsp;&nbsp;&nbsp;smtp_prepare_rcpt
<LI><a href="#[28d65a4]">&gt;&gt;</a>&nbsp;&nbsp;&nbsp;smtp_prepare_quit
<LI><a href="#[28d65e0]">&gt;&gt;</a>&nbsp;&nbsp;&nbsp;smtp_prepare_mail
<LI><a href="#[28d661c]">&gt;&gt;</a>&nbsp;&nbsp;&nbsp;smtp_prepare_helo
<LI><a href="#[28d6658]">&gt;&gt;</a>&nbsp;&nbsp;&nbsp;smtp_prepare_header
<LI><a href="#[28d6694]">&gt;&gt;</a>&nbsp;&nbsp;&nbsp;smtp_prepare_auth_or_mail
<LI><a href="#[28d66d0]">&gt;&gt;</a>&nbsp;&nbsp;&nbsp;smtp_prepare_auth_login_uname
<LI><a href="#[28d670c]">&gt;&gt;</a>&nbsp;&nbsp;&nbsp;smtp_prepare_auth_login_pass
<LI><a href="#[28d6748]">&gt;&gt;</a>&nbsp;&nbsp;&nbsp;smtp_is_response_finished
<LI><a href="#[28d6784]">&gt;&gt;</a>&nbsp;&nbsp;&nbsp;smtp_is_response
<LI><a href="#[28d67c0]">&gt;&gt;</a>&nbsp;&nbsp;&nbsp;smtp_free
<LI><a href="#[28d67fc]">&gt;&gt;</a>&nbsp;&nbsp;&nbsp;smtp_close
</UL>
<BR>[Called By]<UL><LI><a href="#[28d6388]">&gt;&gt;</a>&nbsp;&nbsp;&nbsp;smtp_tcp_sent
<LI><a href="#[28d63c4]">&gt;&gt;</a>&nbsp;&nbsp;&nbsp;smtp_tcp_recv
<LI><a href="#[28d6400]">&gt;&gt;</a>&nbsp;&nbsp;&nbsp;smtp_tcp_poll
</UL>

<P><STRONG><a name="[28d64f0]"></a>smtp_send_body</STRONG> (Thumb, 126 bytes, Stack size 24 bytes, smtp.o(i.smtp_send_body))
<BR><BR>[Stack]<UL><LI>Max Depth = 292<LI>Call Chain = smtp_send_body &rArr; tcp_write &rArr; tcp_pbuf_prealloc &rArr; pbuf_alloc &rArr; pbuf_free &rArr; mem_free &rArr; plug_holes
</UL>
<BR>[Calls]<UL><LI><a href="#[17b620c]">&gt;&gt;</a>&nbsp;&nbsp;&nbsp;tcp_write
</UL>
<BR>[Called By]<UL><LI><a href="#[28d652c]">&gt;&gt;</a>&nbsp;&nbsp;&nbsp;smtp_process
</UL>

<P><STRONG><a name="[28d64b4]"></a>smtp_send_mail_alloced</STRONG> (Thumb, 434 bytes, Stack size 24 bytes, smtp.o(i.smtp_send_mail_alloced))
<BR><BR>[Stack]<UL><LI>Max Depth = 508<LI>Call Chain = smtp_send_mail_alloced &rArr; tcp_new &rArr; tcp_alloc &rArr; tcp_kill_prio &rArr; tcp_abort &rArr; tcp_abandon &rArr; tcp_pcb_remove &rArr; tcp_output &rArr; tcp_output_segment &rArr; ip_output &rArr; ip_output_if &rArr; ip_frag &rArr; pbuf_alloc &rArr; pbuf_free &rArr; mem_free &rArr; plug_holes
</UL>
<BR>[Calls]<UL><LI><a href="#[17b6284]">&gt;&gt;</a>&nbsp;&nbsp;&nbsp;tcp_recv
<LI><a href="#[17b62fc]">&gt;&gt;</a>&nbsp;&nbsp;&nbsp;tcp_new
<LI><a href="#[17b6374]">&gt;&gt;</a>&nbsp;&nbsp;&nbsp;tcp_err
<LI><a href="#[17b63b0]">&gt;&gt;</a>&nbsp;&nbsp;&nbsp;tcp_connect
<LI><a href="#[17b63ec]">&gt;&gt;</a>&nbsp;&nbsp;&nbsp;tcp_close
<LI><a href="#[17b6428]">&gt;&gt;</a>&nbsp;&nbsp;&nbsp;tcp_bind
<LI><a href="#[253d1e4]">&gt;&gt;</a>&nbsp;&nbsp;&nbsp;mem_free
<LI><a href="#[26adf98]">&gt;&gt;</a>&nbsp;&nbsp;&nbsp;ipaddr_aton
<LI><a href="#[26b56e4]">&gt;&gt;</a>&nbsp;&nbsp;&nbsp;tcp_sent
<LI><a href="#[26b5810]">&gt;&gt;</a>&nbsp;&nbsp;&nbsp;tcp_poll
<LI><a href="#[26b59b4]">&gt;&gt;</a>&nbsp;&nbsp;&nbsp;tcp_arg
<LI><a href="#[28d562c]">&gt;&gt;</a>&nbsp;&nbsp;&nbsp;__aeabi_memcpy
<LI><a href="#[28d634c]">&gt;&gt;</a>&nbsp;&nbsp;&nbsp;smtp_verify
</UL>
<BR>[Called By]<UL><LI><a href="#[28d60f4]">&gt;&gt;</a>&nbsp;&nbsp;&nbsp;smtp_send_mail
</UL>

<P><STRONG><a name="[28d6478]"></a>smtp_tcp_connected</STRONG> (Thumb, 64 bytes, Stack size 24 bytes, smtp.o(i.smtp_tcp_connected))
<BR><BR>[Stack]<UL><LI>Max Depth = 460<LI>Call Chain = smtp_tcp_connected &rArr; smtp_close &rArr; tcp_close &rArr; tcp_close_shutdown &rArr; tcp_pcb_remove &rArr; tcp_output &rArr; tcp_output_segment &rArr; ip_output &rArr; ip_output_if &rArr; ip_frag &rArr; pbuf_alloc &rArr; pbuf_free &rArr; mem_free &rArr; plug_holes
</UL>
<BR>[Calls]<UL><LI><a href="#[28d67fc]">&gt;&gt;</a>&nbsp;&nbsp;&nbsp;smtp_close
</UL>
<BR>[Address Reference Count : 1]<UL><LI> smtp.o(i.smtp_send_mail_alloced)
</UL>
<P><STRONG><a name="[28d643c]"></a>smtp_tcp_err</STRONG> (Thumb, 22 bytes, Stack size 16 bytes, smtp.o(i.smtp_tcp_err))
<BR><BR>[Stack]<UL><LI>Max Depth = 108<LI>Call Chain = smtp_tcp_err &rArr; smtp_free &rArr; pbuf_free &rArr; mem_free &rArr; plug_holes
</UL>
<BR>[Calls]<UL><LI><a href="#[28d67c0]">&gt;&gt;</a>&nbsp;&nbsp;&nbsp;smtp_free
</UL>
<BR>[Address Reference Count : 1]<UL><LI> smtp.o(i.smtp_send_mail_alloced)
</UL>
<P><STRONG><a name="[28d6400]"></a>smtp_tcp_poll</STRONG> (Thumb, 36 bytes, Stack size 16 bytes, smtp.o(i.smtp_tcp_poll))
<BR><BR>[Stack]<UL><LI>Max Depth = 492<LI>Call Chain = smtp_tcp_poll &rArr; smtp_process &rArr; smtp_close &rArr; tcp_close &rArr; tcp_close_shutdown &rArr; tcp_pcb_remove &rArr; tcp_output &rArr; tcp_output_segment &rArr; ip_output &rArr; ip_output_if &rArr; ip_frag &rArr; pbuf_alloc &rArr; pbuf_free &rArr; mem_free &rArr; plug_holes
</UL>
<BR>[Calls]<UL><LI><a href="#[28d652c]">&gt;&gt;</a>&nbsp;&nbsp;&nbsp;smtp_process
</UL>
<BR>[Address Reference Count : 1]<UL><LI> smtp.o(i.smtp_send_mail_alloced)
</UL>
<P><STRONG><a name="[28d63c4]"></a>smtp_tcp_recv</STRONG> (Thumb, 50 bytes, Stack size 24 bytes, smtp.o(i.smtp_tcp_recv))
<BR><BR>[Stack]<UL><LI>Max Depth = 500<LI>Call Chain = smtp_tcp_recv &rArr; smtp_process &rArr; smtp_close &rArr; tcp_close &rArr; tcp_close_shutdown &rArr; tcp_pcb_remove &rArr; tcp_output &rArr; tcp_output_segment &rArr; ip_output &rArr; ip_output_if &rArr; ip_frag &rArr; pbuf_alloc &rArr; pbuf_free &rArr; mem_free &rArr; plug_holes
</UL>
<BR>[Calls]<UL><LI><a href="#[17b6248]">&gt;&gt;</a>&nbsp;&nbsp;&nbsp;tcp_recved
<LI><a href="#[28d652c]">&gt;&gt;</a>&nbsp;&nbsp;&nbsp;smtp_process
<LI><a href="#[28d67fc]">&gt;&gt;</a>&nbsp;&nbsp;&nbsp;smtp_close
</UL>
<BR>[Address Reference Count : 1]<UL><LI> smtp.o(i.smtp_send_mail_alloced)
</UL>
<P><STRONG><a name="[28d6388]"></a>smtp_tcp_sent</STRONG> (Thumb, 22 bytes, Stack size 16 bytes, smtp.o(i.smtp_tcp_sent))
<BR><BR>[Stack]<UL><LI>Max Depth = 492<LI>Call Chain = smtp_tcp_sent &rArr; smtp_process &rArr; smtp_close &rArr; tcp_close &rArr; tcp_close_shutdown &rArr; tcp_pcb_remove &rArr; tcp_output &rArr; tcp_output_segment &rArr; ip_output &rArr; ip_output_if &rArr; ip_frag &rArr; pbuf_alloc &rArr; pbuf_free &rArr; mem_free &rArr; plug_holes
</UL>
<BR>[Calls]<UL><LI><a href="#[28d652c]">&gt;&gt;</a>&nbsp;&nbsp;&nbsp;smtp_process
</UL>
<BR>[Address Reference Count : 1]<UL><LI> smtp.o(i.smtp_send_mail_alloced)
</UL>
<P><STRONG><a name="[28d634c]"></a>smtp_verify</STRONG> (Thumb, 70 bytes, Stack size 16 bytes, smtp.o(i.smtp_verify))
<BR><BR>[Stack]<UL><LI>Max Depth = 16<LI>Call Chain = smtp_verify
</UL>
<BR>[Called By]<UL><LI><a href="#[28d64b4]">&gt;&gt;</a>&nbsp;&nbsp;&nbsp;smtp_send_mail_alloced
</UL>

<P><STRONG><a name="[28cf1dc]"></a>_printf_core</STRONG> (Thumb, 764 bytes, Stack size 104 bytes, printf6.o(i._printf_core), UNUSED)
<BR><BR>[Calls]<UL><LI><a href="#[28ca8f8]">&gt;&gt;</a>&nbsp;&nbsp;&nbsp;__aeabi_uidivmod
<LI><a href="#[28cf164]">&gt;&gt;</a>&nbsp;&nbsp;&nbsp;_printf_pre_padding
<LI><a href="#[28cf1a0]">&gt;&gt;</a>&nbsp;&nbsp;&nbsp;_printf_post_padding
</UL>
<BR>[Called By]<UL><LI><a href="#[28cee94]">&gt;&gt;</a>&nbsp;&nbsp;&nbsp;__0sprintf$6
</UL>

<P><STRONG><a name="[28cf1a0]"></a>_printf_post_padding</STRONG> (Thumb, 38 bytes, Stack size 24 bytes, printf6.o(i._printf_post_padding), UNUSED)
<BR><BR>[Called By]<UL><LI><a href="#[28cf1dc]">&gt;&gt;</a>&nbsp;&nbsp;&nbsp;_printf_core
</UL>

<P><STRONG><a name="[28cf164]"></a>_printf_pre_padding</STRONG> (Thumb, 46 bytes, Stack size 24 bytes, printf6.o(i._printf_pre_padding), UNUSED)
<BR><BR>[Called By]<UL><LI><a href="#[28cf1dc]">&gt;&gt;</a>&nbsp;&nbsp;&nbsp;_printf_core
</UL>

<P><STRONG><a name="[28cf0ec]"></a>_sputc</STRONG> (Thumb, 10 bytes, Stack size 0 bytes, printf6.o(i._sputc))
<BR><BR>[Called By]<UL><LI><a href="#[28cee94]">&gt;&gt;</a>&nbsp;&nbsp;&nbsp;__0sprintf$6
</UL>
<BR>[Address Reference Count : 1]<UL><LI> printf6.o(i.__0sprintf$6)
</UL><P>
<H3>
Undefined Global Symbols
</H3><HR></body></html>
